Archive member included because of file (symbol)

contiki-z1.a(contiki-z1-plat)
                              obj_z1/contiki-z1-main.o (init_platform)
contiki-z1.a(msp430.o)        obj_z1/contiki-z1-main.o (splhigh_)
contiki-z1.a(leds.o)          obj_z1/contiki-z1-main.o (leds_init)
contiki-z1.a(watchdog.o)      obj_z1/contiki-z1-main.o (watchdog_start)
contiki-z1.a(xmem.o)          obj_z1/contiki-z1-main.o (xmem_init)
contiki-z1.a(spi.o)           contiki-z1.a(xmem.o) (spi_init)
contiki-z1.a(cc2420.o)        nes-channel-selection-coordinator.co (cc2420_on)
contiki-z1.a(cc2420-arch.o)   contiki-z1.a(cc2420.o) (cc2420_arch_init)
contiki-z1.a(node-id.o)       obj_z1/contiki-z1-main.o (node_id_restore)
contiki-z1.a(sensors.o)       contiki-z1.a(contiki-z1-plat) (sensors_process)
contiki-z1.a(uart0.o)         obj_z1/contiki-z1-main.o (uart0_active)
contiki-z1.a(uart0-putchar.o)
                              obj_z1/contiki-z1-main.o (putchar)
contiki-z1.a(z1-sensors.o)    contiki-z1.a(sensors.o) (sensors_flags)
contiki-z1.a(adxl345.o)       obj_z1/contiki-z1-main.o (adxl345)
contiki-z1.a(tmp102.o)        contiki-z1.a(z1-sensors.o) (tmp102)
contiki-z1.a(clock.o)         obj_z1/contiki-z1-main.o (clock_init)
contiki-z1.a(leds-arch.o)     contiki-z1.a(leds.o) (leds_arch_init)
contiki-z1.a(rtimer-arch.o)   obj_z1/contiki-z1-main.o (rtimer_arch_now)
contiki-z1.a(autostart.o)     obj_z1/contiki-z1-main.o (autostart_start)
contiki-z1.a(ctimer.o)        obj_z1/contiki-z1-main.o (ctimer_init)
contiki-z1.a(energest.o)      obj_z1/contiki-z1-main.o (energest_init)
contiki-z1.a(etimer.o)        contiki-z1.a(clock.o) (etimer_request_poll)
contiki-z1.a(process.o)       contiki-z1.a(ctimer.o) (process_current)
contiki-z1.a(rtimer.o)        obj_z1/contiki-z1-main.o (rtimer_init)
contiki-z1.a(timer.o)         contiki-z1.a(adxl345.o) (timer_set)
contiki-z1.a(serial-line.o)   obj_z1/contiki-z1-main.o (serial_line_input_byte)
contiki-z1.a(list.o)          contiki-z1.a(ctimer.o) (list_init)
contiki-z1.a(random.o)        obj_z1/contiki-z1-main.o (random_init)
contiki-z1.a(ringbuf.o)       contiki-z1.a(serial-line.o) (ringbuf_init)
contiki-z1.a(rime.o)          obj_z1/contiki-z1-main.o (rime_driver)
contiki-z1.a(broadcast-annou)
                              contiki-z1.a(rime.o) (broadcast_announcement_init)
contiki-z1.a(abc.o)           contiki-z1.a(rime.o) (abc_input)
contiki-z1.a(chameleon.o)     contiki-z1.a(rime.o) (chameleon_init)
contiki-z1.a(channel.o)       contiki-z1.a(chameleon.o) (channel_init)
contiki-z1.a(broadcast.o)     nes-channel-selection-coordinator.co (broadcast_open)
contiki-z1.a(announcement.o)  contiki-z1.a(rime.o) (announcement_init)
contiki-z1.a(queuebuf.o)      contiki-z1.a(rime.o) (queuebuf_init)
contiki-z1.a(packetbuf.o)     contiki-z1.a(cc2420.o) (packetbuf_set_datalen)
contiki-z1.a(linkaddr.o)      obj_z1/contiki-z1-main.o (linkaddr_copy)
contiki-z1.a(nullmac.o)       nes-channel-selection-coordinator.co (nullmac_driver)
contiki-z1.a(nullrdc.o)       obj_z1/contiki-z1-main.o (nullrdc_driver)
contiki-z1.a(nullsec.o)       contiki-z1.a(rime.o) (nullsec_driver)
contiki-z1.a(i2cmaster.o)     contiki-z1.a(adxl345.o) (i2c_receiveinit)
contiki-z1.a(button-sensor.o)
                              contiki-z1.a(z1-sensors.o) (button_sensor)
contiki-z1.a(memb.o)          contiki-z1.a(queuebuf.o) (memb_init)
contiki-z1.a(chameleon-bitop)
                              contiki-z1.a(chameleon.o) (chameleon_bitopt)
contiki-z1.a(mac.o)           contiki-z1.a(nullrdc.o) (mac_call_sent_callback)
contiki-z1.a(framer-802154.o)
                              contiki-z1.a(nullrdc.o) (framer_802154)
contiki-z1.a(frame802154.o)   contiki-z1.a(framer-802154.o) (frame802154_get_pan_id)
/usr/lib/gcc/msp430/4.6.3/mcpu-430x/mmpy-16/libgcc.a(_udivmod16.o)
                              nes-channel-selection-coordinator.co (__umodhi3)
/usr/lib/gcc/msp430/4.6.3/mcpu-430x/mmpy-16/libgcc.a(_divmod16.o)
                              nes-channel-selection-coordinator.co (__divhi3)
/usr/lib/gcc/msp430/4.6.3/mcpu-430x/mmpy-16/libgcc.a(_udivmod32.o)
                              obj_z1/contiki-z1-main.o (__udivsi3)
/usr/lib/gcc/msp430/4.6.3/../../../../msp430/lib/mcpu-430x/mmpy-16/libc.a(strncmp.o)
                              contiki-z1.a(sensors.o) (strncmp)
/usr/lib/gcc/msp430/4.6.3/../../../../msp430/lib/mcpu-430x/mmpy-16/libc.a(memcmp.o)
                              contiki-z1.a(linkaddr.o) (memcmp)
/usr/lib/gcc/msp430/4.6.3/../../../../msp430/lib/mcpu-430x/mmpy-16/libc.a(memcpy.o)
                              contiki-z1.a(node-id.o) (memcpy)
/usr/lib/gcc/msp430/4.6.3/../../../../msp430/lib/mcpu-430x/mmpy-16/libc.a(memset.o)
                              obj_z1/contiki-z1-main.o (memset)
/usr/lib/gcc/msp430/4.6.3/../../../../msp430/lib/mcpu-430x/mmpy-16/libc.a(printf.o)
                              nes-channel-selection-coordinator.co (printf)
/usr/lib/gcc/msp430/4.6.3/../../../../msp430/lib/mcpu-430x/mmpy-16/libc.a(vuprintf.o)
[...]
Memory Configuration

Name             Origin             Length             Attributes
sfr              0x0000000000000000 0x0000000000000010
peripheral_8bit  0x0000000000000010 0x00000000000000f0
peripheral_16bit 0x0000000000000100 0x0000000000000100
ram_mirror       0x0000000000000200 0x0000000000000800 xw
infomem          0x0000000000001000 0x0000000000000100
infod            0x0000000000001000 0x0000000000000040
infoc            0x0000000000001040 0x0000000000000040
infob            0x0000000000001080 0x0000000000000040
infoa            0x00000000000010c0 0x0000000000000040
ram              0x0000000000001100 0x0000000000002000 xw
rom              0x0000000000003100 0x000000000000cebe xr
vectors          0x000000000000ffc0 0x0000000000000040
far_rom          0x0000000000010000 0x000000000000a000
bsl              0x0000000000000000 0x0000000000000000
ram2             0x0000000000000000 0x0000000000000000 xw
usbram           0x0000000000000000 0x0000000000000000 xw
*default*        0x0000000000000000 0xffffffffffffffff

Linker script and memory map

LOAD /usr/lib/gcc/msp430/4.6.3/mcpu-430x/mmpy-16/crt0ivtbl32.o
                0x0000000000000041                __P1SEL2 = 0x41
                0x0000000000000045                __P5SEL2 = 0x45
LOAD nes-channel-selection-coordinator.co
LOAD obj_z1/contiki-z1-main.o
LOAD contiki-z1.a
LOAD /usr/lib/gcc/msp430/4.6.3/mcpu-430x/mmpy-16/libgcc.a
LOAD /usr/lib/gcc/msp430/4.6.3/../../../../msp430/lib/mcpu-430x/mmpy-16/libc.a
LOAD /usr/lib/gcc/msp430/4.6.3/mcpu-430x/mmpy-16/libgcc.a
LOAD /usr/lib/gcc/msp430/4.6.3/mcpu-430x/mmpy-16/libcrt0.a
                0x0000000000000040                PROVIDE (__info_segment_size, 0x40)
                0x0000000000001000                PROVIDE (__infod, 0x1000)
                0x0000000000001040                PROVIDE (__infoc, 0x1040)
                0x0000000000001080                PROVIDE (__infob, 0x1080)
                0x00000000000010c0                PROVIDE (__infoa, 0x10c0)
                0x0000000000000000                __IE1 = 0x0
                0x0000000000000002                __IFG1 = 0x2
                0x0000000000000001                __IE2 = 0x1
                0x0000000000000003                __IFG2 = 0x3
                0x0000000000000006                __UC1IE = 0x6
                0x0000000000000007                __UC1IFG = 0x7
                0x00000000000001a0                __ADC12CTL0 = 0x1a0
                0x00000000000001a2                __ADC12CTL1 = 0x1a2
                0x00000000000001a4                __ADC12IFG = 0x1a4
                0x00000000000001a6                __ADC12IE = 0x1a6
                0x00000000000001a8                __ADC12IV = 0x1a8
                0x0000000000000140                __ADC12MEM0 = 0x140
                0x0000000000000142                __ADC12MEM1 = 0x142
                0x0000000000000144                __ADC12MEM2 = 0x144
                0x0000000000000146                __ADC12MEM3 = 0x146
                0x0000000000000148                __ADC12MEM4 = 0x148
                0x000000000000014a                __ADC12MEM5 = 0x14a
                0x000000000000014c                __ADC12MEM6 = 0x14c
                0x000000000000014e                __ADC12MEM7 = 0x14e
                0x0000000000000150                __ADC12MEM8 = 0x150
                0x0000000000000152                __ADC12MEM9 = 0x152
                0x0000000000000154                __ADC12MEM10 = 0x154
                0x0000000000000156                __ADC12MEM11 = 0x156
                0x0000000000000158                __ADC12MEM12 = 0x158
                0x000000000000015a                __ADC12MEM13 = 0x15a
                0x000000000000015c                __ADC12MEM14 = 0x15c
                0x000000000000015e                __ADC12MEM15 = 0x15e
                0x0000000000000080                __ADC12MCTL0 = 0x80
                0x0000000000000081                __ADC12MCTL1 = 0x81
                0x0000000000000082                __ADC12MCTL2 = 0x82
                0x0000000000000083                __ADC12MCTL3 = 0x83
                0x0000000000000084                __ADC12MCTL4 = 0x84
                0x0000000000000085                __ADC12MCTL5 = 0x85
                0x0000000000000086                __ADC12MCTL6 = 0x86
                0x0000000000000087                __ADC12MCTL7 = 0x87
                0x0000000000000088                __ADC12MCTL8 = 0x88
                0x0000000000000089                __ADC12MCTL9 = 0x89
                0x000000000000008a                __ADC12MCTL10 = 0x8a
                0x000000000000008b                __ADC12MCTL11 = 0x8b
                0x000000000000008c                __ADC12MCTL12 = 0x8c
                0x000000000000008d                __ADC12MCTL13 = 0x8d
                0x000000000000008e                __ADC12MCTL14 = 0x8e
                0x000000000000008f                __ADC12MCTL15 = 0x8f
                0x0000000000000056                __DCOCTL = 0x56
                0x0000000000000057                __BCSCTL1 = 0x57
                0x0000000000000058                __BCSCTL2 = 0x58
                0x0000000000000053                __BCSCTL3 = 0x53
                0x0000000000000059                __CACTL1 = 0x59
                0x000000000000005a                __CACTL2 = 0x5a
                0x000000000000005b                __CAPD = 0x5b
                0x00000000000001c0                __DAC12_0CTL = 0x1c0
                0x00000000000001c2                __DAC12_1CTL = 0x1c2
                0x00000000000001c8                __DAC12_0DAT = 0x1c8
                0x00000000000001ca                __DAC12_1DAT = 0x1ca
                0x0000000000000122                __DMACTL0 = 0x122
                0x0000000000000124                __DMACTL1 = 0x124
                0x0000000000000126                __DMAIV = 0x126
                0x00000000000001d0                __DMA0CTL = 0x1d0
                0x00000000000001dc                __DMA1CTL = 0x1dc
                0x00000000000001e8                __DMA2CTL = 0x1e8
                0x00000000000001d2                __DMA0SA = 0x1d2
                0x00000000000001d2                __DMA0SAL = 0x1d2
                0x00000000000001d6                __DMA0DA = 0x1d6
                0x00000000000001d6                __DMA0DAL = 0x1d6
                0x00000000000001da                __DMA0SZ = 0x1da
                0x00000000000001de                __DMA1SA = 0x1de
                0x00000000000001de                __DMA1SAL = 0x1de
                0x00000000000001e2                __DMA1DA = 0x1e2
                0x00000000000001e2                __DMA1DAL = 0x1e2
                0x00000000000001e6                __DMA1SZ = 0x1e6
                0x00000000000001ea                __DMA2SA = 0x1ea
                0x00000000000001ea                __DMA2SAL = 0x1ea
                0x00000000000001ee                __DMA2DA = 0x1ee
                0x00000000000001ee                __DMA2DAL = 0x1ee
                0x00000000000001f2                __DMA2SZ = 0x1f2
                0x0000000000000128                __FCTL1 = 0x128
                0x000000000000012a                __FCTL2 = 0x12a
                0x000000000000012c                __FCTL3 = 0x12c
                0x00000000000001be                __FCTL4 = 0x1be
                0x0000000000000130                __MPY = 0x130
                0x0000000000000132                __MPYS = 0x132
                0x0000000000000134                __MAC = 0x134
                0x0000000000000136                __MACS = 0x136
                0x0000000000000138                __OP2 = 0x138
                0x000000000000013a                __RESLO = 0x13a
                0x000000000000013c                __RESHI = 0x13c
                0x000000000000013e                __SUMEXT = 0x13e
                0x0000000000000020                __P1IN = 0x20
                0x0000000000000021                __P1OUT = 0x21
                0x0000000000000022                __P1DIR = 0x22
                0x0000000000000023                __P1IFG = 0x23
                0x0000000000000024                __P1IES = 0x24
                0x0000000000000025                __P1IE = 0x25
                0x0000000000000026                __P1SEL = 0x26
                0x0000000000000027                __P1REN = 0x27
                0x0000000000000028                __P2IN = 0x28
                0x0000000000000029                __P2OUT = 0x29
                0x000000000000002a                __P2DIR = 0x2a
                0x000000000000002b                __P2IFG = 0x2b
                0x000000000000002c                __P2IES = 0x2c
                0x000000000000002d                __P2IE = 0x2d
                0x000000000000002e                __P2SEL = 0x2e
                0x000000000000002f                __P2REN = 0x2f
                0x0000000000000018                __P3IN = 0x18
                0x0000000000000019                __P3OUT = 0x19
                0x000000000000001a                __P3DIR = 0x1a
                0x000000000000001b                __P3SEL = 0x1b
                0x0000000000000010                __P3REN = 0x10
                0x000000000000001c                __P4IN = 0x1c
                0x000000000000001d                __P4OUT = 0x1d
                0x000000000000001e                __P4DIR = 0x1e
                0x000000000000001f                __P4SEL = 0x1f
                0x0000000000000011                __P4REN = 0x11
                0x0000000000000030                __P5IN = 0x30
                0x0000000000000031                __P5OUT = 0x31
                0x0000000000000032                __P5DIR = 0x32
                0x0000000000000033                __P5SEL = 0x33
                0x0000000000000012                __P5REN = 0x12
                0x0000000000000034                __P6IN = 0x34
                0x0000000000000035                __P6OUT = 0x35
                0x0000000000000036                __P6DIR = 0x36
                0x0000000000000037                __P6SEL = 0x37
                0x0000000000000013                __P6REN = 0x13
                0x0000000000000038                __P7IN = 0x38
                0x000000000000003a                __P7OUT = 0x3a
                0x000000000000003c                __P7DIR = 0x3c
                0x000000000000003e                __P7SEL = 0x3e
                0x0000000000000014                __P7REN = 0x14
                0x0000000000000039                __P8IN = 0x39
                0x000000000000003b                __P8OUT = 0x3b
                0x000000000000003d                __P8DIR = 0x3d
                0x000000000000003f                __P8SEL = 0x3f
                0x0000000000000015                __P8REN = 0x15
                0x0000000000000038                __PAIN = 0x38
                0x000000000000003a                __PAOUT = 0x3a
                0x000000000000003c                __PADIR = 0x3c
                0x000000000000003e                __PASEL = 0x3e
                0x0000000000000014                __PAREN = 0x14
                0x0000000000000055                __SVSCTL = 0x55
                0x000000000000012e                __TAIV = 0x12e
                0x0000000000000160                __TACTL = 0x160
                0x0000000000000162                __TACCTL0 = 0x162
                0x0000000000000164                __TACCTL1 = 0x164
                0x0000000000000166                __TACCTL2 = 0x166
                0x0000000000000170                __TAR = 0x170
                0x0000000000000172                __TACCR0 = 0x172
                0x0000000000000174                __TACCR1 = 0x174
                0x0000000000000176                __TACCR2 = 0x176
                0x000000000000011e                __TBIV = 0x11e
                0x0000000000000180                __TBCTL = 0x180
                0x0000000000000182                __TBCCTL0 = 0x182
                0x0000000000000184                __TBCCTL1 = 0x184
                0x0000000000000186                __TBCCTL2 = 0x186
                0x0000000000000188                __TBCCTL3 = 0x188
                0x000000000000018a                __TBCCTL4 = 0x18a
                0x000000000000018c                __TBCCTL5 = 0x18c
                0x000000000000018e                __TBCCTL6 = 0x18e
                0x0000000000000190                __TBR = 0x190
                0x0000000000000192                __TBCCR0 = 0x192
                0x0000000000000194                __TBCCR1 = 0x194
                0x0000000000000196                __TBCCR2 = 0x196
                0x0000000000000198                __TBCCR3 = 0x198
                0x000000000000019a                __TBCCR4 = 0x19a
                0x000000000000019c                __TBCCR5 = 0x19c
                0x000000000000019e                __TBCCR6 = 0x19e
                0x0000000000000060                __UCA0CTL0 = 0x60
                0x0000000000000061                __UCA0CTL1 = 0x61
                0x0000000000000062                __UCA0BR0 = 0x62
                0x0000000000000063                __UCA0BR1 = 0x63
                0x0000000000000064                __UCA0MCTL = 0x64
                0x0000000000000065                __UCA0STAT = 0x65
                0x0000000000000066                __UCA0RXBUF = 0x66
                0x0000000000000067                __UCA0TXBUF = 0x67
                0x000000000000005d                __UCA0ABCTL = 0x5d
                0x000000000000005e                __UCA0IRTCTL = 0x5e
                0x000000000000005f                __UCA0IRRCTL = 0x5f
                0x0000000000000068                __UCB0CTL0 = 0x68
                0x0000000000000069                __UCB0CTL1 = 0x69
                0x000000000000006a                __UCB0BR0 = 0x6a
                0x000000000000006b                __UCB0BR1 = 0x6b
                0x000000000000006c                __UCB0I2CIE = 0x6c
                0x000000000000006d                __UCB0STAT = 0x6d
                0x000000000000006e                __UCB0RXBUF = 0x6e
                0x000000000000006f                __UCB0TXBUF = 0x6f
                0x0000000000000118                __UCB0I2COA = 0x118
                0x000000000000011a                __UCB0I2CSA = 0x11a
                0x00000000000000d0                __UCA1CTL0 = 0xd0
                0x00000000000000d1                __UCA1CTL1 = 0xd1
                0x00000000000000d2                __UCA1BR0 = 0xd2
                0x00000000000000d3                __UCA1BR1 = 0xd3
                0x00000000000000d4                __UCA1MCTL = 0xd4
                0x00000000000000d5                __UCA1STAT = 0xd5
                0x00000000000000d6                __UCA1RXBUF = 0xd6
                0x00000000000000d7                __UCA1TXBUF = 0xd7
                0x00000000000000cd                __UCA1ABCTL = 0xcd
                0x00000000000000ce                __UCA1IRTCTL = 0xce
                0x00000000000000cf                __UCA1IRRCTL = 0xcf
                0x00000000000000d8                __UCB1CTL0 = 0xd8
                0x00000000000000d9                __UCB1CTL1 = 0xd9
                0x00000000000000da                __UCB1BR0 = 0xda
                0x00000000000000db                __UCB1BR1 = 0xdb
                0x00000000000000dc                __UCB1I2CIE = 0xdc
                0x00000000000000dd                __UCB1STAT = 0xdd
                0x00000000000000de                __UCB1RXBUF = 0xde
                0x00000000000000df                __UCB1TXBUF = 0xdf
                0x000000000000017c                __UCB1I2COA = 0x17c
                0x000000000000017e                __UCB1I2CSA = 0x17e
                0x0000000000000120                __WDTCTL = 0x120
                0x00000000000010c0                __TLV_CHECKSUM = 0x10c0
                0x00000000000010f6                __TLV_DCO_30_TAG = 0x10f6
                0x00000000000010f7                __TLV_DCO_30_LEN = 0x10f7
                0x00000000000010da                __TLV_ADC12_1_TAG = 0x10da
                0x00000000000010db                __TLV_ADC12_1_LEN = 0x10db
                0x00000000000010f8                __CALDCO_16MHZ = 0x10f8
                0x00000000000010f9                __CALBC1_16MHZ = 0x10f9
                0x00000000000010fa                __CALDCO_12MHZ = 0x10fa
                0x00000000000010fb                __CALBC1_12MHZ = 0x10fb
                0x00000000000010fc                __CALDCO_8MHZ = 0x10fc
                0x00000000000010fd                __CALBC1_8MHZ = 0x10fd
                0x00000000000010fe                __CALDCO_1MHZ = 0x10fe
                0x00000000000010ff                __CALBC1_1MHZ = 0x10ff

.hash
 *(.hash)

.dynsym
 *(.dynsym)

.dynstr
 *(.dynstr)

.gnu.version
 *(.gnu.version)

.gnu.version_d
 *(.gnu.version_d)

.gnu.version_r
 *(.gnu.version_r)

.rel.init
 *(.rel.init)

.rela.init
 *(.rela.init)

.rel.fini
 *(.rel.fini)

.rela.fini
 *(.rela.fini)

.rel.text
 *(.rel.text .rel.text.* .rel.gnu.linkonce.t.*)

.rela.text
 *(.rela.text .rela.text.* .rela.gnu.linkonce.t.*)

.rel.rodata
 *(.rel.rodata .rel.rodata.* .rel.gnu.linkonce.r.*)

.rela.rodata
 *(.rela.rodata .rela.rodata.* .rela.gnu.linkonce.r.*)

.rel.data
 *(.rel.data .rel.data.* .rel.gnu.linkonce.d.*)

.rela.data
 *(.rela.data .rela.data.* .rela.gnu.linkonce.d.*)

.rel.bss
 *(.rel.bss .rel.bss.* .rel.gnu.linkonce.b.*)

.rela.bss
 *(.rela.bss .rela.bss.* .rela.gnu.linkonce.b.*)

.rel.ctors
 *(.rel.ctors)

.rela.ctors
 *(.rela.ctors)

.rel.dtors
 *(.rel.dtors)

.rela.dtors
 *(.rela.dtors)

.rel.got
 *(.rel.got)

.rela.got
 *(.rela.got)

.rel.plt
 *(.rel.plt)

.rela.plt
 *(.rela.plt)

.text           0x0000000000003100     0x4f60
                0x0000000000003100                . = ALIGN (0x2)
 *(.init .init.*)
 *(.init0)
 .init0         0x0000000000003100        0x0 /usr/lib/gcc/msp430/4.6.3/mcpu-430x/mmpy-16/libcrt0.a(_reset_vector__.o)
                0x0000000000003100                _reset_vector__
 *(.init1)
 .init1         0x0000000000003100        0xc /usr/lib/gcc/msp430/4.6.3/mcpu-430x/mmpy-16/libcrt0.a(__watchdog_support.o)
                0x0000000000003100                __watchdog_support
 *(.init2)
 .init2         0x000000000000310c        0x4 /usr/lib/gcc/msp430/4.6.3/mcpu-430x/mmpy-16/libcrt0.a(__init_stack.o)
                0x000000000000310c                __init_stack
 *(.init3)
 .init3         0x0000000000003110        0x0 /usr/lib/gcc/msp430/4.6.3/mcpu-430x/mmpy-16/libcrt0.a(__low_level_init.o)
                0x0000000000003110                __low_level_init
 *(.init4)
 .init4         0x0000000000003110       0x18 /usr/lib/gcc/msp430/4.6.3/mcpu-430x/mmpy-16/libcrt0.a(_copy_data.o)
                0x0000000000003110                __do_copy_data
 .init4         0x0000000000003128       0x16 /usr/lib/gcc/msp430/4.6.3/mcpu-430x/mmpy-16/libcrt0.a(_clear_bss.o)
                0x0000000000003128                __do_clear_bss
 *(.init5)
 *(.init6)
 *(.init7)
 *(.init8)
 *(.init9)
 .init9         0x000000000000313e      0x2e6 obj_z1/contiki-z1-main.o
                0x000000000000313e                main
 *(.fini9)
 .fini9         0x0000000000003424        0x0 /usr/lib/gcc/msp430/4.6.3/mcpu-430x/mmpy-16/libcrt0.a(__stop_progExec__.o)
                0x0000000000003424                __stop_progExec__
 *(.fini8)
 *(.fini7)
 *(.fini6)
 *(.fini5)
 *(.fini4)
 *(.fini3)
 *(.fini2)
 *(.fini1)
 *(.fini0)
 .fini0         0x0000000000003424        0x6 /usr/lib/gcc/msp430/4.6.3/mcpu-430x/mmpy-16/libcrt0.a(_endless_loop__.o)
                0x0000000000003424                _endless_loop__
 *(.fini .fini.*)
                0x000000000000342a                . = ALIGN (0x2)
                0x000000000000342a                __ctors_start = .
 *(.ctors)
                0x000000000000342a                __ctors_end = .
                0x000000000000342a                __dtors_start = .
 *(.dtors)
                0x000000000000342a                __dtors_end = .
                0x000000000000342a                . = ALIGN (0x2)
 *(.text .text.* .gnu.linkonce.t.*)
 .text          0x000000000000342a        0x4 /usr/lib/gcc/msp430/4.6.3/mcpu-430x/mmpy-16/crt0ivtbl32.o
                0x000000000000342a                __isr_14
                0x000000000000342a                __isr_4
                0x000000000000342a                __isr_29
                0x000000000000342a                __isr_11
                0x000000000000342a                __isr_5
                0x000000000000342a                __isr_2
                0x000000000000342a                __isr_10
                0x000000000000342a                __isr_7
                0x000000000000342a                __isr_0
                0x000000000000342a                __isr_28
                0x000000000000342a                __isr_8
                0x000000000000342a                __isr_20
                0x000000000000342a                __isr_3
                0x000000000000342a                __isr_12
                0x000000000000342a                __isr_13
                0x000000000000342a                __isr_27
                0x000000000000342a                __isr_9
                0x000000000000342a                __isr_30
                0x000000000000342a                __isr_6
                0x000000000000342a                __isr_22
                0x000000000000342a                __isr_1
                0x000000000000342a                __isr_15
                0x000000000000342a                __isr_21
 .text.crt0     0x000000000000342e        0x0 /usr/lib/gcc/msp430/4.6.3/mcpu-430x/mmpy-16/crt0ivtbl32.o
 .text          0x000000000000342e      0x18a nes-channel-selection-coordinator.co
 .text          0x00000000000035b8        0x6 obj_z1/contiki-z1-main.o
                0x00000000000035b8                uip_log
 .text          0x00000000000035be        0xc contiki-z1.a(contiki-z1-plat)
                0x00000000000035be                init_platform
 .text          0x00000000000035ca       0xe8 contiki-z1.a(msp430.o)
                0x00000000000035ca                msp430_init_dco
                0x00000000000035f2                msp430_add_lpm_req
                0x00000000000035fe                msp430_remove_lpm_req
                0x000000000000360a                splhigh_
                0x0000000000003612                msp430_sync_dco
                0x0000000000003684                msp430_cpu_init
 .text          0x00000000000036b2      0x146 contiki-z1.a(leds.o)
                0x00000000000037a0                leds_init
                0x00000000000037aa                leds_get
                0x00000000000037b0                leds_set
                0x00000000000037b6                leds_on
                0x00000000000037c0                leds_off
                0x00000000000037ce                leds_toggle
                0x00000000000037d8                leds_blink
 .text          0x00000000000037f8       0x5c contiki-z1.a(watchdog.o)
                0x00000000000037f8                __isr_26
                0x00000000000037f8                watchdog_interrupt
                0x00000000000037fe                watchdog_start
                0x0000000000003812                watchdog_periodic
                0x0000000000003824                watchdog_stop
                0x000000000000383a                watchdog_init
                0x000000000000384e                watchdog_reboot
 .text          0x0000000000003854      0x350 contiki-z1.a(xmem.o)
                0x00000000000038cc                xmem_init
                0x00000000000038ea                xmem_pread
                0x00000000000039ba                xmem_pwrite
                0x0000000000003aee                xmem_erase
 .text          0x0000000000003ba4       0x38 contiki-z1.a(spi.o)
                0x0000000000003ba4                spi_init
 .text          0x0000000000003bdc      0xb94 contiki-z1.a(cc2420.o)
                0x0000000000004012                cc2420_on
                0x0000000000004034                cc2420_off
                0x000000000000425e                cc2420_get_channel
                0x0000000000004264                cc2420_set_channel
                0x000000000000429e                cc2420_set_pan_addr
                0x00000000000042ea                cc2420_interrupt
                0x0000000000004302                cc2420_set_txpower
                0x0000000000004310                cc2420_get_txpower
                0x000000000000446c                cc2420_rssi
                0x00000000000045b6                cc2420_set_cca_threshold
                0x0000000000004680                cc2420_init
 .text          0x0000000000004770       0x1a contiki-z1.a(cc2420-arch.o)
                0x0000000000004770                cc2420_arch_init
 .text          0x000000000000478a       0x9a contiki-z1.a(node-id.o)
                0x000000000000478a                node_id_restore
                0x00000000000047d6                node_id_burn
 .text          0x0000000000004824      0x158 contiki-z1.a(sensors.o)
                0x00000000000048e2                sensors_first
                0x00000000000048e8                sensors_next
                0x0000000000004914                sensors_changed
                0x000000000000493e                sensors_find
 .text          0x000000000000497c       0xe6 contiki-z1.a(uart0.o)
                0x000000000000497c                uart0_active
                0x000000000000498a                uart0_set_input
                0x0000000000004990                uart0_writeb
                0x00000000000049a8                uart0_init
                0x00000000000049fc                __isr_23
                0x00000000000049fc                uart0_rx_interrupt
 .text          0x0000000000004a62       0x10 contiki-z1.a(uart0-putchar.o)
                0x0000000000004a62                putchar
 .text          0x0000000000004a72        0x0 contiki-z1.a(z1-sensors.o)
 .text          0x0000000000004a72      0x394 contiki-z1.a(adxl345.o)
                0x0000000000004b86                accm_read_axis
                0x0000000000004c0c                accm_set_grange
                0x0000000000004c3c                accm_init
                0x0000000000004cb2                accm_stop
                0x0000000000004d0a                accm_set_irq
                0x0000000000004d42                port1_isr
                0x0000000000004d42                __isr_18
 .text          0x0000000000004e06      0x172 contiki-z1.a(tmp102.o)
                0x0000000000004e18                tmp102_init
                0x0000000000004e3c                tmp102_stop
                0x0000000000004e6e                tmp102_write_reg
                0x0000000000004ea6                tmp102_read_reg
                0x0000000000004f06                tmp102_read_temp_raw
                0x0000000000004f0e                tmp102_read_temp_x100
                0x0000000000004f6a                tmp102_read_temp_simple
 .text          0x0000000000004f78      0x1e8 contiki-z1.a(clock.o)
                0x0000000000004f78                __isr_24
                0x0000000000004f78                timera1
                0x0000000000005082                clock_time
                0x000000000000509c                clock_set
                0x00000000000050b2                clock_fine_max
                0x00000000000050b8                clock_fine
                0x00000000000050c4                clock_init
                0x00000000000050ec                clock_delay
                0x00000000000050f8                clock_wait
                0x0000000000005120                clock_set_seconds
                0x0000000000005138                clock_seconds
                0x0000000000005152                clock_counter
 .text          0x0000000000005160       0x78 contiki-z1.a(leds-arch.o)
                0x0000000000005160                leds_arch_init
                0x000000000000516e                leds_arch_get
                0x000000000000519e                leds_arch_set
 .text          0x00000000000051d8       0x7e contiki-z1.a(rtimer-arch.o)
                0x00000000000051d8                rtimer_arch_init
                0x00000000000051e6                rtimer_arch_now
                0x00000000000051f4                __isr_25
                0x00000000000051f4                timera0
                0x0000000000005250                rtimer_arch_schedule
 .text          0x0000000000005256       0x2a contiki-z1.a(autostart.o)
                0x0000000000005256                autostart_start
                0x000000000000526c                autostart_exit
 .text          0x0000000000005280      0x1c4 contiki-z1.a(ctimer.o)
                0x000000000000531c                ctimer_init
                0x0000000000005334                ctimer_set_with_process
                0x0000000000005382                ctimer_set
                0x0000000000005392                ctimer_reset
                0x00000000000053be                ctimer_restart
                0x00000000000053ea                ctimer_stop
                0x0000000000005412                ctimer_expired
 .text          0x0000000000005444       0xae contiki-z1.a(energest.o)
                0x0000000000005444                energest_init
                0x000000000000546c                energest_type_time
                0x00000000000054a8                energest_leveldevice_leveltime
                0x00000000000054ae                energest_type_set
                0x00000000000054ba                energest_flush
 .text          0x00000000000054f2      0x270 contiki-z1.a(etimer.o)
                0x0000000000005562                etimer_request_poll
                0x000000000000566c                etimer_set
                0x000000000000567e                etimer_reset_with_new_interval
                0x000000000000569c                etimer_reset
                0x00000000000056ae                etimer_restart
                0x00000000000056c0                etimer_adjust
                0x00000000000056da                etimer_expired
                0x00000000000056e8                etimer_expiration_time
                0x00000000000056fc                etimer_start_time
                0x0000000000005704                etimer_pending
                0x0000000000005710                etimer_next_expiration_time
                0x0000000000005726                etimer_stop
 .text          0x0000000000005762      0x282 contiki-z1.a(process.o)
                0x0000000000005862                process_alloc_event
                0x0000000000005870                process_exit
                0x000000000000587a                process_init
                0x0000000000005896                process_run
                0x0000000000005922                process_nevents
                0x0000000000005930                process_post
                0x000000000000597a                process_post_synch
                0x000000000000598c                process_start
                0x00000000000059be                process_poll
                0x00000000000059d6                process_is_running
 .text          0x00000000000059e4       0x50 contiki-z1.a(rtimer.o)
                0x00000000000059e4                rtimer_init
                0x00000000000059ea                rtimer_set
                0x0000000000005a0e                rtimer_run_next
 .text          0x0000000000005a34       0x8c contiki-z1.a(timer.o)
                0x0000000000005a34                timer_set
                0x0000000000005a50                timer_reset
                0x0000000000005a5e                timer_restart
                0x0000000000005a72                timer_expired
                0x0000000000005a9c                timer_remaining
 .text          0x0000000000005ac0      0x102 contiki-z1.a(serial-line.o)
                0x0000000000005b5c                serial_line_input_byte
                0x0000000000005ba6                serial_line_init
 .text          0x0000000000005bc2       0xf6 contiki-z1.a(list.o)
                0x0000000000005bc2                list_init
                0x0000000000005bc8                list_head
                0x0000000000005bcc                list_copy
                0x0000000000005bd2                list_tail
                0x0000000000005be4                list_chop
                0x0000000000005c08                list_pop
                0x0000000000005c16                list_remove
                0x0000000000005c4a                list_push
                0x0000000000005c60                list_add
                0x0000000000005c86                list_length
                0x0000000000005c96                list_insert
                0x0000000000005cac                list_item_next
 .text          0x0000000000005cb8        0xc contiki-z1.a(random.o)
                0x0000000000005cb8                random_init
                0x0000000000005cbe                random_rand
 .text          0x0000000000005cc4       0x96 contiki-z1.a(ringbuf.o)
                0x0000000000005cc4                ringbuf_init
                0x0000000000005cd8                ringbuf_put
                0x0000000000005d10                ringbuf_get
                0x0000000000005d40                ringbuf_size
                0x0000000000005d48                ringbuf_elements
 .text          0x0000000000005d5a       0xd8 contiki-z1.a(rime.o)
                0x0000000000005df6                rime_sniffer_add
                0x0000000000005e02                rime_sniffer_remove
                0x0000000000005e0e                rime_output
 .text          0x0000000000005e32      0x1c2 contiki-z1.a(broadcast-annou)
                0x0000000000005f84                broadcast_announcement_init
                0x0000000000005fc8                broadcast_announcement_stop
                0x0000000000005fea                broadcast_announcement_beacon_interval
 .text          0x0000000000005ff4       0x48 contiki-z1.a(abc.o)
                0x0000000000005ff4                abc_open
                0x0000000000006012                abc_close
                0x0000000000006018                abc_send
                0x000000000000601e                abc_input
                0x000000000000602c                abc_sent
 .text          0x000000000000603c       0x38 contiki-z1.a(chameleon.o)
                0x000000000000603c                chameleon_init
                0x0000000000006042                chameleon_parse
                0x0000000000006052                chameleon_create
                0x000000000000606e                chameleon_hdrsize
 .text          0x0000000000006074       0x66 contiki-z1.a(channel.o)
                0x0000000000006074                channel_init
                0x000000000000607e                channel_open
                0x000000000000608e                channel_close
                0x000000000000609a                channel_lookup
                0x00000000000060ba                channel_set_attributes
 .text          0x00000000000060da       0x78 contiki-z1.a(broadcast.o)
                0x0000000000006110                broadcast_open
                0x0000000000006132                broadcast_close
                0x0000000000006138                broadcast_send
 .text          0x0000000000006152      0x114 contiki-z1.a(announcement.o)
                0x0000000000006152                announcement_init
                0x000000000000615c                announcement_register
                0x0000000000006196                announcement_remove
                0x00000000000061a2                announcement_remove_value
                0x00000000000061c4                announcement_set_value
                0x00000000000061ec                announcement_bump
                0x000000000000620e                announcement_listen
                0x000000000000621a                announcement_register_listen_callback
                0x0000000000006220                announcement_register_observer_callback
                0x0000000000006226                announcement_list
                0x0000000000006230                announcement_heard
 .text          0x0000000000006266      0x13c contiki-z1.a(queuebuf.o)
                0x0000000000006266                queuebuf_init
                0x0000000000006278                queuebuf_numfree
                0x0000000000006282                queuebuf_new_from_packetbuf
                0x00000000000062d0                queuebuf_update_attr_from_packetbuf
                0x00000000000062e2                queuebuf_update_from_packetbuf
                0x0000000000006304                queuebuf_free
                0x000000000000632e                queuebuf_to_packetbuf
                0x0000000000006360                queuebuf_dataptr
                0x000000000000637c                queuebuf_datalen
                0x0000000000006384                queuebuf_addr
                0x0000000000006392                queuebuf_attr
                0x00000000000063a0                queuebuf_debug_print
 .text          0x00000000000063a2      0x1b0 contiki-z1.a(packetbuf.o)
                0x00000000000063a2                packetbuf_hdrreduce
                0x00000000000063bc                packetbuf_set_datalen
                0x00000000000063c2                packetbuf_hdrptr
                0x00000000000063c8                packetbuf_datalen
                0x00000000000063ce                packetbuf_hdrlen
                0x00000000000063d8                packetbuf_dataptr
                0x00000000000063e4                packetbuf_copyto
                0x000000000000641e                packetbuf_compact
                0x0000000000006454                packetbuf_totlen
                0x0000000000006460                packetbuf_hdralloc
                0x000000000000649a                packetbuf_attr_clear
                0x00000000000064c6                packetbuf_clear
                0x00000000000064d8                packetbuf_copyfrom
                0x0000000000006502                packetbuf_attr_copyto
                0x0000000000006522                packetbuf_attr_copyfrom
                0x0000000000006544                packetbuf_holds_broadcast
 .text          0x0000000000006552       0x2a contiki-z1.a(linkaddr.o)
                0x0000000000006552                linkaddr_copy
                0x000000000000655e                linkaddr_cmp
                0x0000000000006570                linkaddr_set_node_addr
 .text          0x000000000000657c       0x1e contiki-z1.a(nullmac.o)
 .text          0x000000000000659a       0xd6 contiki-z1.a(nullrdc.o)
 .text          0x0000000000006670       0x12 contiki-z1.a(nullsec.o)
 .text          0x0000000000006682      0x1b2 contiki-z1.a(i2cmaster.o)
                0x0000000000006682                i2c_setrate
                0x0000000000006688                i2c_receiveinit
                0x00000000000066c0                i2c_transmitinit
                0x00000000000066f2                i2c_receive_n
                0x0000000000006736                i2c_busy
                0x0000000000006740                i2c_enable
                0x0000000000006764                i2c_disable
                0x000000000000677e                i2c_transmit_n
                0x0000000000006792                __isr_16
                0x0000000000006792                i2c_tx_interrupt
                0x000000000000681c                i2c_rx_interrupt
                0x000000000000681c                __isr_17
 .text          0x0000000000006834      0x100 contiki-z1.a(button-sensor.o)
                0x00000000000068be                irq_p2
                0x00000000000068be                __isr_19
 .text          0x0000000000006934      0x102 contiki-z1.a(memb.o)
                0x0000000000006934                memb_init
                0x000000000000696a                memb_alloc
                0x00000000000069a8                memb_free
                0x00000000000069e2                memb_inmemb
                0x0000000000006a10                memb_numfree
 .text          0x0000000000006a36      0x338 contiki-z1.a(chameleon-bitop)
                0x0000000000006a86                get_bits
                0x0000000000006bd0                set_bits
 .text          0x0000000000006d6e       0x14 contiki-z1.a(mac.o)
                0x0000000000006d6e                mac_call_sent_callback
 .text          0x0000000000006d82      0x1cc contiki-z1.a(framer-802154.o)
 .text          0x0000000000006f4e      0x558 contiki-z1.a(frame802154.o)
                0x0000000000006f4e                frame802154_get_pan_id
                0x0000000000006f54                frame802154_set_pan_id
                0x0000000000006f5a                frame802154_has_panid
                0x0000000000007082                frame802154_check_dest_panid
                0x00000000000070ba                frame802154_is_broadcast_addr
                0x00000000000070de                frame802154_extract_linkaddr
                0x000000000000716a                frame802154_hdrlen
                0x000000000000719c                frame802154_create
                0x00000000000072d2                frame802154_parse
 .text          0x00000000000074a6        0x0 /usr/lib/gcc/msp430/4.6.3/mcpu-430x/mmpy-16/libgcc.a(_udivmod16.o)
 .text.libgcc   0x00000000000074a6       0x22 /usr/lib/gcc/msp430/4.6.3/mcpu-430x/mmpy-16/libgcc.a(_udivmod16.o)
                0x00000000000074a6                __udivhi3
                0x00000000000074a6                __ext_udivmod16
                0x00000000000074c0                __umodhi3
 .text          0x00000000000074c8        0x0 /usr/lib/gcc/msp430/4.6.3/mcpu-430x/mmpy-16/libgcc.a(_divmod16.o)
 .text.libgcc   0x00000000000074c8       0x3a /usr/lib/gcc/msp430/4.6.3/mcpu-430x/mmpy-16/libgcc.a(_divmod16.o)
                0x00000000000074c8                __ext_divmod16
                0x00000000000074c8                __divhi3
                0x00000000000074fa                __modhi3
 .text          0x0000000000007502        0x0 /usr/lib/gcc/msp430/4.6.3/mcpu-430x/mmpy-16/libgcc.a(_udivmod32.o)
 .text.libgcc   0x0000000000007502       0x38 /usr/lib/gcc/msp430/4.6.3/mcpu-430x/mmpy-16/libgcc.a(_udivmod32.o)
                0x0000000000007502                __udivsi3
                0x0000000000007502                __ext_udivmod32
                0x0000000000007530                __umodsi3
 .text          0x000000000000753a       0x28 /usr/lib/gcc/msp430/4.6.3/../../../../msp430/lib/mcpu-430x/mmpy-16/libc.a(strncmp.o)
                0x000000000000753a                strncmp
 .text          0x0000000000007562       0x20 /usr/lib/gcc/msp430/4.6.3/../../../../msp430/lib/mcpu-430x/mmpy-16/libc.a(memcmp.o)
                0x0000000000007562                memcmp
 .text          0x0000000000007582       0xe4 /usr/lib/gcc/msp430/4.6.3/../../../../msp430/lib/mcpu-430x/mmpy-16/libc.a(memcpy.o)
                0x0000000000007582                memcpy
 .text          0x0000000000007666       0x5c /usr/lib/gcc/msp430/4.6.3/../../../../msp430/lib/mcpu-430x/mmpy-16/libc.a(memset.o)
                0x0000000000007666                memset
 .text          0x00000000000076c2       0x1e /usr/lib/gcc/msp430/4.6.3/../../../../msp430/lib/mcpu-430x/mmpy-16/libc.a(printf.o)
                0x00000000000076c2                printf
                0x00000000000076d2                vprintf
 .text          0x00000000000076e0      0x818 /usr/lib/gcc/msp430/4.6.3/../../../../msp430/lib/mcpu-430x/mmpy-16/libc.a(vuprintf.o)
                0x000000000000785c                vuprintf
 .text          0x0000000000007ef8       0x2c /usr/lib/gcc/msp430/4.6.3/../../../../msp430/lib/mcpu-430x/mmpy-16/libc.a(puts.o)
                0x0000000000007ef8                puts
 .text          0x0000000000007f24       0x54 /usr/lib/gcc/msp430/4.6.3/../../../../msp430/lib/mcpu-430x/mmpy-16/libc.a(rand.o)
                0x0000000000007f24                rand_r
                0x0000000000007f48                rand
                0x0000000000007f6e                srand
 .text          0x0000000000007f78        0x0 /usr/lib/gcc/msp430/4.6.3/mcpu-430x/mmpy-16/libgcc.a(_mulsi3.o)
 .text.libgcc   0x0000000000007f78       0x2a /usr/lib/gcc/msp430/4.6.3/mcpu-430x/mmpy-16/libgcc.a(_mulsi3.o)
                0x0000000000007f78                __mulsi3
 .text          0x0000000000007fa2        0x0 /usr/lib/gcc/msp430/4.6.3/mcpu-430x/mmpy-16/libgcc.a(_udivmod64.o)
 .text.libgcc   0x0000000000007fa2       0xbc /usr/lib/gcc/msp430/4.6.3/mcpu-430x/mmpy-16/libgcc.a(_udivmod64.o)
                0x0000000000007fa2                __xabi_udivmod64
                0x0000000000007ff4                __udivdi3
                0x000000000000800e                __umoddi3
                0x0000000000008030                __udivmoddi4
 .text          0x000000000000805e        0x0 /usr/lib/gcc/msp430/4.6.3/mcpu-430x/mmpy-16/libcrt0.a(_reset_vector__.o)
 .text          0x000000000000805e        0x0 /usr/lib/gcc/msp430/4.6.3/mcpu-430x/mmpy-16/libcrt0.a(__watchdog_support.o)
 .text          0x000000000000805e        0x0 /usr/lib/gcc/msp430/4.6.3/mcpu-430x/mmpy-16/libcrt0.a(__init_stack.o)
 .text          0x000000000000805e        0x0 /usr/lib/gcc/msp430/4.6.3/mcpu-430x/mmpy-16/libcrt0.a(__low_level_init.o)
 .text          0x000000000000805e        0x0 /usr/lib/gcc/msp430/4.6.3/mcpu-430x/mmpy-16/libcrt0.a(_copy_data.o)
 .text          0x000000000000805e        0x0 /usr/lib/gcc/msp430/4.6.3/mcpu-430x/mmpy-16/libcrt0.a(_clear_bss.o)
 .text          0x000000000000805e        0x0 /usr/lib/gcc/msp430/4.6.3/mcpu-430x/mmpy-16/libcrt0.a(__stop_progExec__.o)
 .text          0x000000000000805e        0x0 /usr/lib/gcc/msp430/4.6.3/mcpu-430x/mmpy-16/libcrt0.a(_endless_loop__.o)
 .text          0x000000000000805e        0x0 /usr/lib/gcc/msp430/4.6.3/mcpu-430x/mmpy-16/libcrt0.a(_unexpected_.o)
 .text.crt0     0x000000000000805e        0x2 /usr/lib/gcc/msp430/4.6.3/mcpu-430x/mmpy-16/libcrt0.a(_unexpected_.o)
                0x000000000000805e                _unexpected_
                0x0000000000008060                . = ALIGN (0x2)

.rodata         0x0000000000008060      0x348
                0x0000000000008060                . = ALIGN (0x2)
 *(.rodata .rodata.* .gnu.linkonce.r.*)
 .rodata        0x0000000000008060       0xce nes-channel-selection-coordinator.co
                0x0000000000008114                autostart_processes
 .rodata        0x000000000000812e       0xde obj_z1/contiki-z1-main.o
 .rodata        0x000000000000820c       0x2c contiki-z1.a(xmem.o)
 .rodata        0x0000000000008238       0x70 contiki-z1.a(cc2420.o)
                0x000000000000826a                cc2420_aes_128_driver
                0x000000000000826e                cc2420_driver
 .rodata        0x00000000000082a8        0x8 contiki-z1.a(sensors.o)
 .rodata        0x00000000000082b0       0x2e contiki-z1.a(adxl345.o)
                0x00000000000082c0                adxl345
 .rodata        0x00000000000082de       0x16 contiki-z1.a(tmp102.o)
                0x00000000000082ec                tmp102
 .rodata        0x00000000000082f4        0xf contiki-z1.a(ctimer.o)
 .rodata        0x0000000000008303        0xc contiki-z1.a(etimer.o)
 .rodata        0x000000000000830f        0xe contiki-z1.a(serial-line.o)
 *fill*         0x000000000000831d        0x1 00
 .rodata        0x000000000000831e        0xc contiki-z1.a(rime.o)
                0x0000000000008324                rime_driver
 .rodata        0x000000000000832a        0x4 contiki-z1.a(broadcast-annou)
 .rodata        0x000000000000832e        0x2 contiki-z1.a(abc.o)
 .rodata        0x0000000000008330        0x8 contiki-z1.a(broadcast.o)
 .rodata        0x0000000000008338        0x2 contiki-z1.a(linkaddr.o)
                0x0000000000008338                linkaddr_null
 .rodata        0x000000000000833a       0x16 contiki-z1.a(nullmac.o)
                0x0000000000008342                nullmac_driver
 .rodata        0x0000000000008350       0x18 contiki-z1.a(nullrdc.o)
                0x0000000000008358                nullrdc_driver
 .rodata        0x0000000000008368       0x10 contiki-z1.a(nullsec.o)
                0x0000000000008370                nullsec_driver
 .rodata        0x0000000000008378       0x10 contiki-z1.a(button-sensor.o)
                0x0000000000008380                button_sensor
 .rodata        0x0000000000008388       0x10 contiki-z1.a(chameleon-bitop)
                0x0000000000008388                chameleon_bitopt
 .rodata        0x0000000000008398        0x6 contiki-z1.a(framer-802154.o)
                0x0000000000008398                framer_802154
 .rodata        0x000000000000839e        0x2 contiki-z1.a(frame802154.o)
 .rodata        0x00000000000083a0        0x7 /usr/lib/gcc/msp430/4.6.3/../../../../msp430/lib/mcpu-430x/mmpy-16/libc.a(vuprintf.o)
                0x00000000000083a8                . = ALIGN (0x2)
 *fill*         0x00000000000083a7        0x1 00
                0x00000000000083a8                _etext = .

.data           0x0000000000001100       0x82 load address 0x00000000000083a8
                0x0000000000001100                . = ALIGN (0x2)
                0x0000000000001100                PROVIDE (__data_start, .)
 *(.data .data.* .gnu.linkonce.d.*)
 .data          0x0000000000001100        0x0 /usr/lib/gcc/msp430/4.6.3/mcpu-430x/mmpy-16/crt0ivtbl32.o
 .data          0x0000000000001100        0xc nes-channel-selection-coordinator.co
                0x0000000000001100                channel_selector
                0x000000000000110a                currentChannel
 .data          0x000000000000110c        0x0 obj_z1/contiki-z1-main.o
 .data          0x000000000000110c        0x0 contiki-z1.a(contiki-z1-plat)
 .data          0x000000000000110c        0x2 contiki-z1.a(msp430.o)
 .data          0x000000000000110e        0x0 contiki-z1.a(leds.o)
 .data          0x000000000000110e        0x0 contiki-z1.a(watchdog.o)
 .data          0x000000000000110e        0x0 contiki-z1.a(xmem.o)
 .data          0x000000000000110e        0x0 contiki-z1.a(spi.o)
 .data          0x000000000000110e        0xc contiki-z1.a(cc2420.o)
                0x000000000000110e                cc2420_process
 .data          0x000000000000111a        0x0 contiki-z1.a(cc2420-arch.o)
 .data          0x000000000000111a        0x0 contiki-z1.a(node-id.o)
 .data          0x000000000000111a        0xa contiki-z1.a(sensors.o)
                0x000000000000111a                sensors_process
 .data          0x0000000000001124        0x0 contiki-z1.a(uart0.o)
 .data          0x0000000000001124        0x0 contiki-z1.a(uart0-putchar.o)
 .data          0x0000000000001124        0x8 contiki-z1.a(z1-sensors.o)
                0x0000000000001124                sensors
 .data          0x000000000000112c       0x20 contiki-z1.a(adxl345.o)
                0x000000000000112c                accmeter_process
 .data          0x000000000000114c        0x0 contiki-z1.a(tmp102.o)
 .data          0x000000000000114c        0x0 contiki-z1.a(clock.o)
 .data          0x000000000000114c        0x0 contiki-z1.a(leds-arch.o)
 .data          0x000000000000114c        0x0 contiki-z1.a(rtimer-arch.o)
 .data          0x000000000000114c        0x0 contiki-z1.a(autostart.o)
 .data          0x000000000000114c        0xa contiki-z1.a(ctimer.o)
                0x000000000000114c                ctimer_process
 .data          0x0000000000001156        0x0 contiki-z1.a(energest.o)
 .data          0x0000000000001156        0xa contiki-z1.a(etimer.o)
                0x0000000000001156                etimer_process
 .data          0x0000000000001160        0x0 contiki-z1.a(process.o)
 .data          0x0000000000001160        0x0 contiki-z1.a(rtimer.o)
 .data          0x0000000000001160        0x0 contiki-z1.a(timer.o)
 .data          0x0000000000001160        0xa contiki-z1.a(serial-line.o)
                0x0000000000001160                serial_line_process
 .data          0x000000000000116a        0x0 contiki-z1.a(list.o)
 .data          0x000000000000116a        0x0 contiki-z1.a(random.o)
 .data          0x000000000000116a        0x0 contiki-z1.a(ringbuf.o)
 .data          0x000000000000116a        0x0 contiki-z1.a(rime.o)
 .data          0x000000000000116a        0x0 contiki-z1.a(broadcast-annou)
 .data          0x000000000000116a        0x0 contiki-z1.a(abc.o)
 .data          0x000000000000116a        0x0 contiki-z1.a(chameleon.o)
 .data          0x000000000000116a        0x0 contiki-z1.a(channel.o)
 .data          0x000000000000116a        0x0 contiki-z1.a(broadcast.o)
 .data          0x000000000000116a        0x0 contiki-z1.a(announcement.o)
 .data          0x000000000000116a       0x10 contiki-z1.a(queuebuf.o)
 .data          0x000000000000117a        0x0 contiki-z1.a(packetbuf.o)
 .data          0x000000000000117a        0x0 contiki-z1.a(linkaddr.o)
 .data          0x000000000000117a        0x0 contiki-z1.a(nullmac.o)
 .data          0x000000000000117a        0x0 contiki-z1.a(nullrdc.o)
 .data          0x000000000000117a        0x0 contiki-z1.a(nullsec.o)
 .data          0x000000000000117a        0x1 contiki-z1.a(i2cmaster.o)
                0x000000000000117a                prescale_lsb
 .data          0x000000000000117b        0x0 contiki-z1.a(button-sensor.o)
 .data          0x000000000000117b        0x0 contiki-z1.a(memb.o)
 .data          0x000000000000117b        0x0 contiki-z1.a(chameleon-bitop)
 .data          0x000000000000117b        0x0 contiki-z1.a(mac.o)
 .data          0x000000000000117b        0x0 contiki-z1.a(framer-802154.o)
 *fill*         0x000000000000117b        0x1 00
 .data          0x000000000000117c        0x2 contiki-z1.a(frame802154.o)
 .data          0x000000000000117e        0x0 /usr/lib/gcc/msp430/4.6.3/mcpu-430x/mmpy-16/libgcc.a(_udivmod16.o)
 .data          0x000000000000117e        0x0 /usr/lib/gcc/msp430/4.6.3/mcpu-430x/mmpy-16/libgcc.a(_divmod16.o)
 .data          0x000000000000117e        0x0 /usr/lib/gcc/msp430/4.6.3/mcpu-430x/mmpy-16/libgcc.a(_udivmod32.o)
 .data          0x000000000000117e        0x0 /usr/lib/gcc/msp430/4.6.3/../../../../msp430/lib/mcpu-430x/mmpy-16/libc.a(strncmp.o)
 .data          0x000000000000117e        0x0 /usr/lib/gcc/msp430/4.6.3/../../../../msp430/lib/mcpu-430x/mmpy-16/libc.a(memcmp.o)
 .data          0x000000000000117e        0x0 /usr/lib/gcc/msp430/4.6.3/../../../../msp430/lib/mcpu-430x/mmpy-16/libc.a(memcpy.o)
 .data          0x000000000000117e        0x0 /usr/lib/gcc/msp430/4.6.3/../../../../msp430/lib/mcpu-430x/mmpy-16/libc.a(memset.o)
 .data          0x000000000000117e        0x0 /usr/lib/gcc/msp430/4.6.3/../../../../msp430/lib/mcpu-430x/mmpy-16/libc.a(printf.o)
 .data          0x000000000000117e        0x0 /usr/lib/gcc/msp430/4.6.3/../../../../msp430/lib/mcpu-430x/mmpy-16/libc.a(vuprintf.o)
 .data          0x000000000000117e        0x0 /usr/lib/gcc/msp430/4.6.3/../../../../msp430/lib/mcpu-430x/mmpy-16/libc.a(puts.o)
 .data          0x000000000000117e        0x4 /usr/lib/gcc/msp430/4.6.3/../../../../msp430/lib/mcpu-430x/mmpy-16/libc.a(rand.o)
 .data          0x0000000000001182        0x0 /usr/lib/gcc/msp430/4.6.3/mcpu-430x/mmpy-16/libgcc.a(_mulsi3.o)
 .data          0x0000000000001182        0x0 /usr/lib/gcc/msp430/4.6.3/mcpu-430x/mmpy-16/libgcc.a(_udivmod64.o)
 .data          0x0000000000001182        0x0 /usr/lib/gcc/msp430/4.6.3/mcpu-430x/mmpy-16/libcrt0.a(_reset_vector__.o)
 .data          0x0000000000001182        0x0 /usr/lib/gcc/msp430/4.6.3/mcpu-430x/mmpy-16/libcrt0.a(__watchdog_support.o)
 .data          0x0000000000001182        0x0 /usr/lib/gcc/msp430/4.6.3/mcpu-430x/mmpy-16/libcrt0.a(__init_stack.o)
 .data          0x0000000000001182        0x0 /usr/lib/gcc/msp430/4.6.3/mcpu-430x/mmpy-16/libcrt0.a(__low_level_init.o)
 .data          0x0000000000001182        0x0 /usr/lib/gcc/msp430/4.6.3/mcpu-430x/mmpy-16/libcrt0.a(_copy_data.o)
 .data          0x0000000000001182        0x0 /usr/lib/gcc/msp430/4.6.3/mcpu-430x/mmpy-16/libcrt0.a(_clear_bss.o)
 .data          0x0000000000001182        0x0 /usr/lib/gcc/msp430/4.6.3/mcpu-430x/mmpy-16/libcrt0.a(__stop_progExec__.o)
 .data          0x0000000000001182        0x0 /usr/lib/gcc/msp430/4.6.3/mcpu-430x/mmpy-16/libcrt0.a(_endless_loop__.o)
 .data          0x0000000000001182        0x0 /usr/lib/gcc/msp430/4.6.3/mcpu-430x/mmpy-16/libcrt0.a(_unexpected_.o)
                0x0000000000001182                . = ALIGN (0x2)
                0x0000000000001182                _edata = .
                0x00000000000083a8                PROVIDE (__data_load_start, LOADADDR (.data))
                0x0000000000000082                PROVIDE (__data_size, SIZEOF (.data))

.bss            0x0000000000001182      0x96e load address 0x000000000000842a
                0x0000000000001182                PROVIDE (__bss_start, .)
 *(.bss .bss.*)
 .bss           0x0000000000001182        0x0 /usr/lib/gcc/msp430/4.6.3/mcpu-430x/mmpy-16/crt0ivtbl32.o
 .bss           0x0000000000001182       0x1a nes-channel-selection-coordinator.co
                0x0000000000001182                selectionCounter
 .bss           0x000000000000119c        0x4 obj_z1/contiki-z1-main.o
 .bss           0x00000000000011a0        0x0 contiki-z1.a(contiki-z1-plat)
 .bss           0x00000000000011a0        0x0 contiki-z1.a(msp430.o)
 .bss           0x00000000000011a0        0x1 contiki-z1.a(leds.o)
 *fill*         0x00000000000011a1        0x1 00
 .bss           0x00000000000011a2        0x2 contiki-z1.a(watchdog.o)
 .bss           0x00000000000011a4        0x0 contiki-z1.a(xmem.o)
 .bss           0x00000000000011a4        0x2 contiki-z1.a(spi.o)
                0x00000000000011a4                spi_busy
 .bss           0x00000000000011a6        0xa contiki-z1.a(cc2420.o)
 .bss           0x00000000000011b0        0x0 contiki-z1.a(cc2420-arch.o)
 .bss           0x00000000000011b0        0x2 contiki-z1.a(node-id.o)
                0x00000000000011b0                node_id
 .bss           0x00000000000011b2        0x6 contiki-z1.a(sensors.o)
 .bss           0x00000000000011b8        0x4 contiki-z1.a(uart0.o)
 .bss           0x00000000000011bc        0x0 contiki-z1.a(uart0-putchar.o)
 .bss           0x00000000000011bc        0x0 contiki-z1.a(z1-sensors.o)
 .bss           0x00000000000011bc       0x16 contiki-z1.a(adxl345.o)
 .bss           0x00000000000011d2        0x1 contiki-z1.a(tmp102.o)
 *fill*         0x00000000000011d3        0x1 00
 .bss           0x00000000000011d4        0xa contiki-z1.a(clock.o)
 .bss           0x00000000000011de        0x0 contiki-z1.a(leds-arch.o)
 .bss           0x00000000000011de        0x0 contiki-z1.a(rtimer-arch.o)
 .bss           0x00000000000011de        0x0 contiki-z1.a(autostart.o)
 .bss           0x00000000000011de        0x4 contiki-z1.a(ctimer.o)
 .bss           0x00000000000011e2        0x0 contiki-z1.a(energest.o)
 .bss           0x00000000000011e2        0x6 contiki-z1.a(etimer.o)
 .bss           0x00000000000011e8       0x38 contiki-z1.a(process.o)
                0x00000000000011e8                process_current
                0x00000000000011ea                process_list
 .bss           0x0000000000001220        0x2 contiki-z1.a(rtimer.o)
 .bss           0x0000000000001222        0x0 contiki-z1.a(timer.o)
 .bss           0x0000000000001222      0x10a contiki-z1.a(serial-line.o)
 .bss           0x000000000000132c        0x0 contiki-z1.a(list.o)
 .bss           0x000000000000132c        0x0 contiki-z1.a(random.o)
 .bss           0x000000000000132c        0x0 contiki-z1.a(ringbuf.o)
 .bss           0x000000000000132c        0x2 contiki-z1.a(rime.o)
 .bss           0x000000000000132e       0x46 contiki-z1.a(broadcast-annou)
 .bss           0x0000000000001374        0x0 contiki-z1.a(abc.o)
 .bss           0x0000000000001374        0x0 contiki-z1.a(chameleon.o)
 .bss           0x0000000000001374        0x2 contiki-z1.a(channel.o)
 .bss           0x0000000000001376        0x0 contiki-z1.a(broadcast.o)
 .bss           0x0000000000001376        0x6 contiki-z1.a(announcement.o)
 .bss           0x000000000000137c      0x610 contiki-z1.a(queuebuf.o)
 .bss           0x000000000000198c       0x86 contiki-z1.a(packetbuf.o)
 .bss           0x0000000000001a12        0x0 contiki-z1.a(linkaddr.o)
 .bss           0x0000000000001a12        0x0 contiki-z1.a(nullmac.o)
 .bss           0x0000000000001a12        0x0 contiki-z1.a(nullrdc.o)
 .bss           0x0000000000001a12        0x0 contiki-z1.a(nullsec.o)
 .bss           0x0000000000001a12        0x4 contiki-z1.a(i2cmaster.o)
                0x0000000000001a12                prescale_msb
 .bss           0x0000000000001a16        0x8 contiki-z1.a(button-sensor.o)
 .bss           0x0000000000001a1e        0x0 contiki-z1.a(memb.o)
 .bss           0x0000000000001a1e        0x0 contiki-z1.a(chameleon-bitop)
 .bss           0x0000000000001a1e        0x0 contiki-z1.a(mac.o)
 .bss           0x0000000000001a1e        0x2 contiki-z1.a(framer-802154.o)
 .bss           0x0000000000001a20        0x0 contiki-z1.a(frame802154.o)
 .bss           0x0000000000001a20        0x0 /usr/lib/gcc/msp430/4.6.3/mcpu-430x/mmpy-16/libgcc.a(_udivmod16.o)
 .bss           0x0000000000001a20        0x0 /usr/lib/gcc/msp430/4.6.3/mcpu-430x/mmpy-16/libgcc.a(_divmod16.o)
 .bss           0x0000000000001a20        0x0 /usr/lib/gcc/msp430/4.6.3/mcpu-430x/mmpy-16/libgcc.a(_udivmod32.o)
 .bss           0x0000000000001a20        0x0 /usr/lib/gcc/msp430/4.6.3/../../../../msp430/lib/mcpu-430x/mmpy-16/libc.a(strncmp.o)
 .bss           0x0000000000001a20        0x0 /usr/lib/gcc/msp430/4.6.3/../../../../msp430/lib/mcpu-430x/mmpy-16/libc.a(memcmp.o)
 .bss           0x0000000000001a20        0x0 /usr/lib/gcc/msp430/4.6.3/../../../../msp430/lib/mcpu-430x/mmpy-16/libc.a(memcpy.o)
 .bss           0x0000000000001a20        0x0 /usr/lib/gcc/msp430/4.6.3/../../../../msp430/lib/mcpu-430x/mmpy-16/libc.a(memset.o)
 .bss           0x0000000000001a20        0x0 /usr/lib/gcc/msp430/4.6.3/../../../../msp430/lib/mcpu-430x/mmpy-16/libc.a(printf.o)
 .bss           0x0000000000001a20        0x0 /usr/lib/gcc/msp430/4.6.3/../../../../msp430/lib/mcpu-430x/mmpy-16/libc.a(vuprintf.o)
 .bss           0x0000000000001a20        0x0 /usr/lib/gcc/msp430/4.6.3/../../../../msp430/lib/mcpu-430x/mmpy-16/libc.a(puts.o)
 .bss           0x0000000000001a20        0x0 /usr/lib/gcc/msp430/4.6.3/../../../../msp430/lib/mcpu-430x/mmpy-16/libc.a(rand.o)
 .bss           0x0000000000001a20        0x0 /usr/lib/gcc/msp430/4.6.3/mcpu-430x/mmpy-16/libgcc.a(_mulsi3.o)
 .bss           0x0000000000001a20        0x0 /usr/lib/gcc/msp430/4.6.3/mcpu-430x/mmpy-16/libgcc.a(_udivmod64.o)
 .bss           0x0000000000001a20        0x0 /usr/lib/gcc/msp430/4.6.3/mcpu-430x/mmpy-16/libcrt0.a(_reset_vector__.o)
 .bss           0x0000000000001a20        0x0 /usr/lib/gcc/msp430/4.6.3/mcpu-430x/mmpy-16/libcrt0.a(__watchdog_support.o)
 .bss           0x0000000000001a20        0x0 /usr/lib/gcc/msp430/4.6.3/mcpu-430x/mmpy-16/libcrt0.a(__init_stack.o)
 .bss           0x0000000000001a20        0x0 /usr/lib/gcc/msp430/4.6.3/mcpu-430x/mmpy-16/libcrt0.a(__low_level_init.o)
 .bss           0x0000000000001a20        0x0 /usr/lib/gcc/msp430/4.6.3/mcpu-430x/mmpy-16/libcrt0.a(_copy_data.o)
 .bss           0x0000000000001a20        0x0 /usr/lib/gcc/msp430/4.6.3/mcpu-430x/mmpy-16/libcrt0.a(_clear_bss.o)
 .bss           0x0000000000001a20        0x0 /usr/lib/gcc/msp430/4.6.3/mcpu-430x/mmpy-16/libcrt0.a(__stop_progExec__.o)
 .bss           0x0000000000001a20        0x0 /usr/lib/gcc/msp430/4.6.3/mcpu-430x/mmpy-16/libcrt0.a(_endless_loop__.o)
 .bss           0x0000000000001a20        0x0 /usr/lib/gcc/msp430/4.6.3/mcpu-430x/mmpy-16/libcrt0.a(_unexpected_.o)
 *(COMMON)
 COMMON         0x0000000000001a20        0x6 nes-channel-selection-coordinator.co
                0x0000000000001a20                instructionBuff
 COMMON         0x0000000000001a26        0x2 contiki-z1.a(msp430.o)
                0x0000000000001a26                msp430_dco_required
 COMMON         0x0000000000001a28       0x10 contiki-z1.a(cc2420.o)
                0x0000000000001a28                cc2420_last_rssi
                0x0000000000001a2a                cc2420_sfd_start_time
                0x0000000000001a2c                cc2420_time_of_departure
                0x0000000000001a2e                cc2420_time_of_arrival
                0x0000000000001a30                cc2420_last_correlation
                0x0000000000001a32                cc2420_authority_level_of_sender
                0x0000000000001a34                cc2420_sfd_counter
                0x0000000000001a36                cc2420_sfd_end_time
 COMMON         0x0000000000001a38        0x8 contiki-z1.a(node-id.o)
                0x0000000000001a38                node_mac
 COMMON         0x0000000000001a40        0x1 contiki-z1.a(sensors.o)
                0x0000000000001a40                sensors_event
 *fill*         0x0000000000001a41        0x1 00
 COMMON         0x0000000000001a42        0x4 contiki-z1.a(z1-sensors.o)
                0x0000000000001a42                sensors_flags
 COMMON         0x0000000000001a46        0x4 contiki-z1.a(adxl345.o)
                0x0000000000001a46                accm_int2_cb
                0x0000000000001a48                accm_int1_cb
 COMMON         0x0000000000001a4a       0x56 contiki-z1.a(energest.o)
                0x0000000000001a4a                energest_total_time
                0x0000000000001a7a                energest_total_count
                0x0000000000001a7c                energest_current_mode
                0x0000000000001a88                energest_current_time
 COMMON         0x0000000000001aa0        0x1 contiki-z1.a(process.o)
                0x0000000000001aa0                process_maxevents
 COMMON         0x0000000000001aa1        0x1 contiki-z1.a(serial-line.o)
                0x0000000000001aa1                serial_line_event_message
 COMMON         0x0000000000001aa2       0x3c contiki-z1.a(packetbuf.o)
                0x0000000000001aa2                packetbuf_addrs
                0x0000000000001aaa                packetbuf_attrs
 COMMON         0x0000000000001ade        0x2 contiki-z1.a(linkaddr.o)
                0x0000000000001ade                linkaddr_node_addr
 COMMON         0x0000000000001ae0       0x10 contiki-z1.a(i2cmaster.o)
                0x0000000000001ae0                transmit_data1
                0x0000000000001ae1                rx_byte_ctr
                0x0000000000001ae2                tx_buf_ptr
                0x0000000000001ae4                tx_byte_ctr
                0x0000000000001ae6                i
                0x0000000000001ae8                receive_data
                0x0000000000001aea                rx_buf
                0x0000000000001aec                transmit_data2
                0x0000000000001aee                rx_buf_ptr
                0x0000000000001af0                . = ALIGN (0x2)
                0x0000000000001af0                PROVIDE (__bss_end, .)
                0x000000000000096e                PROVIDE (__bss_size, SIZEOF (.bss))

.noinit         0x0000000000001af0        0x2 load address 0x000000000000842a
                0x0000000000001af0                PROVIDE (__noinit_start, .)
 *(.noinit .noinit.*)
 .noinit.crt0   0x0000000000001af0        0x2 /usr/lib/gcc/msp430/4.6.3/mcpu-430x/mmpy-16/libcrt0.a(__watchdog_support.o)
                0x0000000000001af0                __wdt_clear_value
                0x0000000000001af2                . = ALIGN (0x2)
                0x0000000000001af2                PROVIDE (__noinit_end, .)
                0x0000000000001af2                . = ALIGN (0x2)
                0x0000000000001af2                _end = .

.infomem        0x0000000000001000        0x0
 *(.infomem)
                0x0000000000001000                . = ALIGN (0x2)
 *(.infomem.*)

.infomemnobits  0x0000000000001000        0x0
 *(.infomemnobits)
                0x0000000000001000                . = ALIGN (0x2)
 *(.infomemnobits.*)

.infoa
 *(.infoa .infoa.*)

.infob
 *(.infob .infob.*)

.infoc
 *(.infoc .infoc.*)

.infod
 *(.infod .infod.*)

.vectors        0x000000000000ffc0       0x40
                0x000000000000ffc0                PROVIDE (__vectors_start, .)
 *(.vectors*)
 .vectors       0x000000000000ffc0       0x40 /usr/lib/gcc/msp430/4.6.3/mcpu-430x/mmpy-16/crt0ivtbl32.o
                0x000000000000ffc0                __ivtbl_32
                0x0000000000010000                _vectors_end = .

.fartext        0x0000000000010000        0x0
                0x0000000000010000                . = ALIGN (0x2)
 *(.fartext)
                0x0000000000010000                . = ALIGN (0x2)
 *(.fartext.*)
                0x0000000000010000                _efartext = .

.profiler
 *(.profiler)

.stab           0x0000000000000000    0x18984
 *(.stab)
 .stab          0x0000000000000000     0x14b8 nes-channel-selection-coordinator.co
 .stab          0x00000000000014b8     0x1044 obj_z1/contiki-z1-main.o
                                       0x17dc (size before relaxing)
 .stab          0x00000000000024fc      0x24c contiki-z1.a(contiki-z1-plat)
                                        0x5a0 (size before relaxing)
 .stab          0x0000000000002748      0x588 contiki-z1.a(msp430.o)
                                        0x8dc (size before relaxing)
 .stab          0x0000000000002cd0      0x5dc contiki-z1.a(leds.o)
                                        0x828 (size before relaxing)
 .stab          0x00000000000032ac      0x3fc contiki-z1.a(watchdog.o)
                                        0x750 (size before relaxing)
 .stab          0x00000000000036a8      0x9fc contiki-z1.a(xmem.o)
                                        0xf3c (size before relaxing)
 .stab          0x00000000000040a4      0x288 contiki-z1.a(spi.o)
                                        0x5dc (size before relaxing)
 .stab          0x000000000000432c     0x28d4 contiki-z1.a(cc2420.o)
                                       0x3030 (size before relaxing)
 .stab          0x0000000000006c00      0x9e4 contiki-z1.a(cc2420-arch.o)
                                       0x1374 (size before relaxing)
 .stab          0x00000000000075e4      0x300 contiki-z1.a(node-id.o)
                                        0x6d8 (size before relaxing)
 .stab          0x00000000000078e4      0x654 contiki-z1.a(sensors.o)
                                        0xb70 (size before relaxing)
 .stab          0x0000000000007f38      0x504 contiki-z1.a(uart0.o)
                                        0xa38 (size before relaxing)
 .stab          0x000000000000843c      0x234 contiki-z1.a(uart0-putchar.o)
                                        0x588 (size before relaxing)
 .stab          0x0000000000008670      0x3a8 contiki-z1.a(z1-sensors.o)
                                        0x78c (size before relaxing)
 .stab          0x0000000000008a18      0xd2c contiki-z1.a(adxl345.o)
                                       0x135c (size before relaxing)
 .stab          0x0000000000009744      0x81c contiki-z1.a(tmp102.o)
                                        0xd74 (size before relaxing)
 .stab          0x0000000000009f60      0x948 contiki-z1.a(clock.o)
                                        0xc9c (size before relaxing)
 .stab          0x000000000000a8a8      0x3a8 contiki-z1.a(leds-arch.o)
                                        0x6fc (size before relaxing)
 .stab          0x000000000000ac50      0x3cc contiki-z1.a(rtimer-arch.o)
                                        0x720 (size before relaxing)
 .stab          0x000000000000b01c      0x294 contiki-z1.a(autostart.o)
                                        0x534 (size before relaxing)
 .stab          0x000000000000b2b0      0x858 contiki-z1.a(ctimer.o)
                                        0xbc4 (size before relaxing)
 .stab          0x000000000000bb08      0x474 contiki-z1.a(energest.o)
                                        0x6fc (size before relaxing)
 .stab          0x000000000000bf7c      0xabc contiki-z1.a(etimer.o)
                                        0xd8c (size before relaxing)
 .stab          0x000000000000ca38      0xba0 contiki-z1.a(process.o)
                                       0x1038 (size before relaxing)
 .stab          0x000000000000d5d8      0x3d8 contiki-z1.a(rtimer.o)
                                        0x6c0 (size before relaxing)
 .stab          0x000000000000d9b0      0x354 contiki-z1.a(timer.o)
                                        0x594 (size before relaxing)
 .stab          0x000000000000dd04      0x534 contiki-z1.a(serial-line.o)
                                        0xa50 (size before relaxing)
 .stab          0x000000000000e238      0x7f8 contiki-z1.a(list.o)
                                        0x804 (size before relaxing)
 .stab          0x000000000000ea30      0x228 contiki-z1.a(random.o)
                                        0x624 (size before relaxing)
 .stab          0x000000000000ec58      0x3fc contiki-z1.a(ringbuf.o)
                                        0x63c (size before relaxing)
 .stab          0x000000000000f054      0xbc4 contiki-z1.a(rime.o)
                                       0x1410 (size before relaxing)
 .stab          0x000000000000fc18      0x948 contiki-z1.a(broadcast-annou)
                                       0x15c0 (size before relaxing)
 .stab          0x0000000000010560      0x66c contiki-z1.a(abc.o)
                                       0x1494 (size before relaxing)
 .stab          0x0000000000010bcc      0x5e8 contiki-z1.a(chameleon.o)
                                       0x123c (size before relaxing)
 .stab          0x00000000000111b4      0x624 contiki-z1.a(channel.o)
                                       0x129c (size before relaxing)
 .stab          0x00000000000117d8      0x6d8 contiki-z1.a(broadcast.o)
                                       0x1500 (size before relaxing)
 .stab          0x0000000000011eb0      0x6e4 contiki-z1.a(announcement.o)
                                        0x984 (size before relaxing)
 .stab          0x0000000000012594      0xa5c contiki-z1.a(queuebuf.o)
                                       0x1884 (size before relaxing)
 .stab          0x0000000000012ff0      0xc0c contiki-z1.a(packetbuf.o)
                                       0x1a4c (size before relaxing)
 .stab          0x0000000000013bfc      0x2c4 contiki-z1.a(linkaddr.o)
                                        0x6c0 (size before relaxing)
 .stab          0x0000000000013ec0      0x498 contiki-z1.a(nullmac.o)
                                        0xdc8 (size before relaxing)
 .stab          0x0000000000014358      0x708 contiki-z1.a(nullrdc.o)
                                       0x1050 (size before relaxing)
 .stab          0x0000000000014a60      0x3c0 contiki-z1.a(nullsec.o)
                                        0xcf0 (size before relaxing)
 .stab          0x0000000000014e20      0x894 contiki-z1.a(i2cmaster.o)
                                        0xbe8 (size before relaxing)
 .stab          0x00000000000156b4      0x468 contiki-z1.a(button-sensor.o)
                                        0x7d4 (size before relaxing)
 .stab          0x0000000000015b1c      0x5c4 contiki-z1.a(memb.o)
                                        0xaf8 (size before relaxing)
 .stab          0x00000000000160e0      0xd8c contiki-z1.a(chameleon-bitop)
                                       0x1a04 (size before relaxing)
 .stab          0x0000000000016e6c      0x1f8 contiki-z1.a(mac.o)
                                        0x4ec (size before relaxing)
 .stab          0x0000000000017064      0x924 contiki-z1.a(framer-802154.o)
                                        0xf30 (size before relaxing)
 .stab          0x0000000000017988      0xffc contiki-z1.a(frame802154.o)
                                       0x17e8 (size before relaxing)

.stabstr        0x0000000000000000    0x1442a
 *(.stabstr)
 .stabstr       0x0000000000000000    0x1442a nes-channel-selection-coordinator.co

.stab.excl
 *(.stab.excl)

.stab.exclstr
 *(.stab.exclstr)

.stab.index
 *(.stab.index)

.stab.indexstr
 *(.stab.indexstr)

.comment
 *(.comment)

.debug
 *(.debug)

.line
 *(.line)

.debug_srcinfo
 *(.debug_srcinfo)

.debug_sfnames
 *(.debug_sfnames)

.debug_aranges  0x0000000000000000      0x17c
 *(.debug_aranges)
 .debug_aranges
                0x0000000000000000       0x14 /usr/lib/gcc/msp430/4.6.3/mcpu-430x/mmpy-16/libgcc.a(_udivmod16.o)
 .debug_aranges
                0x0000000000000014       0x14 /usr/lib/gcc/msp430/4.6.3/mcpu-430x/mmpy-16/libgcc.a(_divmod16.o)
 .debug_aranges
                0x0000000000000028       0x14 /usr/lib/gcc/msp430/4.6.3/mcpu-430x/mmpy-16/libgcc.a(_udivmod32.o)
 .debug_aranges
                0x000000000000003c       0x14 /usr/lib/gcc/msp430/4.6.3/../../../../msp430/lib/mcpu-430x/mmpy-16/libc.a(strncmp.o)
 .debug_aranges
                0x0000000000000050       0x14 /usr/lib/gcc/msp430/4.6.3/../../../../msp430/lib/mcpu-430x/mmpy-16/libc.a(memcmp.o)
 .debug_aranges
                0x0000000000000064       0x14 /usr/lib/gcc/msp430/4.6.3/../../../../msp430/lib/mcpu-430x/mmpy-16/libc.a(memcpy.o)
 .debug_aranges
                0x0000000000000078       0x14 /usr/lib/gcc/msp430/4.6.3/../../../../msp430/lib/mcpu-430x/mmpy-16/libc.a(memset.o)
 .debug_aranges
                0x000000000000008c       0x14 /usr/lib/gcc/msp430/4.6.3/../../../../msp430/lib/mcpu-430x/mmpy-16/libc.a(printf.o)
 .debug_aranges
                0x00000000000000a0       0x14 /usr/lib/gcc/msp430/4.6.3/../../../../msp430/lib/mcpu-430x/mmpy-16/libc.a(vuprintf.o)
 .debug_aranges
                0x00000000000000b4       0x14 /usr/lib/gcc/msp430/4.6.3/../../../../msp430/lib/mcpu-430x/mmpy-16/libc.a(puts.o)
 .debug_aranges
                0x00000000000000c8       0x14 /usr/lib/gcc/msp430/4.6.3/../../../../msp430/lib/mcpu-430x/mmpy-16/libc.a(rand.o)
 .debug_aranges
                0x00000000000000dc       0x14 /usr/lib/gcc/msp430/4.6.3/mcpu-430x/mmpy-16/libgcc.a(_mulsi3.o)
 .debug_aranges
                0x00000000000000f0       0x14 /usr/lib/gcc/msp430/4.6.3/mcpu-430x/mmpy-16/libgcc.a(_udivmod64.o)
 .debug_aranges
                0x0000000000000104       0x14 /usr/lib/gcc/msp430/4.6.3/mcpu-430x/mmpy-16/libcrt0.a(__watchdog_support.o)
 .debug_aranges
                0x0000000000000118       0x14 /usr/lib/gcc/msp430/4.6.3/mcpu-430x/mmpy-16/libcrt0.a(__init_stack.o)
 .debug_aranges
                0x000000000000012c       0x14 /usr/lib/gcc/msp430/4.6.3/mcpu-430x/mmpy-16/libcrt0.a(_copy_data.o)
 .debug_aranges
                0x0000000000000140       0x14 /usr/lib/gcc/msp430/4.6.3/mcpu-430x/mmpy-16/libcrt0.a(_clear_bss.o)
 .debug_aranges
                0x0000000000000154       0x14 /usr/lib/gcc/msp430/4.6.3/mcpu-430x/mmpy-16/libcrt0.a(_endless_loop__.o)
 .debug_aranges
                0x0000000000000168       0x14 /usr/lib/gcc/msp430/4.6.3/mcpu-430x/mmpy-16/libcrt0.a(_unexpected_.o)

.debug_pubnames
 *(.debug_pubnames)

.debug_info     0x0000000000000000     0x14a1
 *(.debug_info)
 .debug_info    0x0000000000000000       0xe0 /usr/lib/gcc/msp430/4.6.3/mcpu-430x/mmpy-16/libgcc.a(_udivmod16.o)
 .debug_info    0x00000000000000e0       0xe0 /usr/lib/gcc/msp430/4.6.3/mcpu-430x/mmpy-16/libgcc.a(_divmod16.o)
 .debug_info    0x00000000000001c0       0xe0 /usr/lib/gcc/msp430/4.6.3/mcpu-430x/mmpy-16/libgcc.a(_udivmod32.o)
 .debug_info    0x00000000000002a0       0xbb /usr/lib/gcc/msp430/4.6.3/../../../../msp430/lib/mcpu-430x/mmpy-16/libc.a(strncmp.o)
 .debug_info    0x000000000000035b       0xe8 /usr/lib/gcc/msp430/4.6.3/../../../../msp430/lib/mcpu-430x/mmpy-16/libc.a(memcmp.o)
 .debug_info    0x0000000000000443      0x111 /usr/lib/gcc/msp430/4.6.3/../../../../msp430/lib/mcpu-430x/mmpy-16/libc.a(memcpy.o)
 .debug_info    0x0000000000000554       0xfe /usr/lib/gcc/msp430/4.6.3/../../../../msp430/lib/mcpu-430x/mmpy-16/libc.a(memset.o)
 .debug_info    0x0000000000000652      0x105 /usr/lib/gcc/msp430/4.6.3/../../../../msp430/lib/mcpu-430x/mmpy-16/libc.a(printf.o)
 .debug_info    0x0000000000000757      0x565 /usr/lib/gcc/msp430/4.6.3/../../../../msp430/lib/mcpu-430x/mmpy-16/libc.a(vuprintf.o)
 .debug_info    0x0000000000000cbc       0x96 /usr/lib/gcc/msp430/4.6.3/../../../../msp430/lib/mcpu-430x/mmpy-16/libc.a(puts.o)
 .debug_info    0x0000000000000d52      0x13f /usr/lib/gcc/msp430/4.6.3/../../../../msp430/lib/mcpu-430x/mmpy-16/libc.a(rand.o)
 .debug_info    0x0000000000000e91       0xe0 /usr/lib/gcc/msp430/4.6.3/mcpu-430x/mmpy-16/libgcc.a(_mulsi3.o)
 .debug_info    0x0000000000000f71       0xe0 /usr/lib/gcc/msp430/4.6.3/mcpu-430x/mmpy-16/libgcc.a(_udivmod64.o)
 .debug_info    0x0000000000001051       0xb8 /usr/lib/gcc/msp430/4.6.3/mcpu-430x/mmpy-16/libcrt0.a(__watchdog_support.o)
 .debug_info    0x0000000000001109       0xb8 /usr/lib/gcc/msp430/4.6.3/mcpu-430x/mmpy-16/libcrt0.a(__init_stack.o)
 .debug_info    0x00000000000011c1       0xb8 /usr/lib/gcc/msp430/4.6.3/mcpu-430x/mmpy-16/libcrt0.a(_copy_data.o)
 .debug_info    0x0000000000001279       0xb8 /usr/lib/gcc/msp430/4.6.3/mcpu-430x/mmpy-16/libcrt0.a(_clear_bss.o)
 .debug_info    0x0000000000001331       0xb8 /usr/lib/gcc/msp430/4.6.3/mcpu-430x/mmpy-16/libcrt0.a(_endless_loop__.o)
 .debug_info    0x00000000000013e9       0xb8 /usr/lib/gcc/msp430/4.6.3/mcpu-430x/mmpy-16/libcrt0.a(_unexpected_.o)
 *(.gnu.linkonce.wi.*)

.debug_abbrev   0x0000000000000000      0x744
 *(.debug_abbrev)
 .debug_abbrev  0x0000000000000000       0x14 /usr/lib/gcc/msp430/4.6.3/mcpu-430x/mmpy-16/libgcc.a(_udivmod16.o)
 .debug_abbrev  0x0000000000000014       0x14 /usr/lib/gcc/msp430/4.6.3/mcpu-430x/mmpy-16/libgcc.a(_divmod16.o)
 .debug_abbrev  0x0000000000000028       0x14 /usr/lib/gcc/msp430/4.6.3/mcpu-430x/mmpy-16/libgcc.a(_udivmod32.o)
 .debug_abbrev  0x000000000000003c       0x7c /usr/lib/gcc/msp430/4.6.3/../../../../msp430/lib/mcpu-430x/mmpy-16/libc.a(strncmp.o)
 .debug_abbrev  0x00000000000000b8       0x9b /usr/lib/gcc/msp430/4.6.3/../../../../msp430/lib/mcpu-430x/mmpy-16/libc.a(memcmp.o)
 .debug_abbrev  0x0000000000000153       0xa6 /usr/lib/gcc/msp430/4.6.3/../../../../msp430/lib/mcpu-430x/mmpy-16/libc.a(memcpy.o)
 .debug_abbrev  0x00000000000001f9       0x9c /usr/lib/gcc/msp430/4.6.3/../../../../msp430/lib/mcpu-430x/mmpy-16/libc.a(memset.o)
 .debug_abbrev  0x0000000000000295       0xd0 /usr/lib/gcc/msp430/4.6.3/../../../../msp430/lib/mcpu-430x/mmpy-16/libc.a(printf.o)
 .debug_abbrev  0x0000000000000365      0x1ef /usr/lib/gcc/msp430/4.6.3/../../../../msp430/lib/mcpu-430x/mmpy-16/libc.a(vuprintf.o)
 .debug_abbrev  0x0000000000000554       0x60 /usr/lib/gcc/msp430/4.6.3/../../../../msp430/lib/mcpu-430x/mmpy-16/libc.a(puts.o)
 .debug_abbrev  0x00000000000005b4       0xf0 /usr/lib/gcc/msp430/4.6.3/../../../../msp430/lib/mcpu-430x/mmpy-16/libc.a(rand.o)
 .debug_abbrev  0x00000000000006a4       0x14 /usr/lib/gcc/msp430/4.6.3/mcpu-430x/mmpy-16/libgcc.a(_mulsi3.o)
 .debug_abbrev  0x00000000000006b8       0x14 /usr/lib/gcc/msp430/4.6.3/mcpu-430x/mmpy-16/libgcc.a(_udivmod64.o)
 .debug_abbrev  0x00000000000006cc       0x14 /usr/lib/gcc/msp430/4.6.3/mcpu-430x/mmpy-16/libcrt0.a(__watchdog_support.o)
 .debug_abbrev  0x00000000000006e0       0x14 /usr/lib/gcc/msp430/4.6.3/mcpu-430x/mmpy-16/libcrt0.a(__init_stack.o)
 .debug_abbrev  0x00000000000006f4       0x14 /usr/lib/gcc/msp430/4.6.3/mcpu-430x/mmpy-16/libcrt0.a(_copy_data.o)
 .debug_abbrev  0x0000000000000708       0x14 /usr/lib/gcc/msp430/4.6.3/mcpu-430x/mmpy-16/libcrt0.a(_clear_bss.o)
 .debug_abbrev  0x000000000000071c       0x14 /usr/lib/gcc/msp430/4.6.3/mcpu-430x/mmpy-16/libcrt0.a(_endless_loop__.o)
 .debug_abbrev  0x0000000000000730       0x14 /usr/lib/gcc/msp430/4.6.3/mcpu-430x/mmpy-16/libcrt0.a(_unexpected_.o)

.debug_line     0x0000000000000000      0xcf1
 *(.debug_line)
 .debug_line    0x0000000000000000       0x9c /usr/lib/gcc/msp430/4.6.3/mcpu-430x/mmpy-16/libgcc.a(_udivmod16.o)
 .debug_line    0x000000000000009c       0xa7 /usr/lib/gcc/msp430/4.6.3/mcpu-430x/mmpy-16/libgcc.a(_divmod16.o)
 .debug_line    0x0000000000000143       0xa7 /usr/lib/gcc/msp430/4.6.3/mcpu-430x/mmpy-16/libgcc.a(_udivmod32.o)
 .debug_line    0x00000000000001ea       0x75 /usr/lib/gcc/msp430/4.6.3/../../../../msp430/lib/mcpu-430x/mmpy-16/libc.a(strncmp.o)
 .debug_line    0x000000000000025f       0x73 /usr/lib/gcc/msp430/4.6.3/../../../../msp430/lib/mcpu-430x/mmpy-16/libc.a(memcmp.o)
 .debug_line    0x00000000000002d2       0xe9 /usr/lib/gcc/msp430/4.6.3/../../../../msp430/lib/mcpu-430x/mmpy-16/libc.a(memcpy.o)
 .debug_line    0x00000000000003bb       0xc8 /usr/lib/gcc/msp430/4.6.3/../../../../msp430/lib/mcpu-430x/mmpy-16/libc.a(memset.o)
 .debug_line    0x0000000000000483       0x72 /usr/lib/gcc/msp430/4.6.3/../../../../msp430/lib/mcpu-430x/mmpy-16/libc.a(printf.o)
 .debug_line    0x00000000000004f5      0x2ce /usr/lib/gcc/msp430/4.6.3/../../../../msp430/lib/mcpu-430x/mmpy-16/libc.a(vuprintf.o)
 .debug_line    0x00000000000007c3       0x4d /usr/lib/gcc/msp430/4.6.3/../../../../msp430/lib/mcpu-430x/mmpy-16/libc.a(puts.o)
 .debug_line    0x0000000000000810       0x4f /usr/lib/gcc/msp430/4.6.3/../../../../msp430/lib/mcpu-430x/mmpy-16/libc.a(rand.o)
 .debug_line    0x000000000000085f       0xa2 /usr/lib/gcc/msp430/4.6.3/mcpu-430x/mmpy-16/libgcc.a(_mulsi3.o)
 .debug_line    0x0000000000000901       0xd5 /usr/lib/gcc/msp430/4.6.3/mcpu-430x/mmpy-16/libgcc.a(_udivmod64.o)
 .debug_line    0x00000000000009d6       0x84 /usr/lib/gcc/msp430/4.6.3/mcpu-430x/mmpy-16/libcrt0.a(__watchdog_support.o)
 .debug_line    0x0000000000000a5a       0x82 /usr/lib/gcc/msp430/4.6.3/mcpu-430x/mmpy-16/libcrt0.a(__init_stack.o)
 .debug_line    0x0000000000000adc       0x88 /usr/lib/gcc/msp430/4.6.3/mcpu-430x/mmpy-16/libcrt0.a(_copy_data.o)
 .debug_line    0x0000000000000b64       0x88 /usr/lib/gcc/msp430/4.6.3/mcpu-430x/mmpy-16/libcrt0.a(_clear_bss.o)
 .debug_line    0x0000000000000bec       0x83 /usr/lib/gcc/msp430/4.6.3/mcpu-430x/mmpy-16/libcrt0.a(_endless_loop__.o)
 .debug_line    0x0000000000000c6f       0x82 /usr/lib/gcc/msp430/4.6.3/mcpu-430x/mmpy-16/libcrt0.a(_unexpected_.o)

.debug_frame    0x0000000000000000      0x1ac
 *(.debug_frame)
 .debug_frame   0x0000000000000000       0x24 /usr/lib/gcc/msp430/4.6.3/../../../../msp430/lib/mcpu-430x/mmpy-16/libc.a(strncmp.o)
 .debug_frame   0x0000000000000024       0x24 /usr/lib/gcc/msp430/4.6.3/../../../../msp430/lib/mcpu-430x/mmpy-16/libc.a(memcmp.o)
 .debug_frame   0x0000000000000048       0x2c /usr/lib/gcc/msp430/4.6.3/../../../../msp430/lib/mcpu-430x/mmpy-16/libc.a(memcpy.o)
 .debug_frame   0x0000000000000074       0x2a /usr/lib/gcc/msp430/4.6.3/../../../../msp430/lib/mcpu-430x/mmpy-16/libc.a(memset.o)
 .debug_frame   0x000000000000009e       0x2a /usr/lib/gcc/msp430/4.6.3/../../../../msp430/lib/mcpu-430x/mmpy-16/libc.a(printf.o)
 .debug_frame   0x00000000000000c8       0x84 /usr/lib/gcc/msp430/4.6.3/../../../../msp430/lib/mcpu-430x/mmpy-16/libc.a(vuprintf.o)
 .debug_frame   0x000000000000014c       0x24 /usr/lib/gcc/msp430/4.6.3/../../../../msp430/lib/mcpu-430x/mmpy-16/libc.a(puts.o)
 .debug_frame   0x0000000000000170       0x3c /usr/lib/gcc/msp430/4.6.3/../../../../msp430/lib/mcpu-430x/mmpy-16/libc.a(rand.o)

.debug_str      0x0000000000000000      0x3dc
 *(.debug_str)
 .debug_str     0x0000000000000000       0xc4 /usr/lib/gcc/msp430/4.6.3/../../../../msp430/lib/mcpu-430x/mmpy-16/libc.a(strncmp.o)
                                         0xfd (size before relaxing)
 .debug_str     0x00000000000000c4       0x19 /usr/lib/gcc/msp430/4.6.3/../../../../msp430/lib/mcpu-430x/mmpy-16/libc.a(memcmp.o)
                                         0xfb (size before relaxing)
 .debug_str     0x00000000000000dd       0x34 /usr/lib/gcc/msp430/4.6.3/../../../../msp430/lib/mcpu-430x/mmpy-16/libc.a(memcpy.o)
                                        0x116 (size before relaxing)
 .debug_str     0x0000000000000111       0x26 /usr/lib/gcc/msp430/4.6.3/../../../../msp430/lib/mcpu-430x/mmpy-16/libc.a(memset.o)
                                        0x114 (size before relaxing)
 .debug_str     0x0000000000000137       0x40 /usr/lib/gcc/msp430/4.6.3/../../../../msp430/lib/mcpu-430x/mmpy-16/libc.a(printf.o)
                                        0x12a (size before relaxing)
 .debug_str     0x0000000000000177      0x221 /usr/lib/gcc/msp430/4.6.3/../../../../msp430/lib/mcpu-430x/mmpy-16/libc.a(vuprintf.o)
                                        0x375 (size before relaxing)
 .debug_str     0x0000000000000398       0x15 /usr/lib/gcc/msp430/4.6.3/../../../../msp430/lib/mcpu-430x/mmpy-16/libc.a(puts.o)
                                         0xf0 (size before relaxing)
 .debug_str     0x00000000000003ad       0x2f /usr/lib/gcc/msp430/4.6.3/../../../../msp430/lib/mcpu-430x/mmpy-16/libc.a(rand.o)
                                        0x10f (size before relaxing)

.debug_loc      0x0000000000000000      0xa34
 *(.debug_loc)
 .debug_loc     0x0000000000000000       0x38 /usr/lib/gcc/msp430/4.6.3/../../../../msp430/lib/mcpu-430x/mmpy-16/libc.a(strncmp.o)
 .debug_loc     0x0000000000000038       0x5e /usr/lib/gcc/msp430/4.6.3/../../../../msp430/lib/mcpu-430x/mmpy-16/libc.a(memcmp.o)
 .debug_loc     0x0000000000000096      0x1b7 /usr/lib/gcc/msp430/4.6.3/../../../../msp430/lib/mcpu-430x/mmpy-16/libc.a(memcpy.o)
 .debug_loc     0x000000000000024d       0xc3 /usr/lib/gcc/msp430/4.6.3/../../../../msp430/lib/mcpu-430x/mmpy-16/libc.a(memset.o)
 .debug_loc     0x0000000000000310       0x38 /usr/lib/gcc/msp430/4.6.3/../../../../msp430/lib/mcpu-430x/mmpy-16/libc.a(printf.o)
 .debug_loc     0x0000000000000348      0x697 /usr/lib/gcc/msp430/4.6.3/../../../../msp430/lib/mcpu-430x/mmpy-16/libc.a(vuprintf.o)
 .debug_loc     0x00000000000009df       0x26 /usr/lib/gcc/msp430/4.6.3/../../../../msp430/lib/mcpu-430x/mmpy-16/libc.a(puts.o)
 .debug_loc     0x0000000000000a05       0x2f /usr/lib/gcc/msp430/4.6.3/../../../../msp430/lib/mcpu-430x/mmpy-16/libc.a(rand.o)

.debug_macinfo
 *(.debug_macinfo)

.debug_pubtypes
 *(.debug_pubtypes)

.debug_ranges   0x0000000000000000       0x18
 *(.debug_ranges)
 .debug_ranges  0x0000000000000000       0x18 /usr/lib/gcc/msp430/4.6.3/../../../../msp430/lib/mcpu-430x/mmpy-16/libc.a(vuprintf.o)
                0x0000000000003100                PROVIDE (__stack, (ORIGIN (ram) + 0x2000))
                0x00000000000083a8                PROVIDE (__data_start_rom, _etext)
                0x000000000000842a                PROVIDE (__data_end_rom, (_etext + SIZEOF (.data)))
OUTPUT(nes-channel-selection-coordinator.z1 elf32-msp430)
