Archive member included because of file (symbol)

contiki-sky.a(contiki-sky-pla)
                              obj_sky/contiki-sky-main.o (init_platform)
contiki-sky.a(button-sensor.o)
                              contiki-sky.a(contiki-sky-pla) (button_sensor)
contiki-sky.a(ds2411.o)       obj_sky/contiki-sky-main.o (ds2411_init)
contiki-sky.a(xmem.o)         obj_sky/contiki-sky-main.o (xmem_init)
contiki-sky.a(node-id.o)      obj_sky/contiki-sky-main.o (node_id_restore)
contiki-sky.a(sensors.o)      contiki-sky.a(button-sensor.o) (sensors_changed)
contiki-sky.a(cc2420.o)       nes-channel-selection-coordinator.co (cc2420_on)
contiki-sky.a(cc2420-arch.o)  contiki-sky.a(cc2420.o) (cc2420_arch_init)
contiki-sky.a(uart1.o)        obj_sky/contiki-sky-main.o (uart1_active)
contiki-sky.a(uart1-putchar.o)
                              obj_sky/contiki-sky-main.o (putchar)
contiki-sky.a(msp430.o)       contiki-sky.a(uart1.o) (msp430_add_lpm_req)
contiki-sky.a(clock.o)        obj_sky/contiki-sky-main.o (clock_init)
contiki-sky.a(leds.o)         obj_sky/contiki-sky-main.o (leds_init)
contiki-sky.a(leds-arch.o)    contiki-sky.a(leds.o) (leds_arch_init)
contiki-sky.a(watchdog.o)     obj_sky/contiki-sky-main.o (watchdog_start)
contiki-sky.a(rtimer-arch.o)  obj_sky/contiki-sky-main.o (rtimer_arch_now)
contiki-sky.a(autostart.o)    obj_sky/contiki-sky-main.o (autostart_start)
contiki-sky.a(energest.o)     obj_sky/contiki-sky-main.o (energest_init)
contiki-sky.a(ctimer.o)       obj_sky/contiki-sky-main.o (ctimer_init)
contiki-sky.a(etimer.o)       contiki-sky.a(clock.o) (etimer_request_poll)
contiki-sky.a(process.o)      contiki-sky.a(ctimer.o) (process_current)
contiki-sky.a(rtimer.o)       obj_sky/contiki-sky-main.o (rtimer_init)
contiki-sky.a(timer.o)        obj_sky/contiki-sky-main.o (timer_set)
contiki-sky.a(list.o)         contiki-sky.a(ctimer.o) (list_init)
contiki-sky.a(random.o)       obj_sky/contiki-sky-main.o (random_init)
contiki-sky.a(uip-ds6.o)      obj_sky/contiki-sky-main.o (uip_ds6_get_link_local)
contiki-sky.a(uip-ds6-route.o)
                              contiki-sky.a(uip-ds6.o) (uip_ds6_route_init)
contiki-sky.a(uip6.o)         obj_sky/contiki-sky-main.o (uip_lladdr)
contiki-sky.a(uip-ds6-nbr.o)  contiki-sky.a(uip-ds6.o) (uip_ds6_neighbors_init)
contiki-sky.a(uip-nd6.o)      contiki-sky.a(uip6.o) (uip_nd6_init)
contiki-sky.a(sicslowpan.o)   obj_sky/contiki-sky-main.o (sicslowpan_driver)
contiki-sky.a(uip-debug.o)    contiki-sky.a(uip-ds6-route.o) (uip_debug_ipaddr_print)
contiki-sky.a(tcpip.o)        contiki-sky.a(sicslowpan.o) (tcpip_set_outputfunc)
contiki-sky.a(rpl-dag.o)      contiki-sky.a(tcpip.o) (rpl_repair_root)
contiki-sky.a(rpl-timers.o)   contiki-sky.a(rpl-dag.o) (rpl_reset_dio_timer)
contiki-sky.a(rpl-ext-header.)
                              contiki-sky.a(uip6.o) (rpl_verify_hbh_header)
contiki-sky.a(rpl.o)          contiki-sky.a(rpl-timers.o) (rpl_get_mode)
contiki-sky.a(rpl-mrhof.o)    contiki-sky.a(rpl-dag.o) (rpl_mrhof)
contiki-sky.a(rpl-icmp6.o)    contiki-sky.a(rpl-dag.o) (rpl_icmp6_update_nbr_table)
contiki-sky.a(nullmac.o)      nes-channel-selection-coordinator.co (nullmac_driver)
contiki-sky.a(framer-802154.o)
                              contiki-sky.a(sicslowpan.o) (framer_802154)
contiki-sky.a(frame802154.o)  contiki-sky.a(framer-802154.o) (frame802154_get_pan_id)
contiki-sky.a(nullrdc.o)      obj_sky/contiki-sky-main.o (nullrdc_driver)
contiki-sky.a(queuebuf.o)     obj_sky/contiki-sky-main.o (queuebuf_init)
contiki-sky.a(nbr-table.o)    contiki-sky.a(uip-ds6-route.o) (nbr_table_register)
contiki-sky.a(packetbuf.o)    contiki-sky.a(framer-802154.o) (packetbuf_hdrreduce)
contiki-sky.a(linkaddr.o)     obj_sky/contiki-sky-main.o (linkaddr_copy)
contiki-sky.a(link-stats.o)   contiki-sky.a(rpl-dag.o) (link_stats_from_lladdr)
contiki-sky.a(nullsec.o)      obj_sky/contiki-sky-main.o (nullsec_driver)
contiki-sky.a(spi.o)          contiki-sky.a(xmem.o) (spi_init)
contiki-sky.a(stimer.o)       contiki-sky.a(uip-ds6.o) (stimer_set)
contiki-sky.a(memb.o)         contiki-sky.a(uip-ds6-route.o) (memb_init)
contiki-sky.a(uip-icmp6.o)    contiki-sky.a(uip6.o) (uip_icmp6_input)
contiki-sky.a(rpl-nbr-policy.)
                              contiki-sky.a(nbr-table.o) (rpl_nbr_policy_find_removable)
contiki-sky.a(mac.o)          contiki-sky.a(nullrdc.o) (mac_call_sent_callback)
/usr/lib/gcc/msp430/4.6.3/mmpy-16/libgcc.a(_mulsi3.o)
                              contiki-sky.a(rpl-timers.o) (__mulsi3)
/usr/lib/gcc/msp430/4.6.3/mmpy-16/libgcc.a(_udivmod16.o)
                              contiki-sky.a(rpl-dag.o) (__udivhi3)
/usr/lib/gcc/msp430/4.6.3/mmpy-16/libgcc.a(_divmod16.o)
                              contiki-sky.a(sicslowpan.o) (__divhi3)
/usr/lib/gcc/msp430/4.6.3/mmpy-16/libgcc.a(_udivmod32.o)
                              obj_sky/contiki-sky-main.o (__udivsi3)
/usr/lib/gcc/msp430/4.6.3/mmpy-16/libgcc.a(_divmod32.o)
                              contiki-sky.a(link-stats.o) (__divsi3)
[...]
Memory Configuration

Name             Origin             Length             Attributes
sfr              0x0000000000000000 0x0000000000000010
peripheral_8bit  0x0000000000000010 0x00000000000000f0
peripheral_16bit 0x0000000000000100 0x0000000000000100
ram_mirror       0x0000000000000200 0x0000000000000800 xw
infomem          0x0000000000001000 0x0000000000000100
infob            0x0000000000001000 0x0000000000000080
infoa            0x0000000000001080 0x0000000000000080
ram              0x0000000000001100 0x0000000000002800 xw
rom              0x0000000000004000 0x000000000000bfe0 xr
vectors          0x000000000000ffe0 0x0000000000000020
bsl              0x0000000000000000 0x0000000000000000
infoc            0x0000000000000000 0x0000000000000000
infod            0x0000000000000000 0x0000000000000000
ram2             0x0000000000000000 0x0000000000000000 xw
usbram           0x0000000000000000 0x0000000000000000 xw
far_rom          0x0000000000000000 0x0000000000000000
*default*        0x0000000000000000 0xffffffffffffffff

Linker script and memory map

LOAD /usr/lib/gcc/msp430/4.6.3/mmpy-16/crt0ivtbl16.o
LOAD nes-channel-selection-coordinator.co
LOAD obj_sky/contiki-sky-main.o
LOAD contiki-sky.a
LOAD /usr/lib/gcc/msp430/4.6.3/mmpy-16/libgcc.a
LOAD /usr/lib/gcc/msp430/4.6.3/../../../../msp430/lib/mmpy-16/libc.a
LOAD /usr/lib/gcc/msp430/4.6.3/mmpy-16/libgcc.a
LOAD /usr/lib/gcc/msp430/4.6.3/mmpy-16/libcrt0.a
                0x0000000000000080                PROVIDE (__info_segment_size, 0x80)
                0x0000000000001000                PROVIDE (__infob, 0x1000)
                0x0000000000001080                PROVIDE (__infoa, 0x1080)
                0x0000000000000000                __IE1 = 0x0
                0x0000000000000002                __IFG1 = 0x2
                0x0000000000000004                __ME1 = 0x4
                0x0000000000000001                __IE2 = 0x1
                0x0000000000000003                __IFG2 = 0x3
                0x0000000000000005                __ME2 = 0x5
                0x0000000000000120                __WDTCTL = 0x120
                0x0000000000000130                __MPY = 0x130
                0x0000000000000132                __MPYS = 0x132
                0x0000000000000134                __MAC = 0x134
                0x0000000000000136                __MACS = 0x136
                0x0000000000000138                __OP2 = 0x138
                0x000000000000013a                __RESLO = 0x13a
                0x000000000000013c                __RESHI = 0x13c
                0x000000000000013e                __SUMEXT = 0x13e
                0x0000000000000020                __P1IN = 0x20
                0x0000000000000021                __P1OUT = 0x21
                0x0000000000000022                __P1DIR = 0x22
                0x0000000000000023                __P1IFG = 0x23
                0x0000000000000024                __P1IES = 0x24
                0x0000000000000025                __P1IE = 0x25
                0x0000000000000026                __P1SEL = 0x26
                0x0000000000000028                __P2IN = 0x28
                0x0000000000000029                __P2OUT = 0x29
                0x000000000000002a                __P2DIR = 0x2a
                0x000000000000002b                __P2IFG = 0x2b
                0x000000000000002c                __P2IES = 0x2c
                0x000000000000002d                __P2IE = 0x2d
                0x000000000000002e                __P2SEL = 0x2e
                0x0000000000000018                __P3IN = 0x18
                0x0000000000000019                __P3OUT = 0x19
                0x000000000000001a                __P3DIR = 0x1a
                0x000000000000001b                __P3SEL = 0x1b
                0x000000000000001c                __P4IN = 0x1c
                0x000000000000001d                __P4OUT = 0x1d
                0x000000000000001e                __P4DIR = 0x1e
                0x000000000000001f                __P4SEL = 0x1f
                0x0000000000000030                __P5IN = 0x30
                0x0000000000000031                __P5OUT = 0x31
                0x0000000000000032                __P5DIR = 0x32
                0x0000000000000033                __P5SEL = 0x33
                0x0000000000000034                __P6IN = 0x34
                0x0000000000000035                __P6OUT = 0x35
                0x0000000000000036                __P6DIR = 0x36
                0x0000000000000037                __P6SEL = 0x37
                0x0000000000000070                __U0CTL = 0x70
                0x0000000000000071                __U0TCTL = 0x71
                0x0000000000000072                __U0RCTL = 0x72
                0x0000000000000073                __U0MCTL = 0x73
                0x0000000000000074                __U0BR0 = 0x74
                0x0000000000000075                __U0BR1 = 0x75
                0x0000000000000076                __U0RXBUF = 0x76
                0x0000000000000077                __U0TXBUF = 0x77
                0x0000000000000078                __U1CTL = 0x78
                0x0000000000000079                __U1TCTL = 0x79
                0x000000000000007a                __U1RCTL = 0x7a
                0x000000000000007b                __U1MCTL = 0x7b
                0x000000000000007c                __U1BR0 = 0x7c
                0x000000000000007d                __U1BR1 = 0x7d
                0x000000000000007e                __U1RXBUF = 0x7e
                0x000000000000007f                __U1TXBUF = 0x7f
                0x0000000000000050                __I2CIE = 0x50
                0x0000000000000051                __I2CIFG = 0x51
                0x0000000000000052                __I2CNDAT = 0x52
                0x0000000000000071                __I2CTCTL = 0x71
                0x0000000000000072                __I2CDCTL = 0x72
                0x0000000000000073                __I2CPSC = 0x73
                0x0000000000000074                __I2CSCLH = 0x74
                0x0000000000000075                __I2CSCLL = 0x75
                0x0000000000000076                __I2CDRB = 0x76
                0x0000000000000076                __I2CDRW = 0x76
                0x0000000000000118                __I2COA = 0x118
                0x000000000000011a                __I2CSA = 0x11a
                0x000000000000011c                __I2CIV = 0x11c
                0x000000000000012e                __TAIV = 0x12e
                0x0000000000000160                __TACTL = 0x160
                0x0000000000000162                __TACCTL0 = 0x162
                0x0000000000000164                __TACCTL1 = 0x164
                0x0000000000000166                __TACCTL2 = 0x166
                0x0000000000000170                __TAR = 0x170
                0x0000000000000172                __TACCR0 = 0x172
                0x0000000000000174                __TACCR1 = 0x174
                0x0000000000000176                __TACCR2 = 0x176
                0x000000000000011e                __TBIV = 0x11e
                0x0000000000000180                __TBCTL = 0x180
                0x0000000000000182                __TBCCTL0 = 0x182
                0x0000000000000184                __TBCCTL1 = 0x184
                0x0000000000000186                __TBCCTL2 = 0x186
                0x0000000000000188                __TBCCTL3 = 0x188
                0x000000000000018a                __TBCCTL4 = 0x18a
                0x000000000000018c                __TBCCTL5 = 0x18c
                0x000000000000018e                __TBCCTL6 = 0x18e
                0x0000000000000190                __TBR = 0x190
                0x0000000000000192                __TBCCR0 = 0x192
                0x0000000000000194                __TBCCR1 = 0x194
                0x0000000000000196                __TBCCR2 = 0x196
                0x0000000000000198                __TBCCR3 = 0x198
                0x000000000000019a                __TBCCR4 = 0x19a
                0x000000000000019c                __TBCCR5 = 0x19c
                0x000000000000019e                __TBCCR6 = 0x19e
                0x0000000000000056                __DCOCTL = 0x56
                0x0000000000000057                __BCSCTL1 = 0x57
                0x0000000000000058                __BCSCTL2 = 0x58
                0x0000000000000055                __SVSCTL = 0x55
                0x0000000000000128                __FCTL1 = 0x128
                0x000000000000012a                __FCTL2 = 0x12a
                0x000000000000012c                __FCTL3 = 0x12c
                0x0000000000000059                __CACTL1 = 0x59
                0x000000000000005a                __CACTL2 = 0x5a
                0x000000000000005b                __CAPD = 0x5b
                0x00000000000001a0                __ADC12CTL0 = 0x1a0
                0x00000000000001a2                __ADC12CTL1 = 0x1a2
                0x00000000000001a4                __ADC12IFG = 0x1a4
                0x00000000000001a6                __ADC12IE = 0x1a6
                0x00000000000001a8                __ADC12IV = 0x1a8
                0x0000000000000140                __ADC12MEM0 = 0x140
                0x0000000000000142                __ADC12MEM1 = 0x142
                0x0000000000000144                __ADC12MEM2 = 0x144
                0x0000000000000146                __ADC12MEM3 = 0x146
                0x0000000000000148                __ADC12MEM4 = 0x148
                0x000000000000014a                __ADC12MEM5 = 0x14a
                0x000000000000014c                __ADC12MEM6 = 0x14c
                0x000000000000014e                __ADC12MEM7 = 0x14e
                0x0000000000000150                __ADC12MEM8 = 0x150
                0x0000000000000152                __ADC12MEM9 = 0x152
                0x0000000000000154                __ADC12MEM10 = 0x154
                0x0000000000000156                __ADC12MEM11 = 0x156
                0x0000000000000158                __ADC12MEM12 = 0x158
                0x000000000000015a                __ADC12MEM13 = 0x15a
                0x000000000000015c                __ADC12MEM14 = 0x15c
                0x000000000000015e                __ADC12MEM15 = 0x15e
                0x0000000000000080                __ADC12MCTL0 = 0x80
                0x0000000000000081                __ADC12MCTL1 = 0x81
                0x0000000000000082                __ADC12MCTL2 = 0x82
                0x0000000000000083                __ADC12MCTL3 = 0x83
                0x0000000000000084                __ADC12MCTL4 = 0x84
                0x0000000000000085                __ADC12MCTL5 = 0x85
                0x0000000000000086                __ADC12MCTL6 = 0x86
                0x0000000000000087                __ADC12MCTL7 = 0x87
                0x0000000000000088                __ADC12MCTL8 = 0x88
                0x0000000000000089                __ADC12MCTL9 = 0x89
                0x000000000000008a                __ADC12MCTL10 = 0x8a
                0x000000000000008b                __ADC12MCTL11 = 0x8b
                0x000000000000008c                __ADC12MCTL12 = 0x8c
                0x000000000000008d                __ADC12MCTL13 = 0x8d
                0x000000000000008e                __ADC12MCTL14 = 0x8e
                0x000000000000008f                __ADC12MCTL15 = 0x8f
                0x00000000000001c0                __DAC12_0CTL = 0x1c0
                0x00000000000001c2                __DAC12_1CTL = 0x1c2
                0x00000000000001c8                __DAC12_0DAT = 0x1c8
                0x00000000000001ca                __DAC12_1DAT = 0x1ca
                0x0000000000000122                __DMACTL0 = 0x122
                0x0000000000000124                __DMACTL1 = 0x124
                0x00000000000001e0                __DMA0CTL = 0x1e0
                0x00000000000001e8                __DMA1CTL = 0x1e8
                0x00000000000001f0                __DMA2CTL = 0x1f0
                0x00000000000001e2                __DMA0SA = 0x1e2
                0x00000000000001e4                __DMA0DA = 0x1e4
                0x00000000000001e6                __DMA0SZ = 0x1e6
                0x00000000000001ea                __DMA1SA = 0x1ea
                0x00000000000001ec                __DMA1DA = 0x1ec
                0x00000000000001ee                __DMA1SZ = 0x1ee
                0x00000000000001f2                __DMA2SA = 0x1f2
                0x00000000000001f4                __DMA2DA = 0x1f4
                0x00000000000001f6                __DMA2SZ = 0x1f6

.hash
 *(.hash)

.dynsym
 *(.dynsym)

.dynstr
 *(.dynstr)

.gnu.version
 *(.gnu.version)

.gnu.version_d
 *(.gnu.version_d)

.gnu.version_r
 *(.gnu.version_r)

.rel.init
 *(.rel.init)

.rela.init
 *(.rela.init)

.rel.fini
 *(.rel.fini)

.rela.fini
 *(.rela.fini)

.rel.text
 *(.rel.text .rel.text.* .rel.gnu.linkonce.t.*)

.rela.text
 *(.rela.text .rela.text.* .rela.gnu.linkonce.t.*)

.rel.rodata
 *(.rel.rodata .rel.rodata.* .rel.gnu.linkonce.r.*)

.rela.rodata
 *(.rela.rodata .rela.rodata.* .rela.gnu.linkonce.r.*)

.rel.data
 *(.rel.data .rel.data.* .rel.gnu.linkonce.d.*)

.rela.data
 *(.rela.data .rela.data.* .rela.gnu.linkonce.d.*)

.rel.bss
 *(.rel.bss .rel.bss.* .rel.gnu.linkonce.b.*)

.rela.bss
 *(.rela.bss .rela.bss.* .rela.gnu.linkonce.b.*)

.rel.ctors
 *(.rel.ctors)

.rela.ctors
 *(.rela.ctors)

.rel.dtors
 *(.rel.dtors)

.rela.dtors
 *(.rela.dtors)

.rel.got
 *(.rel.got)

.rela.got
 *(.rela.got)

.rel.plt
 *(.rel.plt)

.rela.plt
 *(.rela.plt)

.text           0x0000000000004000     0xa626
                0x0000000000004000                . = ALIGN (0x2)
 *(.init .init.*)
 *(.init0)
 .init0         0x0000000000004000        0x0 /usr/lib/gcc/msp430/4.6.3/mmpy-16/libcrt0.a(_reset_vector__.o)
                0x0000000000004000                _reset_vector__
 *(.init1)
 .init1         0x0000000000004000        0xc /usr/lib/gcc/msp430/4.6.3/mmpy-16/libcrt0.a(__watchdog_support.o)
                0x0000000000004000                __watchdog_support
 *(.init2)
 .init2         0x000000000000400c        0x4 /usr/lib/gcc/msp430/4.6.3/mmpy-16/libcrt0.a(__init_stack.o)
                0x000000000000400c                __init_stack
 *(.init3)
 .init3         0x0000000000004010        0x0 /usr/lib/gcc/msp430/4.6.3/mmpy-16/libcrt0.a(__low_level_init.o)
                0x0000000000004010                __low_level_init
 *(.init4)
 .init4         0x0000000000004010       0x18 /usr/lib/gcc/msp430/4.6.3/mmpy-16/libcrt0.a(_copy_data.o)
                0x0000000000004010                __do_copy_data
 .init4         0x0000000000004028       0x16 /usr/lib/gcc/msp430/4.6.3/mmpy-16/libcrt0.a(_clear_bss.o)
                0x0000000000004028                __do_clear_bss
 *(.init5)
 *(.init6)
 *(.init7)
 *(.init8)
 *(.init9)
 .init9         0x000000000000403e      0x340 obj_sky/contiki-sky-main.o
                0x000000000000403e                main
 *(.fini9)
 .fini9         0x000000000000437e        0x0 /usr/lib/gcc/msp430/4.6.3/mmpy-16/libcrt0.a(__stop_progExec__.o)
                0x000000000000437e                __stop_progExec__
 *(.fini8)
 *(.fini7)
 *(.fini6)
 *(.fini5)
 *(.fini4)
 *(.fini3)
 *(.fini2)
 *(.fini1)
 *(.fini0)
 .fini0         0x000000000000437e        0x6 /usr/lib/gcc/msp430/4.6.3/mmpy-16/libcrt0.a(_endless_loop__.o)
                0x000000000000437e                _endless_loop__
 *(.fini .fini.*)
                0x0000000000004384                . = ALIGN (0x2)
                0x0000000000004384                __ctors_start = .
 *(.ctors)
                0x0000000000004384                __ctors_end = .
                0x0000000000004384                __dtors_start = .
 *(.dtors)
                0x0000000000004384                __dtors_end = .
                0x0000000000004384                . = ALIGN (0x2)
 *(.text .text.* .gnu.linkonce.t.*)
 .text          0x0000000000004384        0x4 /usr/lib/gcc/msp430/4.6.3/mmpy-16/crt0ivtbl16.o
                0x0000000000004384                __isr_14
                0x0000000000004384                __isr_11
                0x0000000000004384                __isr_2
                0x0000000000004384                __isr_7
                0x0000000000004384                __isr_0
                0x0000000000004384                __isr_8
                0x0000000000004384                __isr_3
                0x0000000000004384                __isr_12
                0x0000000000004384                __isr_13
                0x0000000000004384                __isr_9
 .text.process_thread_channel_selector
                0x0000000000004388      0x13e nes-channel-selection-coordinator.co
 .text.init_platform
                0x00000000000044c6        0xc contiki-sky.a(contiki-sky-pla)
                0x00000000000044c6                init_platform
 .text.status   0x00000000000044d2       0x16 contiki-sky.a(button-sensor.o)
 .text.configure
                0x00000000000044e8       0x52 contiki-sky.a(button-sensor.o)
 .text.value    0x000000000000453a       0x22 contiki-sky.a(button-sensor.o)
 .text.irq_p2   0x000000000000455c       0x8a contiki-sky.a(button-sensor.o)
                0x000000000000455c                irq_p2
                0x000000000000455c                __isr_1
 .text.owreadb  0x00000000000045e6       0x52 contiki-sky.a(ds2411.o)
 .text.ds2411_init
                0x0000000000004638      0x122 contiki-sky.a(ds2411.o)
                0x0000000000004638                ds2411_init
 .text.wait_ready
                0x000000000000475a       0x50 contiki-sky.a(xmem.o)
 .text.xmem_init
                0x00000000000047aa       0x3e contiki-sky.a(xmem.o)
                0x00000000000047aa                xmem_init
 .text.xmem_pread
                0x00000000000047e8       0xea contiki-sky.a(xmem.o)
                0x00000000000047e8                xmem_pread
 .text.node_id_restore
                0x00000000000048d2       0x38 contiki-sky.a(node-id.o)
                0x00000000000048d2                node_id_restore
 .text.process_thread_sensors_process
                0x000000000000490a       0xbe contiki-sky.a(sensors.o)
 .text.sensors_changed
                0x00000000000049c8       0x2a contiki-sky.a(sensors.o)
                0x00000000000049c8                sensors_changed
 .text.get_object
                0x00000000000049f2        0x4 contiki-sky.a(cc2420.o)
 .text.set_object
                0x00000000000049f6        0x4 contiki-sky.a(cc2420.o)
 .text.strobe   0x00000000000049fa       0x20 contiki-sky.a(cc2420.o)
 .text.getreg   0x0000000000004a1a       0x54 contiki-sky.a(cc2420.o)
 .text.setreg   0x0000000000004a6e       0x52 contiki-sky.a(cc2420.o)
 .text.write_ram
                0x0000000000004ac0       0x80 contiki-sky.a(cc2420.o)
 .text.write_fifo_buf
                0x0000000000004b40       0x40 contiki-sky.a(cc2420.o)
 .text.get_status
                0x0000000000004b80       0x24 contiki-sky.a(cc2420.o)
 .text.set_txpower
                0x0000000000004ba4       0x26 contiki-sky.a(cc2420.o)
 .text.cc2420_receiving_packet
                0x0000000000004bca        0xe contiki-sky.a(cc2420.o)
 .text.pending_packet
                0x0000000000004bd8        0x8 contiki-sky.a(cc2420.o)
 .text.on       0x0000000000004be0       0x26 contiki-sky.a(cc2420.o)
 .text.wait_for_transmission
                0x0000000000004c06       0x22 contiki-sky.a(cc2420.o)
 .text.wait_for_status
                0x0000000000004c28       0x2a contiki-sky.a(cc2420.o)
 .text.getrxdata
                0x0000000000004c52       0x56 contiki-sky.a(cc2420.o)
 .text.flushrx  0x0000000000004ca8       0x1a contiki-sky.a(cc2420.o)
 .text.off      0x0000000000004cc2       0x62 contiki-sky.a(cc2420.o)
 .text.RELEASE_LOCK
                0x0000000000004d24       0x28 contiki-sky.a(cc2420.o)
 .text.set_key  0x0000000000004d4c       0x18 contiki-sky.a(cc2420.o)
 .text.set_frame_filtering
                0x0000000000004d64       0x30 contiki-sky.a(cc2420.o)
 .text.set_auto_ack
                0x0000000000004d94       0x30 contiki-sky.a(cc2420.o)
 .text.set_poll_mode
                0x0000000000004dc4       0x36 contiki-sky.a(cc2420.o)
 .text.cc2420_prepare
                0x0000000000004dfa       0x3c contiki-sky.a(cc2420.o)
 .text.cc2420_on
                0x0000000000004e36       0x22 contiki-sky.a(cc2420.o)
                0x0000000000004e36                cc2420_on
 .text.cc2420_off
                0x0000000000004e58       0x30 contiki-sky.a(cc2420.o)
                0x0000000000004e58                cc2420_off
 .text.cc2420_cca
                0x0000000000004e88       0x5e contiki-sky.a(cc2420.o)
 .text.cc2420_read
                0x0000000000004ee6       0xc0 contiki-sky.a(cc2420.o)
 .text.process_thread_cc2420_process
                0x0000000000004fa6       0x58 contiki-sky.a(cc2420.o)
 .text.encrypt  0x0000000000004ffe       0x8e contiki-sky.a(cc2420.o)
 .text.cc2420_set_channel
                0x000000000000508c       0x3c contiki-sky.a(cc2420.o)
                0x000000000000508c                cc2420_set_channel
 .text.cc2420_set_pan_addr
                0x00000000000050c8       0x4c contiki-sky.a(cc2420.o)
                0x00000000000050c8                cc2420_set_pan_addr
 .text.cc2420_interrupt
                0x0000000000005114       0x18 contiki-sky.a(cc2420.o)
                0x0000000000005114                cc2420_interrupt
 .text.cc2420_set_txpower
                0x000000000000512c        0xe contiki-sky.a(cc2420.o)
                0x000000000000512c                cc2420_set_txpower
 .text.cc2420_get_txpower
                0x000000000000513a       0x1e contiki-sky.a(cc2420.o)
                0x000000000000513a                cc2420_get_txpower
 .text.cc2420_transmit
                0x0000000000005158      0x114 contiki-sky.a(cc2420.o)
 .text.cc2420_send
                0x000000000000526c       0x12 contiki-sky.a(cc2420.o)
 .text.cc2420_rssi
                0x000000000000527e       0x4c contiki-sky.a(cc2420.o)
                0x000000000000527e                cc2420_rssi
 .text.get_value
                0x00000000000052ca      0x108 contiki-sky.a(cc2420.o)
 .text.cc2420_set_cca_threshold
                0x00000000000053d2       0x16 contiki-sky.a(cc2420.o)
                0x00000000000053d2                cc2420_set_cca_threshold
 .text.set_value
                0x00000000000053e8       0xba contiki-sky.a(cc2420.o)
 .text.cc2420_init
                0x00000000000054a2       0xf0 contiki-sky.a(cc2420.o)
                0x00000000000054a2                cc2420_init
 .text.cc2420_port1_interrupt
                0x0000000000005592       0x62 contiki-sky.a(cc2420-arch.o)
                0x0000000000005592                __isr_4
                0x0000000000005592                cc2420_port1_interrupt
 .text.cc2420_arch_init
                0x00000000000055f4       0x1a contiki-sky.a(cc2420-arch.o)
                0x00000000000055f4                cc2420_arch_init
 .text.uart1_active
                0x000000000000560e       0x1a contiki-sky.a(uart1.o)
                0x000000000000560e                uart1_active
 .text.uart1_writeb
                0x0000000000005628       0x1a contiki-sky.a(uart1.o)
                0x0000000000005628                uart1_writeb
 .text.uart1_init
                0x0000000000005642       0xf6 contiki-sky.a(uart1.o)
                0x0000000000005642                uart1_init
 .text.putchar  0x0000000000005738       0x10 contiki-sky.a(uart1-putchar.o)
                0x0000000000005738                putchar
 .text.msp430_init_dco
                0x0000000000005748       0x84 contiki-sky.a(msp430.o)
                0x0000000000005748                msp430_init_dco
 .text.msp430_add_lpm_req
                0x00000000000057cc        0xc contiki-sky.a(msp430.o)
                0x00000000000057cc                msp430_add_lpm_req
 .text.msp430_cpu_init
                0x00000000000057d8       0x2a contiki-sky.a(msp430.o)
                0x00000000000057d8                msp430_cpu_init
 .text.splhigh_
                0x0000000000005802        0x8 contiki-sky.a(msp430.o)
                0x0000000000005802                splhigh_
 .text.msp430_sync_dco
                0x000000000000580a       0x68 contiki-sky.a(msp430.o)
                0x000000000000580a                msp430_sync_dco
 .text.timera1  0x0000000000005872      0x11e contiki-sky.a(clock.o)
                0x0000000000005872                __isr_5
                0x0000000000005872                timera1
 .text.clock_time
                0x0000000000005990       0x1a contiki-sky.a(clock.o)
                0x0000000000005990                clock_time
 .text.clock_init
                0x00000000000059aa       0x28 contiki-sky.a(clock.o)
                0x00000000000059aa                clock_init
 .text.clock_delay
                0x00000000000059d2        0xc contiki-sky.a(clock.o)
                0x00000000000059d2                clock_delay
 .text.clock_seconds
                0x00000000000059de       0x1a contiki-sky.a(clock.o)
                0x00000000000059de                clock_seconds
 .text.show_leds
                0x00000000000059f8       0xf6 contiki-sky.a(leds.o)
 .text.leds_init
                0x0000000000005aee        0xa contiki-sky.a(leds.o)
                0x0000000000005aee                leds_init
 .text.leds_on  0x0000000000005af8        0xa contiki-sky.a(leds.o)
                0x0000000000005af8                leds_on
 .text.leds_off
                0x0000000000005b02        0xe contiki-sky.a(leds.o)
                0x0000000000005b02                leds_off
 .text.leds_arch_init
                0x0000000000005b10        0xe contiki-sky.a(leds-arch.o)
                0x0000000000005b10                leds_arch_init
 .text.leds_arch_set
                0x0000000000005b1e       0x3a contiki-sky.a(leds-arch.o)
                0x0000000000005b1e                leds_arch_set
 .text.watchdog_interrupt
                0x0000000000005b58        0x6 contiki-sky.a(watchdog.o)
                0x0000000000005b58                __isr_10
                0x0000000000005b58                watchdog_interrupt
 .text.watchdog_start
                0x0000000000005b5e       0x14 contiki-sky.a(watchdog.o)
                0x0000000000005b5e                watchdog_start
 .text.watchdog_periodic
                0x0000000000005b72       0x12 contiki-sky.a(watchdog.o)
                0x0000000000005b72                watchdog_periodic
 .text.watchdog_stop
                0x0000000000005b84       0x16 contiki-sky.a(watchdog.o)
                0x0000000000005b84                watchdog_stop
 .text.watchdog_init
                0x0000000000005b9a       0x14 contiki-sky.a(watchdog.o)
                0x0000000000005b9a                watchdog_init
 .text.rtimer_arch_init
                0x0000000000005bae        0xe contiki-sky.a(rtimer-arch.o)
                0x0000000000005bae                rtimer_arch_init
 .text.rtimer_arch_now
                0x0000000000005bbc        0xe contiki-sky.a(rtimer-arch.o)
                0x0000000000005bbc                rtimer_arch_now
 .text.timera0  0x0000000000005bca       0x70 contiki-sky.a(rtimer-arch.o)
                0x0000000000005bca                __isr_6
                0x0000000000005bca                timera0
 .text.rtimer_arch_schedule
                0x0000000000005c3a        0x6 contiki-sky.a(rtimer-arch.o)
                0x0000000000005c3a                rtimer_arch_schedule
 .text.autostart_start
                0x0000000000005c40       0x16 contiki-sky.a(autostart.o)
                0x0000000000005c40                autostart_start
 .text.energest_init
                0x0000000000005c56       0x28 contiki-sky.a(energest.o)
                0x0000000000005c56                energest_init
 .text.energest_type_time
                0x0000000000005c7e       0x46 contiki-sky.a(energest.o)
                0x0000000000005c7e                energest_type_time
 .text.energest_type_set
                0x0000000000005cc4        0xe contiki-sky.a(energest.o)
                0x0000000000005cc4                energest_type_set
 .text.energest_flush
                0x0000000000005cd2       0x48 contiki-sky.a(energest.o)
                0x0000000000005cd2                energest_flush
 .text.process_thread_ctimer_process
                0x0000000000005d1a       0xa4 contiki-sky.a(ctimer.o)
 .text.ctimer_init
                0x0000000000005dbe       0x18 contiki-sky.a(ctimer.o)
                0x0000000000005dbe                ctimer_init
 .text.ctimer_set_with_process
                0x0000000000005dd6       0x4e contiki-sky.a(ctimer.o)
                0x0000000000005dd6                ctimer_set_with_process
 .text.ctimer_set
                0x0000000000005e24       0x10 contiki-sky.a(ctimer.o)
                0x0000000000005e24                ctimer_set
 .text.ctimer_reset
                0x0000000000005e34       0x30 contiki-sky.a(ctimer.o)
                0x0000000000005e34                ctimer_reset
 .text.ctimer_restart
                0x0000000000005e64       0x30 contiki-sky.a(ctimer.o)
                0x0000000000005e64                ctimer_restart
 .text.ctimer_stop
                0x0000000000005e94       0x28 contiki-sky.a(ctimer.o)
                0x0000000000005e94                ctimer_stop
 .text.update_time
                0x0000000000005ebc       0x78 contiki-sky.a(etimer.o)
 .text.etimer_request_poll
                0x0000000000005f34        0xa contiki-sky.a(etimer.o)
                0x0000000000005f34                etimer_request_poll
 .text.process_thread_etimer_process
                0x0000000000005f3e       0xc8 contiki-sky.a(etimer.o)
 .text.add_timer
                0x0000000000006006       0x40 contiki-sky.a(etimer.o)
 .text.etimer_set
                0x0000000000006046       0x12 contiki-sky.a(etimer.o)
                0x0000000000006046                etimer_set
 .text.etimer_reset
                0x0000000000006058       0x12 contiki-sky.a(etimer.o)
                0x0000000000006058                etimer_reset
 .text.etimer_restart
                0x000000000000606a       0x12 contiki-sky.a(etimer.o)
                0x000000000000606a                etimer_restart
 .text.etimer_expired
                0x000000000000607c        0xe contiki-sky.a(etimer.o)
                0x000000000000607c                etimer_expired
 .text.etimer_expiration_time
                0x000000000000608a       0x14 contiki-sky.a(etimer.o)
                0x000000000000608a                etimer_expiration_time
 .text.etimer_pending
                0x000000000000609e        0xc contiki-sky.a(etimer.o)
                0x000000000000609e                etimer_pending
 .text.etimer_next_expiration_time
                0x00000000000060aa       0x16 contiki-sky.a(etimer.o)
                0x00000000000060aa                etimer_next_expiration_time
 .text.etimer_stop
                0x00000000000060c0       0x3c contiki-sky.a(etimer.o)
                0x00000000000060c0                etimer_stop
 .text.call_process
                0x00000000000060fc       0x4a contiki-sky.a(process.o)
 .text.exit_process
                0x0000000000006146       0x96 contiki-sky.a(process.o)
 .text.do_poll  0x00000000000061dc       0x30 contiki-sky.a(process.o)
 .text.process_alloc_event
                0x000000000000620c        0xe contiki-sky.a(process.o)
                0x000000000000620c                process_alloc_event
 .text.process_init
                0x000000000000621a       0x1c contiki-sky.a(process.o)
                0x000000000000621a                process_init
 .text.process_run
                0x0000000000006236       0x92 contiki-sky.a(process.o)
                0x0000000000006236                process_run
 .text.process_nevents
                0x00000000000062c8        0xe contiki-sky.a(process.o)
                0x00000000000062c8                process_nevents
 .text.process_post
                0x00000000000062d6       0x4e contiki-sky.a(process.o)
                0x00000000000062d6                process_post
 .text.process_post_synch
                0x0000000000006324       0x12 contiki-sky.a(process.o)
                0x0000000000006324                process_post_synch
 .text.process_start
                0x0000000000006336       0x32 contiki-sky.a(process.o)
                0x0000000000006336                process_start
 .text.process_poll
                0x0000000000006368       0x18 contiki-sky.a(process.o)
                0x0000000000006368                process_poll
 .text.rtimer_init
                0x0000000000006380        0x6 contiki-sky.a(rtimer.o)
                0x0000000000006380                rtimer_init
 .text.rtimer_run_next
                0x0000000000006386       0x26 contiki-sky.a(rtimer.o)
                0x0000000000006386                rtimer_run_next
 .text.timer_set
                0x00000000000063ac       0x1c contiki-sky.a(timer.o)
                0x00000000000063ac                timer_set
 .text.timer_reset
                0x00000000000063c8        0xe contiki-sky.a(timer.o)
                0x00000000000063c8                timer_reset
 .text.timer_restart
                0x00000000000063d6       0x14 contiki-sky.a(timer.o)
                0x00000000000063d6                timer_restart
 .text.timer_expired
                0x00000000000063ea       0x2a contiki-sky.a(timer.o)
                0x00000000000063ea                timer_expired
 .text.list_init
                0x0000000000006414        0x6 contiki-sky.a(list.o)
                0x0000000000006414                list_init
 .text.list_head
                0x000000000000641a        0x4 contiki-sky.a(list.o)
                0x000000000000641a                list_head
 .text.list_tail
                0x000000000000641e       0x12 contiki-sky.a(list.o)
                0x000000000000641e                list_tail
 .text.list_remove
                0x0000000000006430       0x34 contiki-sky.a(list.o)
                0x0000000000006430                list_remove
 .text.list_push
                0x0000000000006464       0x1a contiki-sky.a(list.o)
                0x0000000000006464                list_push
 .text.list_add
                0x000000000000647e       0x2a contiki-sky.a(list.o)
                0x000000000000647e                list_add
 .text.list_length
                0x00000000000064a8       0x10 contiki-sky.a(list.o)
                0x00000000000064a8                list_length
 .text.list_item_next
                0x00000000000064b8        0xc contiki-sky.a(list.o)
                0x00000000000064b8                list_item_next
 .text.random_init
                0x00000000000064c4        0x6 contiki-sky.a(random.o)
                0x00000000000064c4                random_init
 .text.random_rand
                0x00000000000064ca        0x6 contiki-sky.a(random.o)
                0x00000000000064ca                random_rand
 .text.uip_ds6_list_loop
                0x00000000000064d0       0x86 contiki-sky.a(uip-ds6.o)
                0x00000000000064d0                uip_ds6_list_loop
 .text.uip_ds6_prefix_add
                0x0000000000006556       0x80 contiki-sky.a(uip-ds6.o)
                0x0000000000006556                uip_ds6_prefix_add
 .text.uip_ds6_is_addr_onlink
                0x00000000000065d6       0x54 contiki-sky.a(uip-ds6.o)
                0x00000000000065d6                uip_ds6_is_addr_onlink
 .text.uip_ds6_addr_lookup
                0x000000000000662a       0x2a contiki-sky.a(uip-ds6.o)
                0x000000000000662a                uip_ds6_addr_lookup
 .text.uip_ds6_get_link_local
                0x0000000000006654       0x3e contiki-sky.a(uip-ds6.o)
                0x0000000000006654                uip_ds6_get_link_local
 .text.uip_ds6_maddr_add
                0x0000000000006692       0x4c contiki-sky.a(uip-ds6.o)
                0x0000000000006692                uip_ds6_maddr_add
 .text.uip_ds6_addr_add
                0x00000000000066de       0xc4 contiki-sky.a(uip-ds6.o)
                0x00000000000066de                uip_ds6_addr_add
 .text.uip_ds6_maddr_lookup
                0x00000000000067a2       0x2a contiki-sky.a(uip-ds6.o)
                0x00000000000067a2                uip_ds6_maddr_lookup
 .text.uip_ds6_addr_rm
                0x00000000000067cc       0x54 contiki-sky.a(uip-ds6.o)
                0x00000000000067cc                uip_ds6_addr_rm
 .text.uip_ds6_periodic
                0x0000000000006820       0x46 contiki-sky.a(uip-ds6.o)
                0x0000000000006820                uip_ds6_periodic
 .text.uip_ds6_set_addr_iid
                0x0000000000006866       0x14 contiki-sky.a(uip-ds6.o)
                0x0000000000006866                uip_ds6_set_addr_iid
 .text.get_match_length
                0x000000000000687a       0x3e contiki-sky.a(uip-ds6.o)
                0x000000000000687a                get_match_length
 .text.uip_ds6_select_src
                0x00000000000068b8       0xaa contiki-sky.a(uip-ds6.o)
                0x00000000000068b8                uip_ds6_select_src
 .text.uip_ds6_compute_reachable_time
                0x0000000000006962       0x3e contiki-sky.a(uip-ds6.o)
                0x0000000000006962                uip_ds6_compute_reachable_time
 .text.uip_ds6_init
                0x00000000000069a0      0x154 contiki-sky.a(uip-ds6.o)
                0x00000000000069a0                uip_ds6_init
 .text.call_route_callback
                0x0000000000006af4       0x4c contiki-sky.a(uip-ds6-route.o)
 .text.uip_ds6_route_init
                0x0000000000006b40       0x36 contiki-sky.a(uip-ds6-route.o)
                0x0000000000006b40                uip_ds6_route_init
 .text.uip_ds6_route_nexthop
                0x0000000000006b76       0x1a contiki-sky.a(uip-ds6-route.o)
                0x0000000000006b76                uip_ds6_route_nexthop
 .text.uip_ds6_route_head
                0x0000000000006b90        0xa contiki-sky.a(uip-ds6-route.o)
                0x0000000000006b90                uip_ds6_route_head
 .text.uip_ds6_route_next
                0x0000000000006b9a        0xe contiki-sky.a(uip-ds6-route.o)
                0x0000000000006b9a                uip_ds6_route_next
 .text.uip_ds6_route_is_nexthop
                0x0000000000006ba8       0x1e contiki-sky.a(uip-ds6-route.o)
                0x0000000000006ba8                uip_ds6_route_is_nexthop
 .text.uip_ds6_route_lookup
                0x0000000000006bc6       0x8c contiki-sky.a(uip-ds6-route.o)
                0x0000000000006bc6                uip_ds6_route_lookup
 .text.uip_ds6_route_rm
                0x0000000000006c52       0xa4 contiki-sky.a(uip-ds6-route.o)
                0x0000000000006c52                uip_ds6_route_rm
 .text.rm_routelist
                0x0000000000006cf6       0x34 contiki-sky.a(uip-ds6-route.o)
 .text.rm_routelist_callback
                0x0000000000006d2a        0x6 contiki-sky.a(uip-ds6-route.o)
 .text.uip_ds6_route_add
                0x0000000000006d30      0x110 contiki-sky.a(uip-ds6-route.o)
                0x0000000000006d30                uip_ds6_route_add
 .text.uip_ds6_defrt_rm
                0x0000000000006e40       0x48 contiki-sky.a(uip-ds6-route.o)
                0x0000000000006e40                uip_ds6_defrt_rm
 .text.uip_ds6_defrt_lookup
                0x0000000000006e88       0x36 contiki-sky.a(uip-ds6-route.o)
                0x0000000000006e88                uip_ds6_defrt_lookup
 .text.uip_ds6_defrt_add
                0x0000000000006ebe       0x74 contiki-sky.a(uip-ds6-route.o)
                0x0000000000006ebe                uip_ds6_defrt_add
 .text.uip_ds6_defrt_choose
                0x0000000000006f32       0x3a contiki-sky.a(uip-ds6-route.o)
                0x0000000000006f32                uip_ds6_defrt_choose
 .text.uip_ds6_defrt_periodic
                0x0000000000006f6c       0x38 contiki-sky.a(uip-ds6-route.o)
                0x0000000000006f6c                uip_ds6_defrt_periodic
 .text.chksum   0x0000000000006fa4       0x32 contiki-sky.a(uip6.o)
 .text.upper_layer_chksum
                0x0000000000006fd6       0x56 contiki-sky.a(uip6.o)
 .text.ext_hdr_options_process
                0x000000000000702c       0xda contiki-sky.a(uip6.o)
 .text.uip_add32
                0x0000000000007106       0x68 contiki-sky.a(uip6.o)
                0x0000000000007106                uip_add32
 .text.unlikely.uip_add_rcv_nxt
                0x000000000000716e       0x2e contiki-sky.a(uip6.o)
 .text.uip_icmp6chksum
                0x000000000000719c        0xa contiki-sky.a(uip6.o)
                0x000000000000719c                uip_icmp6chksum
 .text.uip_tcpchksum
                0x00000000000071a6        0xa contiki-sky.a(uip6.o)
                0x00000000000071a6                uip_tcpchksum
 .text.uip_udpchksum
                0x00000000000071b0        0xa contiki-sky.a(uip6.o)
                0x00000000000071b0                uip_udpchksum
 .text.uip_init
                0x00000000000071ba       0x56 contiki-sky.a(uip6.o)
                0x00000000000071ba                uip_init
 .text.remove_ext_hdr
                0x0000000000007210       0x56 contiki-sky.a(uip6.o)
                0x0000000000007210                remove_ext_hdr
 .text.uip_unlisten
                0x0000000000007266       0x1e contiki-sky.a(uip6.o)
                0x0000000000007266                uip_unlisten
 .text.uip_process
                0x0000000000007284      0xe18 contiki-sky.a(uip6.o)
                0x0000000000007284                uip_process
 .text.uip_htonl
                0x000000000000809c       0x2e contiki-sky.a(uip6.o)
                0x000000000000809c                uip_htonl
 .text.uip_ds6_nbr_rm
                0x00000000000080ca       0x1e contiki-sky.a(uip-ds6-nbr.o)
                0x00000000000080ca                uip_ds6_nbr_rm
 .text.uip_ds6_neighbors_init
                0x00000000000080e8       0x12 contiki-sky.a(uip-ds6-nbr.o)
                0x00000000000080e8                uip_ds6_neighbors_init
 .text.uip_ds6_nbr_add
                0x00000000000080fa       0x3e contiki-sky.a(uip-ds6-nbr.o)
                0x00000000000080fa                uip_ds6_nbr_add
 .text.uip_ds6_nbr_get_ll
                0x0000000000008138        0xc contiki-sky.a(uip-ds6-nbr.o)
                0x0000000000008138                uip_ds6_nbr_get_ll
 .text.uip_ds6_nbr_lookup
                0x0000000000008144       0x42 contiki-sky.a(uip-ds6-nbr.o)
                0x0000000000008144                uip_ds6_nbr_lookup
 .text.uip_ds6_nbr_ll_lookup
                0x0000000000008186        0xc contiki-sky.a(uip-ds6-nbr.o)
                0x0000000000008186                uip_ds6_nbr_ll_lookup
 .text.uip_ds6_nbr_ipaddr_from_lladdr
                0x0000000000008192        0x6 contiki-sky.a(uip-ds6-nbr.o)
                0x0000000000008192                uip_ds6_nbr_ipaddr_from_lladdr
 .text.uip_ds6_nbr_lladdr_from_ipaddr
                0x0000000000008198       0x12 contiki-sky.a(uip-ds6-nbr.o)
                0x0000000000008198                uip_ds6_nbr_lladdr_from_ipaddr
 .text.uip_ds6_link_neighbor_callback
                0x00000000000081aa       0x36 contiki-sky.a(uip-ds6-nbr.o)
                0x00000000000081aa                uip_ds6_link_neighbor_callback
 .text.uip_nd6_init
                0x00000000000081e0        0x2 contiki-sky.a(uip-nd6.o)
                0x00000000000081e0                uip_nd6_init
 .text.clear_fragments
                0x00000000000081e2       0x42 contiki-sky.a(sicslowpan.o)
 .text.set_packet_attrs
                0x0000000000008224       0x44 contiki-sky.a(sicslowpan.o)
 .text.addr_context_lookup_by_number
                0x0000000000008268       0x36 contiki-sky.a(sicslowpan.o)
 .text.compress_addr_64
                0x000000000000829e       0xae contiki-sky.a(sicslowpan.o)
 .text.store_fragment
                0x000000000000834c       0xc8 contiki-sky.a(sicslowpan.o)
 .text.add_fragment
                0x0000000000008414      0x1ee contiki-sky.a(sicslowpan.o)
 .text.uncompress_addr
                0x0000000000008602       0xb4 contiki-sky.a(sicslowpan.o)
 .text.input    0x00000000000086b6      0x6f0 contiki-sky.a(sicslowpan.o)
 .text.sicslowpan_init
                0x0000000000008da6       0x24 contiki-sky.a(sicslowpan.o)
                0x0000000000008da6                sicslowpan_init
 .text.addr_context_lookup_by_prefix
                0x0000000000008dca       0x4c contiki-sky.a(sicslowpan.o)
 .text.send_packet
                0x0000000000008e16       0x1a contiki-sky.a(sicslowpan.o)
 .text.output   0x0000000000008e30      0x6d0 contiki-sky.a(sicslowpan.o)
 .text.packet_sent
                0x0000000000009500       0x22 contiki-sky.a(sicslowpan.o)
 .text.uip_debug_ipaddr_print
                0x0000000000009522       0xc6 contiki-sky.a(uip-debug.o)
                0x0000000000009522                uip_debug_ipaddr_print
 .text.start_periodic_tcp_timer
                0x00000000000095e8       0x16 contiki-sky.a(tcpip.o)
 .text.tcpip_output
                0x00000000000095fe       0x10 contiki-sky.a(tcpip.o)
                0x00000000000095fe                tcpip_output
 .text.tcpip_set_outputfunc
                0x000000000000960e        0x6 contiki-sky.a(tcpip.o)
                0x000000000000960e                tcpip_set_outputfunc
 .text.tcpip_input
                0x0000000000009614       0x16 contiki-sky.a(tcpip.o)
                0x0000000000009614                tcpip_input
 .text.tcpip_ipv6_output
                0x000000000000962a       0xc0 contiki-sky.a(tcpip.o)
                0x000000000000962a                tcpip_ipv6_output
 .text.process_thread_tcpip_process
                0x00000000000096ea      0x1b6 contiki-sky.a(tcpip.o)
 .text.tcpip_uipcall
                0x00000000000098a0       0x64 contiki-sky.a(tcpip.o)
                0x00000000000098a0                tcpip_uipcall
 .text.lollipop_greater_than
                0x0000000000009904       0x44 contiki-sky.a(rpl-dag.o)
 .text.acceptable_rank
                0x0000000000009948       0x50 contiki-sky.a(rpl-dag.o)
 .text.find_parent_any_dag_any_instance
                0x0000000000009998       0x14 contiki-sky.a(rpl-dag.o)
 .text.rpl_set_preferred_parent
                0x00000000000099ac       0x30 contiki-sky.a(rpl-dag.o)
 .text.set_ip_from_prefix
                0x00000000000099dc       0x38 contiki-sky.a(rpl-dag.o)
 .text.check_prefix
                0x0000000000009a14       0x80 contiki-sky.a(rpl-dag.o)
 .text.rpl_dag_init
                0x0000000000009a94        0xe contiki-sky.a(rpl-dag.o)
                0x0000000000009a94                rpl_dag_init
 .text.rpl_get_parent
                0x0000000000009aa2        0xc contiki-sky.a(rpl-dag.o)
                0x0000000000009aa2                rpl_get_parent
 .text.rpl_rank_via_parent
                0x0000000000009aae       0x2e contiki-sky.a(rpl-dag.o)
                0x0000000000009aae                rpl_rank_via_parent
 .text.rpl_get_parent_lladdr
                0x0000000000009adc        0xc contiki-sky.a(rpl-dag.o)
                0x0000000000009adc                rpl_get_parent_lladdr
 .text.rpl_get_parent_ipaddr
                0x0000000000009ae8        0xa contiki-sky.a(rpl-dag.o)
                0x0000000000009ae8                rpl_get_parent_ipaddr
 .text.rpl_get_parent_link_stats
                0x0000000000009af2        0xa contiki-sky.a(rpl-dag.o)
                0x0000000000009af2                rpl_get_parent_link_stats
 .text.rpl_parent_is_fresh
                0x0000000000009afc        0xa contiki-sky.a(rpl-dag.o)
                0x0000000000009afc                rpl_parent_is_fresh
 .text.best_parent
                0x0000000000009b06       0x74 contiki-sky.a(rpl-dag.o)
 .text.rpl_parent_is_reachable
                0x0000000000009b7a       0x46 contiki-sky.a(rpl-dag.o)
                0x0000000000009b7a                rpl_parent_is_reachable
 .text.rpl_set_prefix
                0x0000000000009bc0       0x8e contiki-sky.a(rpl-dag.o)
                0x0000000000009bc0                rpl_set_prefix
 .text.rpl_set_default_route
                0x0000000000009c4e       0x4a contiki-sky.a(rpl-dag.o)
                0x0000000000009c4e                rpl_set_default_route
 .text.rpl_alloc_instance
                0x0000000000009c98       0x34 contiki-sky.a(rpl-dag.o)
                0x0000000000009c98                rpl_alloc_instance
 .text.rpl_add_parent
                0x0000000000009ccc       0x3e contiki-sky.a(rpl-dag.o)
                0x0000000000009ccc                rpl_add_parent
 .text.rpl_find_parent
                0x0000000000009d0a       0x18 contiki-sky.a(rpl-dag.o)
                0x0000000000009d0a                rpl_find_parent
 .text.rpl_find_parent_any_dag
                0x0000000000009d22       0x20 contiki-sky.a(rpl-dag.o)
                0x0000000000009d22                rpl_find_parent_any_dag
 .text.rpl_select_parent
                0x0000000000009d42       0x66 contiki-sky.a(rpl-dag.o)
                0x0000000000009d42                rpl_select_parent
 .text.rpl_select_dag
                0x0000000000009da8      0x17e contiki-sky.a(rpl-dag.o)
                0x0000000000009da8                rpl_select_dag
 .text.rpl_nullify_parent
                0x0000000000009f26       0x60 contiki-sky.a(rpl-dag.o)
                0x0000000000009f26                rpl_nullify_parent
 .text.rpl_remove_parent
                0x0000000000009f86       0x16 contiki-sky.a(rpl-dag.o)
                0x0000000000009f86                rpl_remove_parent
 .text.nbr_callback
                0x0000000000009f9c        0x6 contiki-sky.a(rpl-dag.o)
 .text.remove_parents.constprop.3
                0x0000000000009fa2       0x30 contiki-sky.a(rpl-dag.o)
 .text.rpl_free_dag
                0x0000000000009fd2       0x44 contiki-sky.a(rpl-dag.o)
                0x0000000000009fd2                rpl_free_dag
 .text.rpl_move_parent
                0x000000000000a016       0x68 contiki-sky.a(rpl-dag.o)
                0x000000000000a016                rpl_move_parent
 .text.rpl_get_any_dag
                0x000000000000a07e       0x18 contiki-sky.a(rpl-dag.o)
                0x000000000000a07e                rpl_get_any_dag
 .text.rpl_get_instance
                0x000000000000a096       0x1a contiki-sky.a(rpl-dag.o)
                0x000000000000a096                rpl_get_instance
 .text.rpl_alloc_dag
                0x000000000000a0b0       0x60 contiki-sky.a(rpl-dag.o)
                0x000000000000a0b0                rpl_alloc_dag
 .text.rpl_repair_root
                0x000000000000a110       0x50 contiki-sky.a(rpl-dag.o)
                0x000000000000a110                rpl_repair_root
 .text.rpl_find_of
                0x000000000000a160       0x10 contiki-sky.a(rpl-dag.o)
                0x000000000000a160                rpl_find_of
 .text.rpl_join_instance
                0x000000000000a170      0x158 contiki-sky.a(rpl-dag.o)
                0x000000000000a170                rpl_join_instance
 .text.rpl_local_repair
                0x000000000000a2c8       0x94 contiki-sky.a(rpl-dag.o)
                0x000000000000a2c8                rpl_local_repair
 .text.rpl_process_parent_event
                0x000000000000a35c       0x8e contiki-sky.a(rpl-dag.o)
                0x000000000000a35c                rpl_process_parent_event
 .text.rpl_recalculate_ranks
                0x000000000000a3ea       0x46 contiki-sky.a(rpl-dag.o)
                0x000000000000a3ea                rpl_recalculate_ranks
 .text.rpl_add_dag
                0x000000000000a430      0x114 contiki-sky.a(rpl-dag.o)
                0x000000000000a430                rpl_add_dag
 .text.rpl_process_dio
                0x000000000000a544      0x330 contiki-sky.a(rpl-dag.o)
                0x000000000000a544                rpl_process_dio
 .text.handle_unicast_dio_timer
                0x000000000000a874       0x1c contiki-sky.a(rpl-timers.o)
 .text.new_dio_interval
                0x000000000000a890       0x92 contiki-sky.a(rpl-timers.o)
 .text.handle_periodic_timer
                0x000000000000a922       0x50 contiki-sky.a(rpl-timers.o)
 .text.set_dao_lifetime_timer
                0x000000000000a972       0x78 contiki-sky.a(rpl-timers.o)
 .text.schedule_dao
                0x000000000000a9ea       0x82 contiki-sky.a(rpl-timers.o)
 .text.handle_dio_timer
                0x000000000000aa6c       0x88 contiki-sky.a(rpl-timers.o)
 .text.handle_dao_timer
                0x000000000000aaf4       0x64 contiki-sky.a(rpl-timers.o)
 .text.rpl_reset_periodic_timer
                0x000000000000ab58       0x60 contiki-sky.a(rpl-timers.o)
                0x000000000000ab58                rpl_reset_periodic_timer
 .text.rpl_reset_dio_timer
                0x000000000000abb8       0x18 contiki-sky.a(rpl-timers.o)
                0x000000000000abb8                rpl_reset_dio_timer
 .text.rpl_schedule_dao
                0x000000000000abd0        0xc contiki-sky.a(rpl-timers.o)
                0x000000000000abd0                rpl_schedule_dao
 .text.rpl_schedule_unicast_dio_immediately
                0x000000000000abdc       0x16 contiki-sky.a(rpl-timers.o)
                0x000000000000abdc                rpl_schedule_unicast_dio_immediately
 .text.get_probing_delay
                0x000000000000abf2       0x40 contiki-sky.a(rpl-timers.o)
                0x000000000000abf2                get_probing_delay
 .text.get_probing_target
                0x000000000000ac32       0xf6 contiki-sky.a(rpl-timers.o)
                0x000000000000ac32                get_probing_target
 .text.rpl_schedule_probing
                0x000000000000ad28       0x26 contiki-sky.a(rpl-timers.o)
                0x000000000000ad28                rpl_schedule_probing
 .text.handle_probing_timer
                0x000000000000ad4e       0x3c contiki-sky.a(rpl-timers.o)
 .text.update_hbh_header
                0x000000000000ad8a       0xcc contiki-sky.a(rpl-ext-header.)
 .text.insert_hbh_header
                0x000000000000ae56       0x9c contiki-sky.a(rpl-ext-header.)
 .text.rpl_verify_hbh_header
                0x000000000000aef2      0x104 contiki-sky.a(rpl-ext-header.)
                0x000000000000aef2                rpl_verify_hbh_header
 .text.rpl_remove_header
                0x000000000000aff6       0x7a contiki-sky.a(rpl-ext-header.)
                0x000000000000aff6                rpl_remove_header
 .text.rpl_update_header
                0x000000000000b070       0x58 contiki-sky.a(rpl-ext-header.)
                0x000000000000b070                rpl_update_header
 .text.rpl_get_mode
                0x000000000000b0c8        0x6 contiki-sky.a(rpl.o)
                0x000000000000b0c8                rpl_get_mode
 .text.rpl_purge_routes
                0x000000000000b0ce       0x96 contiki-sky.a(rpl.o)
                0x000000000000b0ce                rpl_purge_routes
 .text.rpl_remove_routes
                0x000000000000b164       0x22 contiki-sky.a(rpl.o)
                0x000000000000b164                rpl_remove_routes
 .text.rpl_remove_routes_by_nexthop
                0x000000000000b186       0x46 contiki-sky.a(rpl.o)
                0x000000000000b186                rpl_remove_routes_by_nexthop
 .text.rpl_add_route
                0x000000000000b1cc       0x46 contiki-sky.a(rpl.o)
                0x000000000000b1cc                rpl_add_route
 .text.rpl_link_neighbor_callback
                0x000000000000b212       0x4c contiki-sky.a(rpl.o)
                0x000000000000b212                rpl_link_neighbor_callback
 .text.rpl_ipv6_neighbor_callback
                0x000000000000b25e       0x1e contiki-sky.a(rpl.o)
                0x000000000000b25e                rpl_ipv6_neighbor_callback
 .text.rpl_purge_dags
                0x000000000000b27c       0x6e contiki-sky.a(rpl.o)
                0x000000000000b27c                rpl_purge_dags
 .text.rpl_init
                0x000000000000b2ea       0x44 contiki-sky.a(rpl.o)
                0x000000000000b2ea                rpl_init
 .text.reset    0x000000000000b32e        0x2 contiki-sky.a(rpl-mrhof.o)
 .text.update_metric_container
                0x000000000000b330        0x6 contiki-sky.a(rpl-mrhof.o)
 .text.parent_link_metric
                0x000000000000b336       0x10 contiki-sky.a(rpl-mrhof.o)
 .text.parent_has_usable_link
                0x000000000000b346       0x14 contiki-sky.a(rpl-mrhof.o)
 .text.best_dag
                0x000000000000b35a       0x34 contiki-sky.a(rpl-mrhof.o)
 .text.parent_path_cost
                0x000000000000b38e       0x44 contiki-sky.a(rpl-mrhof.o)
 .text.parent_is_acceptable
                0x000000000000b3d2       0x2a contiki-sky.a(rpl-mrhof.o)
 .text.best_parent
                0x000000000000b3fc       0x88 contiki-sky.a(rpl-mrhof.o)
 .text.rank_via_parent
                0x000000000000b484       0x56 contiki-sky.a(rpl-mrhof.o)
 .text.prepare_for_dao_fwd
                0x000000000000b4da       0x28 contiki-sky.a(rpl-icmp6.o)
 .text.get32    0x000000000000b502       0x46 contiki-sky.a(rpl-icmp6.o)
 .text.set32    0x000000000000b548       0x2a contiki-sky.a(rpl-icmp6.o)
 .text.get16    0x000000000000b572        0xe contiki-sky.a(rpl-icmp6.o)
 .text.set16    0x000000000000b580       0x10 contiki-sky.a(rpl-icmp6.o)
 .text.dao_ack_input
                0x000000000000b590        0xa contiki-sky.a(rpl-icmp6.o)
 .text.dio_input
                0x000000000000b59a      0x2aa contiki-sky.a(rpl-icmp6.o)
 .text.rpl_icmp6_update_nbr_table
                0x000000000000b844       0x30 contiki-sky.a(rpl-icmp6.o)
                0x000000000000b844                rpl_icmp6_update_nbr_table
 .text.dao_input
                0x000000000000b874      0x282 contiki-sky.a(rpl-icmp6.o)
 .text.dis_output
                0x000000000000baf6       0x50 contiki-sky.a(rpl-icmp6.o)
                0x000000000000baf6                dis_output
 .text.dio_output
                0x000000000000bb46      0x276 contiki-sky.a(rpl-icmp6.o)
                0x000000000000bb46                dio_output
 .text.dis_input
                0x000000000000bdbc       0x3e contiki-sky.a(rpl-icmp6.o)
 .text.dao_output_target
                0x000000000000bdfa      0x114 contiki-sky.a(rpl-icmp6.o)
                0x000000000000bdfa                dao_output_target
 .text.dao_output
                0x000000000000bf0e       0xb2 contiki-sky.a(rpl-icmp6.o)
                0x000000000000bf0e                dao_output
 .text.rpl_icmp6_register_handlers
                0x000000000000bfc0       0x22 contiki-sky.a(rpl-icmp6.o)
                0x000000000000bfc0                rpl_icmp6_register_handlers
 .text.send_packet
                0x000000000000bfe2        0x6 contiki-sky.a(nullmac.o)
 .text.packet_input
                0x000000000000bfe8        0x6 contiki-sky.a(nullmac.o)
 .text.on       0x000000000000bfee        0x6 contiki-sky.a(nullmac.o)
 .text.off      0x000000000000bff4        0x6 contiki-sky.a(nullmac.o)
 .text.channel_check_interval
                0x000000000000bffa        0x4 contiki-sky.a(nullmac.o)
 .text.init     0x000000000000bffe        0x2 contiki-sky.a(nullmac.o)
 .text.parse    0x000000000000c000       0xa6 contiki-sky.a(framer-802154.o)
 .text.create_frame.isra.0
                0x000000000000c0a6      0x118 contiki-sky.a(framer-802154.o)
 .text.create   0x000000000000c1be        0x8 contiki-sky.a(framer-802154.o)
 .text.hdr_length
                0x000000000000c1c6        0x8 contiki-sky.a(framer-802154.o)
 .text.frame802154_get_pan_id
                0x000000000000c1ce        0x6 contiki-sky.a(frame802154.o)
                0x000000000000c1ce                frame802154_get_pan_id
 .text.frame802154_has_panid
                0x000000000000c1d4       0x7a contiki-sky.a(frame802154.o)
                0x000000000000c1d4                frame802154_has_panid
 .text.field_len
                0x000000000000c24e       0xb2 contiki-sky.a(frame802154.o)
 .text.frame802154_is_broadcast_addr
                0x000000000000c300       0x24 contiki-sky.a(frame802154.o)
                0x000000000000c300                frame802154_is_broadcast_addr
 .text.frame802154_hdrlen
                0x000000000000c324       0x32 contiki-sky.a(frame802154.o)
                0x000000000000c324                frame802154_hdrlen
 .text.frame802154_create
                0x000000000000c356      0x16a contiki-sky.a(frame802154.o)
                0x000000000000c356                frame802154_create
 .text.frame802154_parse
                0x000000000000c4c0      0x226 contiki-sky.a(frame802154.o)
                0x000000000000c4c0                frame802154_parse
 .text.on       0x000000000000c6e6        0x6 contiki-sky.a(nullrdc.o)
 .text.channel_check_interval
                0x000000000000c6ec        0x4 contiki-sky.a(nullrdc.o)
 .text.init     0x000000000000c6f0        0x6 contiki-sky.a(nullrdc.o)
 .text.send_one_packet
                0x000000000000c6f6       0x6a contiki-sky.a(nullrdc.o)
 .text.send_list
                0x000000000000c760       0x30 contiki-sky.a(nullrdc.o)
 .text.send_packet
                0x000000000000c790        0x6 contiki-sky.a(nullrdc.o)
 .text.off      0x000000000000c796       0x10 contiki-sky.a(nullrdc.o)
 .text.packet_input
                0x000000000000c7a6       0x26 contiki-sky.a(nullrdc.o)
 .text.queuebuf_init
                0x000000000000c7cc       0x12 contiki-sky.a(queuebuf.o)
                0x000000000000c7cc                queuebuf_init
 .text.queuebuf_numfree
                0x000000000000c7de        0xa contiki-sky.a(queuebuf.o)
                0x000000000000c7de                queuebuf_numfree
 .text.queuebuf_new_from_packetbuf
                0x000000000000c7e8       0x52 contiki-sky.a(queuebuf.o)
                0x000000000000c7e8                queuebuf_new_from_packetbuf
 .text.queuebuf_free
                0x000000000000c83a       0x2a contiki-sky.a(queuebuf.o)
                0x000000000000c83a                queuebuf_free
 .text.queuebuf_to_packetbuf
                0x000000000000c864       0x32 contiki-sky.a(queuebuf.o)
                0x000000000000c864                queuebuf_to_packetbuf
 .text.index_from_key
                0x000000000000c896       0x48 contiki-sky.a(nbr-table.o)
 .text.item_from_key
                0x000000000000c8de       0x34 contiki-sky.a(nbr-table.o)
 .text.nbr_set_bit
                0x000000000000c912       0x8e contiki-sky.a(nbr-table.o)
 .text.index_from_lladdr
                0x000000000000c9a0       0x42 contiki-sky.a(nbr-table.o)
 .text.nbr_get_bit.constprop.0
                0x000000000000c9e2       0x62 contiki-sky.a(nbr-table.o)
 .text.remove_key
                0x000000000000ca44       0x60 contiki-sky.a(nbr-table.o)
 .text.nbr_table_register
                0x000000000000caa4       0x28 contiki-sky.a(nbr-table.o)
                0x000000000000caa4                nbr_table_register
 .text.nbr_table_next
                0x000000000000cacc       0x90 contiki-sky.a(nbr-table.o)
                0x000000000000cacc                nbr_table_next
 .text.nbr_table_head
                0x000000000000cb5c       0x36 contiki-sky.a(nbr-table.o)
                0x000000000000cb5c                nbr_table_head
 .text.nbr_table_add_lladdr
                0x000000000000cb92      0x136 contiki-sky.a(nbr-table.o)
                0x000000000000cb92                nbr_table_add_lladdr
 .text.nbr_table_get_from_lladdr
                0x000000000000ccc8       0x48 contiki-sky.a(nbr-table.o)
                0x000000000000ccc8                nbr_table_get_from_lladdr
 .text.nbr_table_remove
                0x000000000000cd10       0x32 contiki-sky.a(nbr-table.o)
                0x000000000000cd10                nbr_table_remove
 .text.nbr_table_lock
                0x000000000000cd42       0x10 contiki-sky.a(nbr-table.o)
                0x000000000000cd42                nbr_table_lock
 .text.nbr_table_unlock
                0x000000000000cd52       0x10 contiki-sky.a(nbr-table.o)
                0x000000000000cd52                nbr_table_unlock
 .text.nbr_table_get_lladdr
                0x000000000000cd62       0x5a contiki-sky.a(nbr-table.o)
                0x000000000000cd62                nbr_table_get_lladdr
 .text.packetbuf_hdrreduce
                0x000000000000cdbc       0x1a contiki-sky.a(packetbuf.o)
                0x000000000000cdbc                packetbuf_hdrreduce
 .text.packetbuf_set_datalen
                0x000000000000cdd6        0x6 contiki-sky.a(packetbuf.o)
                0x000000000000cdd6                packetbuf_set_datalen
 .text.packetbuf_hdrptr
                0x000000000000cddc        0x6 contiki-sky.a(packetbuf.o)
                0x000000000000cddc                packetbuf_hdrptr
 .text.packetbuf_datalen
                0x000000000000cde2        0x6 contiki-sky.a(packetbuf.o)
                0x000000000000cde2                packetbuf_datalen
 .text.packetbuf_hdrlen
                0x000000000000cde8        0xa contiki-sky.a(packetbuf.o)
                0x000000000000cde8                packetbuf_hdrlen
 .text.packetbuf_dataptr
                0x000000000000cdf2        0xc contiki-sky.a(packetbuf.o)
                0x000000000000cdf2                packetbuf_dataptr
 .text.packetbuf_copyto
                0x000000000000cdfe       0x46 contiki-sky.a(packetbuf.o)
                0x000000000000cdfe                packetbuf_copyto
 .text.packetbuf_totlen
                0x000000000000ce44        0xc contiki-sky.a(packetbuf.o)
                0x000000000000ce44                packetbuf_totlen
 .text.packetbuf_hdralloc
                0x000000000000ce50       0x3a contiki-sky.a(packetbuf.o)
                0x000000000000ce50                packetbuf_hdralloc
 .text.packetbuf_attr_clear
                0x000000000000ce8a       0x28 contiki-sky.a(packetbuf.o)
                0x000000000000ce8a                packetbuf_attr_clear
 .text.packetbuf_clear
                0x000000000000ceb2       0x12 contiki-sky.a(packetbuf.o)
                0x000000000000ceb2                packetbuf_clear
 .text.packetbuf_copyfrom
                0x000000000000cec4       0x2e contiki-sky.a(packetbuf.o)
                0x000000000000cec4                packetbuf_copyfrom
 .text.packetbuf_attr_copyto
                0x000000000000cef2       0x22 contiki-sky.a(packetbuf.o)
                0x000000000000cef2                packetbuf_attr_copyto
 .text.packetbuf_attr_copyfrom
                0x000000000000cf14       0x24 contiki-sky.a(packetbuf.o)
                0x000000000000cf14                packetbuf_attr_copyfrom
 .text.packetbuf_holds_broadcast
                0x000000000000cf38        0xe contiki-sky.a(packetbuf.o)
                0x000000000000cf38                packetbuf_holds_broadcast
 .text.linkaddr_copy
                0x000000000000cf46        0x8 contiki-sky.a(linkaddr.o)
                0x000000000000cf46                linkaddr_copy
 .text.linkaddr_cmp
                0x000000000000cf4e       0x12 contiki-sky.a(linkaddr.o)
                0x000000000000cf4e                linkaddr_cmp
 .text.linkaddr_set_node_addr
                0x000000000000cf60        0xc contiki-sky.a(linkaddr.o)
                0x000000000000cf60                linkaddr_set_node_addr
 .text.periodic
                0x000000000000cf6c       0x28 contiki-sky.a(link-stats.o)
 .text.link_stats_from_lladdr
                0x000000000000cf94        0xc contiki-sky.a(link-stats.o)
                0x000000000000cf94                link_stats_from_lladdr
 .text.link_stats_is_fresh
                0x000000000000cfa0       0x30 contiki-sky.a(link-stats.o)
                0x000000000000cfa0                link_stats_is_fresh
 .text.link_stats_packet_sent
                0x000000000000cfd0       0xda contiki-sky.a(link-stats.o)
                0x000000000000cfd0                link_stats_packet_sent
 .text.link_stats_input_callback
                0x000000000000d0aa       0xbc contiki-sky.a(link-stats.o)
                0x000000000000d0aa                link_stats_input_callback
 .text.link_stats_init
                0x000000000000d166       0x22 contiki-sky.a(link-stats.o)
                0x000000000000d166                link_stats_init
 .text.init     0x000000000000d188        0x2 contiki-sky.a(nullsec.o)
 .text.send     0x000000000000d18a        0xa contiki-sky.a(nullsec.o)
 .text.input    0x000000000000d194        0x6 contiki-sky.a(nullsec.o)
 .text.spi_init
                0x000000000000d19a       0x32 contiki-sky.a(spi.o)
                0x000000000000d19a                spi_init
 .text.stimer_set
                0x000000000000d1cc       0x1c contiki-sky.a(stimer.o)
                0x000000000000d1cc                stimer_set
 .text.stimer_expired
                0x000000000000d1e8       0x30 contiki-sky.a(stimer.o)
                0x000000000000d1e8                stimer_expired
 .text.memb_init
                0x000000000000d218       0x36 contiki-sky.a(memb.o)
                0x000000000000d218                memb_init
 .text.memb_alloc
                0x000000000000d24e       0x3e contiki-sky.a(memb.o)
                0x000000000000d24e                memb_alloc
 .text.memb_free
                0x000000000000d28c       0x3a contiki-sky.a(memb.o)
                0x000000000000d28c                memb_free
 .text.memb_inmemb
                0x000000000000d2c6       0x2e contiki-sky.a(memb.o)
                0x000000000000d2c6                memb_inmemb
 .text.memb_numfree
                0x000000000000d2f4       0x26 contiki-sky.a(memb.o)
                0x000000000000d2f4                memb_numfree
 .text.echo_reply_input
                0x000000000000d31a       0xb2 contiki-sky.a(uip-icmp6.o)
 .text.echo_request_input
                0x000000000000d3cc       0xca contiki-sky.a(uip-icmp6.o)
 .text.uip_icmp6_input
                0x000000000000d496       0x44 contiki-sky.a(uip-icmp6.o)
                0x000000000000d496                uip_icmp6_input
 .text.uip_icmp6_register_input_handler
                0x000000000000d4da        0xc contiki-sky.a(uip-icmp6.o)
                0x000000000000d4da                uip_icmp6_register_input_handler
 .text.uip_icmp6_error_output
                0x000000000000d4e6      0x17c contiki-sky.a(uip-icmp6.o)
                0x000000000000d4e6                uip_icmp6_error_output
 .text.uip_icmp6_send
                0x000000000000d662       0x96 contiki-sky.a(uip-icmp6.o)
                0x000000000000d662                uip_icmp6_send
 .text.uip_icmp6_init
                0x000000000000d6f8       0x12 contiki-sky.a(uip-icmp6.o)
                0x000000000000d6f8                uip_icmp6_init
 .text.update_nbr
                0x000000000000d70a       0xea contiki-sky.a(rpl-nbr-policy.)
 .text.handle_periodic_timer
                0x000000000000d7f4        0xe contiki-sky.a(rpl-nbr-policy.)
 .text.find_removable_dis
                0x000000000000d802       0x16 contiki-sky.a(rpl-nbr-policy.)
                0x000000000000d802                find_removable_dis
 .text.find_removable_dio
                0x000000000000d818       0x3e contiki-sky.a(rpl-nbr-policy.)
                0x000000000000d818                find_removable_dio
 .text.find_removable_dao
                0x000000000000d856       0x34 contiki-sky.a(rpl-nbr-policy.)
                0x000000000000d856                find_removable_dao
 .text.rpl_nbr_policy_find_removable
                0x000000000000d88a       0x30 contiki-sky.a(rpl-nbr-policy.)
                0x000000000000d88a                rpl_nbr_policy_find_removable
 .text.mac_call_sent_callback
                0x000000000000d8ba       0x14 contiki-sky.a(mac.o)
                0x000000000000d8ba                mac_call_sent_callback
 .text.libgcc   0x000000000000d8ce       0x2c /usr/lib/gcc/msp430/4.6.3/mmpy-16/libgcc.a(_mulsi3.o)
                0x000000000000d8ce                __mulsi3
 .text.libgcc   0x000000000000d8fa       0x22 /usr/lib/gcc/msp430/4.6.3/mmpy-16/libgcc.a(_udivmod16.o)
                0x000000000000d8fa                __udivhi3
                0x000000000000d8fa                __ext_udivmod16
                0x000000000000d914                __umodhi3
 .text.libgcc   0x000000000000d91c       0x3a /usr/lib/gcc/msp430/4.6.3/mmpy-16/libgcc.a(_divmod16.o)
                0x000000000000d91c                __ext_divmod16
                0x000000000000d91c                __divhi3
                0x000000000000d94e                __modhi3
 .text.libgcc   0x000000000000d956       0x40 /usr/lib/gcc/msp430/4.6.3/mmpy-16/libgcc.a(_udivmod32.o)
                0x000000000000d956                __udivsi3
                0x000000000000d956                __ext_udivmod32
                0x000000000000d98c                __umodsi3
 .text.libgcc   0x000000000000d996       0x4c /usr/lib/gcc/msp430/4.6.3/mmpy-16/libgcc.a(_divmod32.o)
                0x000000000000d996                __ext_divmod32
                0x000000000000d996                __divsi3
                0x000000000000d9d8                __modsi3
 .text          0x000000000000d9e2       0x20 /usr/lib/gcc/msp430/4.6.3/../../../../msp430/lib/mmpy-16/libc.a(memcmp.o)
                0x000000000000d9e2                memcmp
 .text          0x000000000000da02       0xfa /usr/lib/gcc/msp430/4.6.3/../../../../msp430/lib/mmpy-16/libc.a(memcpy.o)
                0x000000000000da02                memcpy
 .text          0x000000000000dafc       0xfa /usr/lib/gcc/msp430/4.6.3/../../../../msp430/lib/mmpy-16/libc.a(memmove.o)
                0x000000000000dafc                memmove
 .text          0x000000000000dbf6       0x6a /usr/lib/gcc/msp430/4.6.3/../../../../msp430/lib/mmpy-16/libc.a(memset.o)
                0x000000000000dbf6                memset
 .text          0x000000000000dc60       0x1e /usr/lib/gcc/msp430/4.6.3/../../../../msp430/lib/mmpy-16/libc.a(printf.o)
                0x000000000000dc60                printf
                0x000000000000dc70                vprintf
 .text          0x000000000000dc7e      0x836 /usr/lib/gcc/msp430/4.6.3/../../../../msp430/lib/mmpy-16/libc.a(vuprintf.o)
                0x000000000000de16                vuprintf
 .text          0x000000000000e4b4       0x2c /usr/lib/gcc/msp430/4.6.3/../../../../msp430/lib/mmpy-16/libc.a(puts.o)
                0x000000000000e4b4                puts
 .text          0x000000000000e4e0       0x54 /usr/lib/gcc/msp430/4.6.3/../../../../msp430/lib/mmpy-16/libc.a(rand.o)
                0x000000000000e4e0                rand_r
                0x000000000000e504                rand
                0x000000000000e52a                srand
 .text.libgcc   0x000000000000e534       0xf0 /usr/lib/gcc/msp430/4.6.3/mmpy-16/libgcc.a(_udivmod64.o)
                0x000000000000e534                __xabi_udivmod64
                0x000000000000e592                __udivdi3
                0x000000000000e5b8                __umoddi3
                0x000000000000e5e6                __udivmoddi4
 .text.crt0     0x000000000000e624        0x2 /usr/lib/gcc/msp430/4.6.3/mmpy-16/libcrt0.a(_unexpected_.o)
                0x000000000000e624                _unexpected_
                0x000000000000e626                . = ALIGN (0x2)

.rodata         0x000000000000e626      0x332
                0x000000000000e626                . = ALIGN (0x2)
 *(.rodata .rodata.* .gnu.linkonce.r.*)
 .rodata        0x000000000000e626       0x90 nes-channel-selection-coordinator.co
                0x000000000000e6a0                autostart_processes
 .rodata        0x000000000000e6b6      0x12e obj_sky/contiki-sky-main.o
 .rodata        0x000000000000e7e4       0x10 contiki-sky.a(button-sensor.o)
                0x000000000000e7ec                button_sensor
 .rodata        0x000000000000e7f4        0x8 contiki-sky.a(sensors.o)
 .rodata        0x000000000000e7fc       0x70 contiki-sky.a(cc2420.o)
                0x000000000000e82e                cc2420_aes_128_driver
                0x000000000000e832                cc2420_driver
 .rodata        0x000000000000e86c        0xf contiki-sky.a(ctimer.o)
 .rodata        0x000000000000e87b        0xc contiki-sky.a(etimer.o)
 *fill*         0x000000000000e887        0x1 00
 .rodata        0x000000000000e888       0x20 contiki-sky.a(uip6.o)
 .rodata        0x000000000000e8a8       0x24 contiki-sky.a(sicslowpan.o)
                0x000000000000e8b4                sicslowpan_driver
                0x000000000000e8ba                llprefix
                0x000000000000e8bc                unc_mxconf
                0x000000000000e8c0                unc_ctxconf
                0x000000000000e8c4                unc_llconf
 .rodata        0x000000000000e8cc       0x28 contiki-sky.a(uip-debug.o)
 .rodata        0x000000000000e8f4        0xd contiki-sky.a(tcpip.o)
 *fill*         0x000000000000e901        0x1 00
 .rodata        0x000000000000e902       0x16 contiki-sky.a(nullmac.o)
                0x000000000000e90a                nullmac_driver
 .rodata        0x000000000000e918        0x6 contiki-sky.a(framer-802154.o)
                0x000000000000e918                framer_802154
 .rodata        0x000000000000e91e        0x2 contiki-sky.a(frame802154.o)
 .rodata        0x000000000000e920       0x18 contiki-sky.a(nullrdc.o)
                0x000000000000e928                nullrdc_driver
 .rodata        0x000000000000e938        0x8 contiki-sky.a(linkaddr.o)
                0x000000000000e938                linkaddr_null
 .rodata        0x000000000000e940       0x10 contiki-sky.a(nullsec.o)
                0x000000000000e948                nullsec_driver
 .rodata        0x000000000000e950        0x7 /usr/lib/gcc/msp430/4.6.3/../../../../msp430/lib/mmpy-16/libc.a(vuprintf.o)
                0x000000000000e958                . = ALIGN (0x2)
 *fill*         0x000000000000e957        0x1 00
                0x000000000000e958                _etext = .

.data           0x0000000000001100       0xda load address 0x000000000000e958
                0x0000000000001100                . = ALIGN (0x2)
                0x0000000000001100                PROVIDE (__data_start, .)
 *(.data .data.* .gnu.linkonce.d.*)
 .data          0x0000000000001100        0xc nes-channel-selection-coordinator.co
                0x0000000000001100                channel_selector
                0x000000000000110a                currentChannel
 .data          0x000000000000110c        0x4 contiki-sky.a(contiki-sky-pla)
                0x000000000000110c                sensors
 .data          0x0000000000001110        0xa contiki-sky.a(sensors.o)
                0x0000000000001110                sensors_process
 .data          0x000000000000111a        0xc contiki-sky.a(cc2420.o)
                0x000000000000111a                cc2420_process
 .data          0x0000000000001126        0x2 contiki-sky.a(msp430.o)
 .data          0x0000000000001128        0xa contiki-sky.a(ctimer.o)
                0x0000000000001128                ctimer_process
 .data          0x0000000000001132        0xa contiki-sky.a(etimer.o)
                0x0000000000001132                etimer_process
 .data          0x000000000000113c       0x22 contiki-sky.a(uip-ds6-route.o)
                0x000000000000113c                nbr_routes
 .data          0x000000000000115e        0xa contiki-sky.a(uip-ds6-nbr.o)
                0x000000000000115e                ds6_neighbors
 .data          0x0000000000001168        0xa contiki-sky.a(tcpip.o)
                0x0000000000001168                tcpip_process
 .data          0x0000000000001172        0xa contiki-sky.a(rpl-dag.o)
                0x0000000000001172                rpl_parents
 .data          0x000000000000117c       0x12 contiki-sky.a(rpl-mrhof.o)
                0x000000000000117c                rpl_mrhof
 .data          0x000000000000118e       0x1a contiki-sky.a(rpl-icmp6.o)
 .data          0x00000000000011a8        0x2 contiki-sky.a(frame802154.o)
 .data          0x00000000000011aa       0x10 contiki-sky.a(queuebuf.o)
 .data          0x00000000000011ba        0x8 contiki-sky.a(nbr-table.o)
 .data          0x00000000000011c2        0x8 contiki-sky.a(link-stats.o)
 .data          0x00000000000011ca        0xc contiki-sky.a(uip-icmp6.o)
 .data          0x00000000000011d6        0x4 /usr/lib/gcc/msp430/4.6.3/../../../../msp430/lib/mmpy-16/libc.a(rand.o)
                0x00000000000011da                . = ALIGN (0x2)
                0x00000000000011da                _edata = .
                0x000000000000e958                PROVIDE (__data_load_start, LOADADDR (.data))
                0x00000000000000da                PROVIDE (__data_size, SIZEOF (.data))

.bss            0x00000000000011da     0x1ad6 load address 0x000000000000ea32
                0x00000000000011da                PROVIDE (__bss_start, .)
 *(.bss .bss.*)
 .bss           0x00000000000011da        0xc nes-channel-selection-coordinator.co
 .bss           0x00000000000011e6        0xc obj_sky/contiki-sky-main.o
 .bss           0x00000000000011f2        0x8 contiki-sky.a(button-sensor.o)
 .bss           0x00000000000011fa        0x2 contiki-sky.a(node-id.o)
                0x00000000000011fa                node_id
 .bss           0x00000000000011fc        0x6 contiki-sky.a(sensors.o)
 .bss           0x0000000000001202        0xa contiki-sky.a(cc2420.o)
 .bss           0x000000000000120c       0x9a contiki-sky.a(uart1.o)
 .bss           0x00000000000012a6        0xa contiki-sky.a(clock.o)
 .bss           0x00000000000012b0        0x1 contiki-sky.a(leds.o)
 *fill*         0x00000000000012b1        0x1 00
 .bss           0x00000000000012b2        0x2 contiki-sky.a(watchdog.o)
 .bss           0x00000000000012b4        0x4 contiki-sky.a(ctimer.o)
 .bss           0x00000000000012b8        0x6 contiki-sky.a(etimer.o)
 .bss           0x00000000000012be       0x38 contiki-sky.a(process.o)
                0x00000000000012be                process_current
                0x00000000000012c0                process_list
 .bss           0x00000000000012f6        0x2 contiki-sky.a(rtimer.o)
 .bss           0x00000000000012f8       0x18 contiki-sky.a(uip-ds6.o)
 .bss           0x0000000000001310      0x2e2 contiki-sky.a(uip-ds6-route.o)
 .bss           0x00000000000015f2        0xc contiki-sky.a(uip6.o)
                0x00000000000015f2                uip_ext_opt_offset
                0x00000000000015f4                uip_ext_len
                0x00000000000015f6                uip_ext_bitmap
 .bss           0x00000000000015fe      0x120 contiki-sky.a(uip-ds6-nbr.o)
 .bss           0x000000000000171e      0x6e6 contiki-sky.a(sicslowpan.o)
 .bss           0x0000000000001e04       0x30 contiki-sky.a(tcpip.o)
 .bss           0x0000000000001e34       0x60 contiki-sky.a(rpl-dag.o)
 .bss           0x0000000000001e94       0x18 contiki-sky.a(rpl-timers.o)
 .bss           0x0000000000001eac        0x2 contiki-sky.a(rpl.o)
 .bss           0x0000000000001eae        0x2 contiki-sky.a(framer-802154.o)
 .bss           0x0000000000001eb0      0x5a0 contiki-sky.a(queuebuf.o)
 .bss           0x0000000000002450       0xe4 contiki-sky.a(nbr-table.o)
 .bss           0x0000000000002534       0x86 contiki-sky.a(packetbuf.o)
 .bss           0x00000000000025ba       0xa0 contiki-sky.a(link-stats.o)
 .bss           0x000000000000265a       0x14 contiki-sky.a(uip-icmp6.o)
 .bss           0x000000000000266e       0x20 contiki-sky.a(rpl-nbr-policy.)
 *(COMMON)
 COMMON         0x000000000000268e        0x2 contiki-sky.a(contiki-sky-pla)
                0x000000000000268e                sensors_flags
 COMMON         0x0000000000002690        0x8 contiki-sky.a(ds2411.o)
                0x0000000000002690                ds2411_id
 COMMON         0x0000000000002698        0x1 contiki-sky.a(sensors.o)
                0x0000000000002698                sensors_event
 *fill*         0x0000000000002699        0x1 00
 COMMON         0x000000000000269a       0x10 contiki-sky.a(cc2420.o)
                0x000000000000269a                cc2420_last_rssi
                0x000000000000269c                cc2420_sfd_start_time
                0x000000000000269e                cc2420_time_of_departure
                0x00000000000026a0                cc2420_time_of_arrival
                0x00000000000026a2                cc2420_last_correlation
                0x00000000000026a4                cc2420_authority_level_of_sender
                0x00000000000026a6                cc2420_sfd_counter
                0x00000000000026a8                cc2420_sfd_end_time
 COMMON         0x00000000000026aa        0x2 contiki-sky.a(msp430.o)
                0x00000000000026aa                msp430_dco_required
 COMMON         0x00000000000026ac       0x56 contiki-sky.a(energest.o)
                0x00000000000026ac                energest_total_time
                0x00000000000026dc                energest_total_count
                0x00000000000026de                energest_current_mode
                0x00000000000026ea                energest_current_time
 COMMON         0x0000000000002702        0x1 contiki-sky.a(process.o)
                0x0000000000002702                process_maxevents
 *fill*         0x0000000000002703        0x1 00
 COMMON         0x0000000000002704      0x15c contiki-sky.a(uip-ds6.o)
                0x0000000000002704                uip_ds6_timer_ra
                0x000000000000270c                uip_ds6_if
                0x00000000000027f8                uip_ds6_netif_addr_list_offset
                0x00000000000027f9                uip_ds6_addr_size
                0x00000000000027fa                uip_ds6_prefix_list
                0x0000000000002854                uip_ds6_timer_periodic
 COMMON         0x0000000000002860      0x304 contiki-sky.a(uip6.o)
                0x0000000000002860                uip_len
                0x0000000000002862                uip_sappdata
                0x0000000000002864                uip_acc32
                0x0000000000002868                uip_lladdr
                0x0000000000002870                uip_aligned_buf
                0x0000000000002960                uip_flags
                0x0000000000002962                uip_next_hdr
                0x0000000000002964                uip_udp_conn
                0x0000000000002966                uip_appdata
                0x0000000000002968                uip_conn
                0x000000000000296a                uip_conns
                0x0000000000002a1a                uip_listenports
                0x0000000000002a2a                uip_slen
                0x0000000000002a2c                uip_udp_conns
 COMMON         0x0000000000002b64        0x1 contiki-sky.a(tcpip.o)
                0x0000000000002b64                tcpip_event
 *fill*         0x0000000000002b65        0x1 00
 COMMON         0x0000000000002b66      0x100 contiki-sky.a(rpl-dag.o)
                0x0000000000002b66                default_instance
                0x0000000000002b68                instance_table
 COMMON         0x0000000000002c66       0x2e contiki-sky.a(packetbuf.o)
                0x0000000000002c66                packetbuf_addrs
                0x0000000000002c76                packetbuf_attrs
 COMMON         0x0000000000002c94        0x8 contiki-sky.a(linkaddr.o)
                0x0000000000002c94                linkaddr_node_addr
 COMMON         0x0000000000002c9c       0x14 contiki-sky.a(link-stats.o)
                0x0000000000002c9c                periodic_timer
                0x0000000000002cb0                . = ALIGN (0x2)
                0x0000000000002cb0                PROVIDE (__bss_end, .)
                0x0000000000001ad6                PROVIDE (__bss_size, SIZEOF (.bss))

.noinit         0x0000000000002cb0        0x2 load address 0x000000000000ea32
                0x0000000000002cb0                PROVIDE (__noinit_start, .)
 *(.noinit .noinit.*)
 .noinit.crt0   0x0000000000002cb0        0x2 /usr/lib/gcc/msp430/4.6.3/mmpy-16/libcrt0.a(__watchdog_support.o)
                0x0000000000002cb0                __wdt_clear_value
                0x0000000000002cb2                . = ALIGN (0x2)
                0x0000000000002cb2                PROVIDE (__noinit_end, .)
                0x0000000000002cb2                . = ALIGN (0x2)
                0x0000000000002cb2                _end = .

.infomem        0x0000000000001000        0x0
 *(.infomem)
                0x0000000000001000                . = ALIGN (0x2)
 *(.infomem.*)

.infomemnobits  0x0000000000001000        0x0
 *(.infomemnobits)
                0x0000000000001000                . = ALIGN (0x2)
 *(.infomemnobits.*)

.infoa
 *(.infoa .infoa.*)

.infob
 *(.infob .infob.*)

.infoc
 *(.infoc .infoc.*)

.infod
 *(.infod .infod.*)

.vectors        0x000000000000ffe0       0x20
                0x000000000000ffe0                PROVIDE (__vectors_start, .)
 *(.vectors*)
 .vectors       0x000000000000ffe0       0x20 /usr/lib/gcc/msp430/4.6.3/mmpy-16/crt0ivtbl16.o
                0x000000000000ffe0                __ivtbl_16
                0x0000000000010000                _vectors_end = .

.fartext        0x0000000000000000        0x0
                0x0000000000000000                . = ALIGN (0x2)
 *(.fartext)
                0x0000000000000000                . = ALIGN (0x2)
 *(.fartext.*)
                0x0000000000000000                _efartext = .

.profiler
 *(.profiler)

.stab           0x0000000000000000    0x28314
 *(.stab)
 .stab          0x0000000000000000     0x13a4 nes-channel-selection-coordinator.co
 .stab          0x00000000000013a4     0x1398 obj_sky/contiki-sky-main.o
                                       0x1b30 (size before relaxing)
 .stab          0x000000000000273c      0x264 contiki-sky.a(contiki-sky-pla)
                                        0x5b8 (size before relaxing)
 .stab          0x00000000000029a0      0x468 contiki-sky.a(button-sensor.o)
                                        0x7d4 (size before relaxing)
 .stab          0x0000000000002e08      0x624 contiki-sky.a(ds2411.o)
                                        0xb40 (size before relaxing)
 .stab          0x000000000000342c      0xa38 contiki-sky.a(xmem.o)
                                        0xf60 (size before relaxing)
 .stab          0x0000000000003e64      0x2b8 contiki-sky.a(node-id.o)
                                        0x4e0 (size before relaxing)
 .stab          0x000000000000411c      0x654 contiki-sky.a(sensors.o)
                                        0xb70 (size before relaxing)
 .stab          0x0000000000004770     0x288c contiki-sky.a(cc2420.o)
                                       0x2fe8 (size before relaxing)
 .stab          0x0000000000006ffc      0xd44 contiki-sky.a(cc2420-arch.o)
                                       0x1734 (size before relaxing)
 .stab          0x0000000000007d40      0x60c contiki-sky.a(uart1.o)
                                        0x960 (size before relaxing)
 .stab          0x000000000000834c      0x234 contiki-sky.a(uart1-putchar.o)
                                        0x588 (size before relaxing)
 .stab          0x0000000000008580      0x744 contiki-sky.a(msp430.o)
                                        0xa98 (size before relaxing)
 .stab          0x0000000000008cc4      0x948 contiki-sky.a(clock.o)
                                        0xc9c (size before relaxing)
 .stab          0x000000000000960c      0x5dc contiki-sky.a(leds.o)
                                        0x828 (size before relaxing)
 .stab          0x0000000000009be8      0x3a8 contiki-sky.a(leds-arch.o)
                                        0x6fc (size before relaxing)
 .stab          0x0000000000009f90      0x3fc contiki-sky.a(watchdog.o)
                                        0x750 (size before relaxing)
 .stab          0x000000000000a38c      0x3cc contiki-sky.a(rtimer-arch.o)
                                        0x720 (size before relaxing)
 .stab          0x000000000000a758      0x294 contiki-sky.a(autostart.o)
                                        0x534 (size before relaxing)
 .stab          0x000000000000a9ec      0x474 contiki-sky.a(energest.o)
                                        0x6fc (size before relaxing)
 .stab          0x000000000000ae60      0x858 contiki-sky.a(ctimer.o)
                                        0xbc4 (size before relaxing)
 .stab          0x000000000000b6b8      0xabc contiki-sky.a(etimer.o)
                                        0xd8c (size before relaxing)
 .stab          0x000000000000c174      0xba0 contiki-sky.a(process.o)
                                       0x1038 (size before relaxing)
 .stab          0x000000000000cd14      0x3d8 contiki-sky.a(rtimer.o)
                                        0x6c0 (size before relaxing)
 .stab          0x000000000000d0ec      0x354 contiki-sky.a(timer.o)
                                        0x594 (size before relaxing)
 .stab          0x000000000000d440      0x7f8 contiki-sky.a(list.o)
                                        0x804 (size before relaxing)
 .stab          0x000000000000dc38      0x24c contiki-sky.a(random.o)
                                        0x624 (size before relaxing)
 .stab          0x000000000000de84     0x14f4 contiki-sky.a(uip-ds6.o)
                                       0x210c (size before relaxing)
 .stab          0x000000000000f378     0x132c contiki-sky.a(uip-ds6-route.o)
                                       0x1f44 (size before relaxing)
 .stab          0x00000000000106a4     0x2a54 contiki-sky.a(uip6.o)
                                       0x3750 (size before relaxing)
 .stab          0x00000000000130f8      0xa08 contiki-sky.a(uip-ds6-nbr.o)
                                       0x15a8 (size before relaxing)
 .stab          0x0000000000013b00      0x5a0 contiki-sky.a(uip-nd6.o)
                                       0x120c (size before relaxing)
 .stab          0x00000000000140a0     0x28f8 contiki-sky.a(sicslowpan.o)
                                       0x3300 (size before relaxing)
 .stab          0x0000000000016998      0x3d8 contiki-sky.a(uip-debug.o)
                                        0xbac (size before relaxing)
 .stab          0x0000000000016d70     0x14c4 contiki-sky.a(tcpip.o)
                                       0x2700 (size before relaxing)
 .stab          0x0000000000018234     0x36d8 contiki-sky.a(rpl-dag.o)
                                       0x438c (size before relaxing)
 .stab          0x000000000001b90c      0xfc0 contiki-sky.a(rpl-timers.o)
                                       0x1d94 (size before relaxing)